******************************************************************************
            TI ARM Clang Linker PC v4.0.3                      
******************************************************************************
>> Linked Tue Jun 17 16:07:08 2025

OUTPUT FILE NAME:   <FallDetection.out>
ENTRY POINT SYMBOL: "_c_int00"  address: 0046d7d3


MEMORY CONFIGURATION

         name            origin    length      used     unused   attr    fill
----------------------  --------  ---------  --------  --------  ----  --------
  M4F_VECS              00400000   00000200  00000140  000000c0  RWIX
  M4F_RAM12             00400200   00057e00  00057e00  00000000  RWIX
  M4F_RBL               00458000   00008000  00004000  00004000  RWIX
  M4F_RAM3              00460000   00020000  0001a0dd  00005f23  RWIX
  HWASS_SHM_MEM         60000000   00080000  00068000  00018000  RWIX


SEGMENT ALLOCATION MAP

run origin  load origin   length   init length attrs members
----------  ----------- ---------- ----------- ----- -------
00400000    00400000    00000140   00000140    rw-
  00400000    00400000    00000140   00000140    rw- .vectors
00400200    00400200    0002c600   00000000    rw-
  00400200    00400200    0002c600   00000000    rw- .bss
0042c800    0042c800    0002b800   0002b800    r-x
  0042c800    0042c800    0002b800   0002b800    r-x .text.1
00458000    00458000    00004000   00000000    rw-
  00458000    00458000    00002000   00000000    rw- .stack
  0045a000    0045a000    00002000   00000000    rw- .sysmem
00460000    00460000    000167a8   000167a8    r-x
  00460000    00460000    00011710   00011710    r-x .text.2
  00471710    00471710    00005098   00005098    r-- .rodata
004767a8    004767a8    00003935   00003935    rw-
  004767a8    004767a8    00003935   00003935    rw- .data
60000000    60000000    00068000   00000000    rw-
  60000000    60000000    00068000   00000000    rw- .l3


SECTION ALLOCATION MAP

 output                                  attributes/
section   page    origin      length       input sections
--------  ----  ----------  ----------   ----------------
.vectors   0    00400000    00000140     
                  00400000    00000140     freertos.xwrL64xx.m4f.ti-arm-clang.debug.lib : HwiP_armv7m_handlers_freertos.obj (.vectors)

.bss       0    00400200    0002c600     UNINITIALIZED
                  00400200    00008000     (.common:gDpcTaskStack)
                  00408200    00007000     (.common:gMmwCoreLocMem)
                  0040f200    00006400     (.common:gMmwCoreLocMem2)
                  00415600    00004000     control.xwrL64xx.m4f.ti-arm-clang.debug.lib : mmwave_fullcfg.obj (.bss.gMmwHeapMem)
                  00419600    00004000     (.common:gCliTskStack)
                  0041d600    00004000     (.common:gMainTaskStack)
                  00421600    00002000     (.common:gTlvTaskStack)
                  00423600    000013ec     (.common:distances)
                  004249ec    00001000     freertos.xwrL64xx.m4f.ti-arm-clang.debug.lib : port.obj (.bss.uxIdleTaskStack)
                  004259ec    00000014                                                  : timers.obj (.bss.xActiveTimerList1)
                  00425a00    00001000     (.common:gAdcFileTaskStack)
                  00426a00    00001000     (.common:gPowerTaskStack)
                  00427a00    00001000     (.common:gmmwinitTaskStack)
                  00428a00    00000800     (.common:gMmwCoreLocMem3)
                  00429200    00000400                                                  : port.obj (.bss.uxTimerTaskStack)
                  00429600    00000354     (.common:gCLI)
                  00429954    000002a0     (.common:gMMWave_MCB)
                  00429bf4    00000280     (.common:gHwiCtrl)
                  00429e74    0000021c     ti_drivers_config.o (.bss.gUartObjects)
                  0042a090    000001f4     (.common:doaProcDpuCfg)
                  0042a284    000001f0     (.common:appSceneryParamTable)
                  0042a474    0000000a     (.common:tempStats)
                  0042a47e    00000001     control.xwrL64xx.m4f.ti-arm-clang.debug.lib : mmwave_link_xWRLx4xx.obj (.bss.MMWave_openLink.clpcCalTemp)
                  0042a47f    00000001     (.common:pgVersion)
                  0042a480    000001d8     (.common:guDopProcHeapMem)
                  0042a658    00000028     (.common:intrObj_rangeProc)
                  0042a680    000001cc     datapath_tracker3d.xwrL64xx.m4f.ti-arm-clang.debug.lib : cfarprochwa.obj (.bss.gCfarProcHeapMem)
                  0042a84c    00000194     ti_drivers_config.o (.bss.gQspiObjects)
                  0042a9e0    00000188     (.common:uDopProcDpuCfg)
                  0042ab68    00000014     freertos.xwrL64xx.m4f.ti-arm-clang.debug.lib : timers.obj (.bss.xActiveTimerList2)
                  0042ab7c    00000004     control.xwrL64xx.m4f.ti-arm-clang.debug.lib : mmwave_link_xWRLx4xx.obj (.bss.MMWave_openLink.clpcTxcodes)
                  0042ab80    00000184     datapath_tracker3d.xwrL64xx.m4f.ti-arm-clang.debug.lib : mpdproc.obj (.bss.gMpdProcHeapMem)
                  0042ad04    00000184     (.common:mpdProcDpuCfg)
                  0042ae88    00000038     (.common:gClockCtrl)
                  0042aec0    00000164                                                            : rangeprochwa.obj (.bss.gRangeProcHeapMem)
                  0042b024    00000014     freertos.xwrL64xx.m4f.ti-arm-clang.debug.lib : tasks.obj (.bss.xDelayedTaskList1)
                  0042b038    00000008     libsysbm.a : hostopen.c.obj (.bss.parmbuf)
                  0042b040    00000154     datapath_tracker3d.xwrL64xx.m4f.ti-arm-clang.debug.lib : trackerproc.obj (.bss.gTrackerProcHeapMem)
                  0042b194    00000024     (.common:i2cTransaction)
                  0042b1b8    00000008     (.common:demoEndTime)
                  0042b1c0    00000150                                                            : doaproc.obj (.bss.gDoaProcHeapMem)
                  0042b310    00000140     freertos.xwrL64xx.m4f.ti-arm-clang.debug.lib : tasks.obj (.bss.pxReadyTasksLists)
                  0042b450    0000012c     (.common:Power_contextSave)
                  0042b57c    00000128     (.common:rangeProcDpuCfg)
                  0042b6a4    00000120     libsysbm.a : trgmsg.c.obj (.bss:_CIOBUF_)
                  0042b7c4    00000118     ti_drivers_config.o (.bss.gI2cObjects)
                  0042b8dc    00000100     freertos.xwrL64xx.m4f.ti-arm-clang.debug.lib : timers.obj (.bss.prvCheckForValidListAndQueue.ucStaticTimerQueueStorage)
                  0042b9dc    00000100     (.common:HwaParamsetIntr)
                  0042badc    00000100     (.common:xQueueRegistry)
                  0042bbdc    000000d4     (.common:cfarProcDpuCfg)
                  0042bcb0    000000b0     ti_drivers_config.o (.bss.gEdmaObjects)
                  0042bd60    000000a0     libc.a : defs.c.obj (.bss.__TI_tmpnams)
                  0042be00    00000094     mmwavelink_m4.lib : rl_device.o (.bss.z_FeDriverData)
                  0042be94    0000007c     freertos.xwrL64xx.m4f.ti-arm-clang.debug.lib : port.obj (.bss.xIdleTaskTCB)
                  0042bf10    0000007c                                                  : port.obj (.bss.xTimerTaskTCB)
                  0042bf8c    0000007c     (.common:gAdcFileTaskObj)
                  0042c008    0000007c     (.common:gCliTaskObj)
                  0042c084    0000007c     (.common:gDpcTaskObj)
                  0042c100    0000007c     (.common:gMainTaskObj)
                  0042c17c    0000007c     (.common:gPowerTaskObj)
                  0042c1f8    0000007c     (.common:gTlvTaskObj)
                  0042c274    0000007c     (.common:gmmwinitTaskObj)
                  0042c2f0    00000070     (.common:gHwaObject)
                  0042c360    00000060                                                  : DebugP_freertos.obj (.bss.gDebugLogLockObj)
                  0042c3c0    00000060     (.common:gMmwOsalMutex)
                  0042c420    00000060     (.common:gMmwOsalSem)
                  0042c480    00000048                                                  : timers.obj (.bss.prvCheckForValidListAndQueue.xStaticTimerQueue)
                  0042c4c8    00000048     (.common:gPowerSemObj)
                  0042c510    00000048     (.common:gRovDummyQueue)
                  0042c558    00000048     (.common:gmmwinitObj)
                  0042c5a0    00000040     control.xwrL64xx.m4f.ti-arm-clang.debug.lib : mmwave_fullcfg.obj (.bss.gMmwHeapObj)
                  0042c5e0    00000040     (.common:AppDebugData)
                  0042c620    00000020     (.common:gHwiFrameStartHwiObject)
                  0042c640    00000020     (.common:gTimerHwiObj)
                  0042c660    00000020     (.common:idleHwiObj)
                  0042c680    00000014     freertos.xwrL64xx.m4f.ti-arm-clang.debug.lib : tasks.obj (.bss.xDelayedTaskList2)
                  0042c694    00000014                                                  : tasks.obj (.bss.xPendingReadyList)
                  0042c6a8    00000014                                                  : tasks.obj (.bss.xSuspendedTaskList)
                  0042c6bc    00000014                                                  : tasks.obj (.bss.xTasksWaitingTermination)
                  0042c6d0    00000014     (.common:idleHwiPrms)
                  0042c6e4    00000014     (.common:intrObj_cfarProc)
                  0042c6f8    00000014     (.common:intrObj_doaProc)
                  0042c70c    00000014     (.common:intrObj_uDopProc)
                  0042c720    00000010     (.common:gFlashObject_MX25V1635F)
                  0042c730    00000010     (.common:rxData)
                  0042c740    00000010     datapath_tracker3d.xwrL64xx.m4f.ti-arm-clang.debug.lib : trackerproc.obj (.bss.gTrackerProcDescrpHdlHeapMem)
                  0042c750    00000010     (.common:txData)
                  0042c760    00000008     (.common:demoTimeus)
                  0042c768    00000008     (.common:frmPrdus)
                  0042c770    00000008     (.common:gEdmaHandle)
                  0042c778    00000008     (.common:gMmwDemoFlash)
                  0042c780    00000008     (.common:slpTimeus)
                  0042c788    00000008     (.common:test)
                  0042c790    00000008     (.common:ullIdleTime)
                  0042c798    00000008     (.common:ullSleepTime)
                  0042c7a0    00000004     freertos.xwrL64xx.m4f.ti-arm-clang.debug.lib : timers.obj (.bss.pxCurrentTimerList)
                  0042c7a4    00000004                                                  : tasks.obj (.bss.pxDelayedTaskList)
                  0042c7a8    00000004                                                  : tasks.obj (.bss.pxOverflowDelayedTaskList)
                  0042c7ac    00000004                                                  : timers.obj (.bss.pxOverflowTimerList)
                  0042c7b0    00000004     libc.a : memory.c.obj (.bss.sys_free)
                  0042c7b4    00000004     (.common:gAdcFileTask)
                  0042c7b8    00000004     (.common:gCliTask)
                  0042c7bc    00000004     (.common:gDpcTask)
                  0042c7c0    00000004     (.common:gFlashHandle)
                  0042c7c4    00000004     (.common:gI2cHandle)
                  0042c7c8    00000004     (.common:gMainTask)
                  0042c7cc    00000004     (.common:gPowerSem)
                  0042c7d0    00000004     (.common:gPowerTask)
                  0042c7d4    00000004     (.common:gPreStoredAdcTestBuff)
                  0042c7d8    00000004     (.common:gQspiHandle)
                  0042c7dc    00000004     (.common:gTimerBaseAddr)
                  0042c7e0    00000004     (.common:gTlvTask)
                  0042c7e4    00000004     (.common:gUartHandle)
                  0042c7e8    00000004     (.common:gmmwinit)
                  0042c7ec    00000004     (.common:gmmwinitTask)
                  0042c7f0    00000004     (.common:gpioBaseAddrLed)
                  0042c7f4    00000004     (.common:hwRes)
                  0042c7f8    00000004     (.common:hwaHandle)
                  0042c7fc    00000004     (.common:pinNumLed)

.stack     0    00458000    00002000     UNINITIALIZED
                  00458000    00000004     freertos.xwrL64xx.m4f.ti-arm-clang.debug.lib : boot_armv7m.obj (.stack)
                  00458004    00001ffc     --HOLE--

.sysmem    0    0045a000    00002000     UNINITIALIZED
                  0045a000    00000010     libc.a : memory.c.obj (.sysmem)
                  0045a010    00001ff0     --HOLE--

.l3        0    60000000    00068000     UNINITIALIZED
                  60000000    00068000     motion_detect.o (.l3)

__llvm_prf_cnts 
*          0    00400200    00000000     UNINITIALIZED

__llvm_prf_bits 
*          0    00400200    00000000     UNINITIALIZED

.text.1    0    0042c800    0002b800     
                  0042c800    00001168     motion_detect.o (.text.mmwDemo_TransmitProcessedOutputTask)
                  0042d968    00001158     datapath_tracker3d.xwrL64xx.m4f.ti-arm-clang.debug.lib : cfarprochwa.obj (.text.CFAR_DET_HWA_cfarRangeDoppler_ProcList)
                  0042eac0    00000d88     alg_gtrack3d.xwrL64xx.m4f.ti-arm-clang.debug.lib : gtrack_unit_update.obj (.text.gtrack_unitUpdate)
                  0042f848    00000ca8                                                      : gtrack_create.obj (.text.gtrack_create)
                  004304f0    00000c04     libc.a : _scanfi.c.obj (.text.__TI_scanfi)
                  004310f4    00000bea     datapath_tracker3d.xwrL64xx.m4f.ti-arm-clang.debug.lib : doaproc.obj (.text.doaProc_configHwa)
                  00431cde    00000002     ti_board_config.o (.text.Board_init)
                  00431ce0    00000a80     libc.a : e_pow.c.obj (.text.pow)
                  00432760    00000a30     freertos.xwrL64xx.m4f.ti-arm-clang.debug.lib : printf.obj (.text._vsnprintf)
                  00433190    000009e2     mmw_cli.o (.text.CLI_init)
                  00433b72    00000006     libc.a : atof.c.obj (.text.atof)
                  00433b78    000009d4            : _printfi.c.obj (.text:__TI_printfi)
                  0043454c    000009aa     datapath_tracker3d.xwrL64xx.m4f.ti-arm-clang.debug.lib : udopproc.obj (.text.uDopProc_configHwa)
                  00434ef6    00000002     drivers.xwrL64xx.m4f.ti-arm-clang.debug.lib : hwa.obj (.text.HWA_init)
                  00434ef8    00000970     dpc.o (.text.DPC_Execute)
                  00435868    00000928     dpc.o (.text.CfarProc_configParser)
                  00436190    000008d6     drivers.xwrL64xx.m4f.ti-arm-clang.debug.lib : hwa.obj (.text.HWA_configCommon)
                  00436a66    00000002     freertos.xwrL64xx.m4f.ti-arm-clang.debug.lib : power_xwrLx4xx_freertos.obj (.text.Power_initPolicy)
                  00436a68    000008c8     datapath_tracker3d.xwrL64xx.m4f.ti-arm-clang.debug.lib : cfarprochwa.obj (.text.CFAR_DET_HWA_cfarRange_ProcList)
                  00437330    00000864     ADC_testbuf.o (.text.mmwDemo_adcFileReadTask)
                  00437b94    0000079a     alg_gtrack3d.xwrL64xx.m4f.ti-arm-clang.debug.lib : gtrack_utilities_3d.obj (.text.gtrack_matrixInv)
                  0043832e    00000792     dpc.o (.text.DoaProc_configParser)
                  00438ac0    00000770     dpc.o (.text.uDopProc_configParser)
                  00439230    0000074e     alg_gtrack3d.xwrL64xx.m4f.ti-arm-clang.debug.lib : gtrack_module.obj (.text.gtrack_moduleAllocate)
                  0043997e    00000002     libclang_rt.builtins.a : aeabi_div0.c.obj (.text.__aeabi_ldiv0)
                  00439980    00000724     libc.a : k_rem_pio2.c.obj (.text.__kernel_rem_pio2)
                  0043a0a4    00000004     libsysbm.a : hostexit.c.obj (.text.HOSTexit)
                  0043a0a8    000006f8     datapath_tracker3d.xwrL64xx.m4f.ti-arm-clang.debug.lib : mpdproc.obj (.text.assignPointsToZones)
                  0043a7a0    000006e8                                                            : udopproc.obj (.text.uDopProc_ConfigTriggerHwa)
                  0043ae88    000006ac     drivers.xwrL64xx.m4f.ti-arm-clang.debug.lib : hwa.obj (.text.HWA_configParamSet)
                  0043b534    00000004     control.xwrL64xx.m4f.ti-arm-clang.debug.lib : mmwave_link_xWRLx4xx.obj (.text.MMWave_TimeStamp)
                  0043b538    00000668     alg_gtrack3d.xwrL64xx.m4f.ti-arm-clang.debug.lib : gtrack_unit_score.obj (.text.gtrack_unitScore)
                  0043bba0    00000640     freertos.xwrL64xx.m4f.ti-arm-clang.debug.lib : printf.obj (.text._etoa)
                  0043c1e0    000005ae     datapath_tracker3d.xwrL64xx.m4f.ti-arm-clang.debug.lib : rangeprochwa.obj (.text.rangeProcHWA_ConfigHWA)
                  0043c78e    00000002     libc.a : _lock.c.obj (.text._nop)
                  0043c790    00000594            : e_powf.c.obj (.text.powf)
                  0043cd24    00000004     drivers.xwrL64xx.m4f.ti-arm-clang.debug.lib : prcm.obj (.text.PRCM_asmWfi)
                  0043cd28    00000580     freertos.xwrL64xx.m4f.ti-arm-clang.debug.lib : printf.obj (.text._ftoa)
                  0043d2a8    00000568     control.xwrL64xx.m4f.ti-arm-clang.debug.lib : mmwave_link_common.obj (.text.MMWave_configureProfileChirp)
                  0043d810    00000556     datapath_tracker3d.xwrL64xx.m4f.ti-arm-clang.debug.lib : doaproc.obj (.text.doaProc_configEdma)
                  0043dd66    00000002     power_management.o (.text.power_LPDSentryhook)
                  0043dd68    00000528     libc.a : s_cos.c.obj (.text.cos)
                  0043e290    00000528            : s_sin.c.obj (.text.sin)
                  0043e7b8    00000506     datapath_tracker3d.xwrL64xx.m4f.ti-arm-clang.debug.lib : rangeprochwa.obj (.text.rangeProcHWA_ConfigEDMA_DataOut)
                  0043ecbe    000004f6     dpc.o (.text.RangeProc_configParser)
                  0043f1b4    000004f4     drivers.xwrL64xx.m4f.ti-arm-clang.debug.lib : soc_rcm.obj (.text.SOC_rcmEnablePeripheralClock)
                  0043f6a8    000004e0     datapath_tracker3d.xwrL64xx.m4f.ti-arm-clang.debug.lib : cfarprochwa.obj (.text.CFAR_DET_HWA_cfarRange_ProcList_1tx_1rx)
                  0043fb88    000004ca     freertos.xwrL64xx.m4f.ti-arm-clang.debug.lib : HwiP_armv7m.obj (.text.hwi)
                  00440052    00000488     mmwave_control_config.o (.text.Mmwave_populateDefaultChirpControlCfg)
                  004404da    00000002     freertos.xwrL64xx.m4f.ti-arm-clang.debug.lib : port.obj (.text.vPortConfigTimerForRunTimeStats)
                  004404dc    00000484     alg_gtrack3d.xwrL64xx.m4f.ti-arm-clang.debug.lib : gtrack_utilities.obj (.text.gtrack_computeJacobian)
                  00440960    00000480     drivers.xwrL64xx.m4f.ti-arm-clang.debug.lib : i2c_v0.obj (.text.I2C_primeTransfer)
                  00440de0    00000478     mmw_cli.o (.text.CLI_MMWaveSensorStart)
                  00441258    00000478     dpc.o (.text.DPC_Config)
                  004416d0    00000474     libc.a : strtod.c.obj (.text.strtod)
                  00441b44    00000472     datapath_tracker3d.xwrL64xx.m4f.ti-arm-clang.debug.lib : cfarprochwa.obj (.text.CFAR_DET_HWA_config_HWA)
                  00441fb6    00000002     --HOLE-- [fill = 0]
                  00441fb8    00000470     range_phase_bias_measurement.o (.text.mmwDemo_rangeBiasRxChPhaseMeasure)
                  00442428    00000446     alg_classifier.xwrL64xx.m4f.ti-arm-clang.debug.lib : classifier_layers.obj (.text.conv2_op)
                  0044286e    00000444     dpc.o (.text.MmwDemo_cfgDopplerParamMapping)
                  00442cb2    00000006     alg_classifier.xwrL64xx.m4f.ti-arm-clang.debug.lib : classifier_layers.obj (.text.classifier_bytes_needed)
                  00442cb8    00000428     factory_cal.o (.text.mmwDemo_factoryCal)
                  004430e0    00000418     control.xwrL64xx.m4f.ti-arm-clang.debug.lib : mmwave_link_xWRLx4xx.obj (.text.MMWave_openLink)
                  004434f8    00000418     datapath_tracker3d.xwrL64xx.m4f.ti-arm-clang.debug.lib : mpdproc.obj (.text.stateMachine)
                  00443910    00000416                                                            : dpedma.obj (.text.DPEDMA_configSyncTransfer)
                  00443d26    00000002     --HOLE-- [fill = 0]
                  00443d28    000003e4                                                            : udopproc.obj (.text.DPU_uDopProc_process)
                  0044410c    000003ce                                                            : dpedma.obj (.text.DPEDMA_configSyncAB)
                  004444da    000003aa     freertos.xwrL64xx.m4f.ti-arm-clang.debug.lib : power_xwrLx4xx_freertos.obj (.text.Power_sleepPolicy)
                  00444884    000003aa     datapath_tracker3d.xwrL64xx.m4f.ti-arm-clang.debug.lib : rangeprochwa.obj (.text.rangeProcHWA_ConfigEDMA_evtDecim)
                  00444c2e    00000002     --HOLE-- [fill = 0]
                  00444c30    000003a8                                                            : udopproc.obj (.text.DPU_uDopProc_config)
                  00444fd8    000003a8     alg_gtrack3d.xwrL64xx.m4f.ti-arm-clang.debug.lib : gtrack_step.obj (.text.gtrack_step)
                  00445380    00000396                                                      : gtrack_unit_event.obj (.text.gtrack_unitEvent)
                  00445716    00000388     datapath_tracker3d.xwrL64xx.m4f.ti-arm-clang.debug.lib : dpedma.obj (.text.DPEDMA_configSyncA_singleFrame)
                  00445a9e    00000360     drivers.xwrL64xx.m4f.ti-arm-clang.debug.lib : hwa.obj (.text.HWA_validateParamSetConfig)
                  00445dfe    0000035a                                                 : hwa.obj (.text.HWA_open)
                  00446158    00000358     datapath_tracker3d.xwrL64xx.m4f.ti-arm-clang.debug.lib : trackerproc.obj (.text.DPU_TrackerProc_config)
                  004464b0    00000358     drivers.xwrL64xx.m4f.ti-arm-clang.debug.lib : i2c_v0.obj (.text.I2C_open)
                  00446808    00000348     datapath_tracker3d.xwrL64xx.m4f.ti-arm-clang.debug.lib : rangeprochwa.obj (.text.rangeProcHWA_ConfigEDMA_DataIn)
                  00446b50    0000033c     drivers.xwrL64xx.m4f.ti-arm-clang.debug.lib : i2c_v0.obj (.text.I2C_hwiFxnTarget)
                  00446e8c    00000004                                                 : power_xwrLx4xx.obj (.text.Power_asmWfi)
                  00446e90    00000330     datapath_tracker3d.xwrL64xx.m4f.ti-arm-clang.debug.lib : udopproc.obj (.text.uDopProc_FeatExtraction)
                  004471c0    0000032c     drivers.xwrL64xx.m4f.ti-arm-clang.debug.lib : edma.obj (.text.EDMAInitialize)
                  004474ec    00000318     motion_detect.o (.text.motion_detect)
                  00447804    000002f8     drivers.xwrL64xx.m4f.ti-arm-clang.debug.lib : soc_rcm.obj (.text.SOC_rcmGetClkSrcAndDivValue)
                  00447afc    00000004     libclang_rt.builtins.a : aeabi_memcpy.S.obj (.text.__aeabi_memcpy)
                  00447b00    000002f0     libc.a : e_log10.c.obj (.text.log10)
                  00447df0    000002ec     datapath_tracker3d.xwrL64xx.m4f.ti-arm-clang.debug.lib : trackerproc.obj (.text.DPU_TrackerProc_process)
                  004480dc    000002e6     drivers.xwrL64xx.m4f.ti-arm-clang.debug.lib : qspi_edma.obj (.text.QSPI_edmaTransfer)
                  004483c2    00000006     libc.a : exit.c.obj (.text:abort)
                  004483c8    000002e0     range_phase_bias_measurement.o (.text.mmwDemo_rangeBiasRxChPhaseMeasureConfig)
                  004486a8    000002e0     datapath_tracker3d.xwrL64xx.m4f.ti-arm-clang.debug.lib : udopproc.obj (.text.uDopProc_configEdma_loopBack)
                  00448988    00000018                                                            : cfarprochwa.obj (.text.CFARCAHWADoneIsrCallback)
                  004489a0    000002dc     libc.a : strcmp_t2.S.obj (.text:strcmp)
                  00448c7c    000002ce     drivers.xwrL64xx.m4f.ti-arm-clang.debug.lib : uart_sci_edma.obj (.text.UART_edmaChannelConfig)
                  00448f4a    000002c6     alg_classifier.xwrL64xx.m4f.ti-arm-clang.debug.lib : classifier_layers.obj (.text.conv1_op)
                  00449210    000002c0     power_management.o (.text.powerManagementTask)
                  004494d0    000002b8     libc.a : _printfi.c.obj (.text._pconv_a)
                  00449788    000002b6     drivers.xwrL64xx.m4f.ti-arm-clang.debug.lib : power_xwrLx4xx.obj (.text.Power_Idle3)
                  00449a3e    00000002     --HOLE-- [fill = 0]
                  00449a40    000002b4     alg_gtrack3d.xwrL64xx.m4f.ti-arm-clang.debug.lib : gtrack_unit_create.obj (.text.gtrack_unitCreate)
                  00449cf4    00000004     libc.a : printf.c.obj (.text._outc)
                  00449cf8    000002a8     utils.xwrL64xx.m4f.ti-arm-clang.debug.lib : mathutils.obj (.text.mathUtils_genWindow)
                  00449fa0    0000029c     drivers.xwrL64xx.m4f.ti-arm-clang.debug.lib : i2c_v0.obj (.text.I2C_hwiFxnController)
                  0044a23c    0000029c                                                 : uart_sci.obj (.text.UART_open)
                  0044a4d8    00000274     datapath_tracker3d.xwrL64xx.m4f.ti-arm-clang.debug.lib : doaproc.obj (.text.DPU_DoaProc_config)
                  0044a74c    00000274     board.xwrL64xx.m4f.ti-arm-clang.debug.lib : flash_nor_qspi.obj (.text.Flash_norQspiSetQeBit)
                  0044a9c0    00000270     datapath_tracker3d.xwrL64xx.m4f.ti-arm-clang.debug.lib : rangeprochwa.obj (.text.DPU_RangeProcHWA_config)
                  0044ac30    00000268                                                            : rangeprochwa.obj (.text.rangeProcHWA_ParseConfig)
                  0044ae98    0000025a     drivers.xwrL64xx.m4f.ti-arm-clang.debug.lib : edma.obj (.text.allocResource)
                  0044b0f2    00000254     datapath_tracker3d.xwrL64xx.m4f.ti-arm-clang.debug.lib : udopproc.obj (.text.uDopProc_configEdma)
                  0044b346    0000023e     freertos.xwrL64xx.m4f.ti-arm-clang.debug.lib : MpuP_armv7m.obj (.text.mpu)
                  0044b584    0000023c     drivers.xwrL64xx.m4f.ti-arm-clang.debug.lib : uart_sci.obj (.text.UART_controllerIsr)
                  0044b7c0    0000023c     freertos.xwrL64xx.m4f.ti-arm-clang.debug.lib : printf.obj (.text._ntoa_format)
                  0044b9fc    00000004     libc.a : printf.c.obj (.text._outs)
                  0044ba00    00000238            : _printfi.c.obj (.text._pconv_g)
                  0044bc38    00000232     dpc.o (.text.MmwDemo_calcActiveAntennaGeometry)
                  0044be6a    00000004     libc.a : fseek.c.obj (.text.fseek)
                  0044be6e    00000002     --HOLE-- [fill = 0]
                  0044be70    00000228     mmw_cli.o (.text.CLI_MMWaveChirpCommonCfg)
                  0044c098    00000228     datapath_tracker3d.xwrL64xx.m4f.ti-arm-clang.debug.lib : dbscan.obj (.text.expandCluster)
                  0044c2c0    00000220     alg_gtrack3d.xwrL64xx.m4f.ti-arm-clang.debug.lib : gtrack_utilities.obj (.text.gtrack_cartesian2spherical)
                  0044c4e0    0000020c     alg_featExtract.xwrL64xx.m4f.ti-arm-clang.debug.lib : featExtract_compute.obj (.text.featExtract_compute)
                  0044c6ec    00000202     drivers.xwrL64xx.m4f.ti-arm-clang.debug.lib : power_xwrLx4xx.obj (.text.Power_sleep)
                  0044c8ee    00000002     --HOLE-- [fill = 0]
                  0044c8f0    000001fc     control.xwrL64xx.m4f.ti-arm-clang.debug.lib : mmwave_link_common.obj (.text.MMWave_configureFrame)
                  0044caec    00000004     libsysbm.a : remove.c.obj (.text.remove)
                  0044caf0    000001f8     dpc.o (.text.rangeBiasRxChPhaseMeasure_quadfit)
                  0044cce8    000001f4     board.xwrL64xx.m4f.ti-arm-clang.debug.lib : ina.obj (.text.SensorConfig228)
                  0044cedc    000001f2     control.xwrL64xx.m4f.ti-arm-clang.debug.lib : mmwave_link_common.obj (.text.MMWave_deviceGetVersion)
                  0044d0ce    000001e6     drivers.xwrL64xx.m4f.ti-arm-clang.debug.lib : qspi_edma.obj (.text.QSPI_edmaChannelConfig)
                  0044d2b4    000001e4     alg_gtrack3d.xwrL64xx.m4f.ti-arm-clang.debug.lib : gtrack_unit_update.obj (.text.gtrack_velocityStateHandling)
                  0044d498    000001de     drivers.xwrL64xx.m4f.ti-arm-clang.debug.lib : edma.obj (.text.EDMADeinitialize)
                  0044d676    000001dc                                                 : qspi.obj (.text.QSPI_spiMemMapRead)
                  0044d852    000001d4                                                 : qspi.obj (.text.QSPI_open)
                  0044da26    000001ce     datapath_tracker3d.xwrL64xx.m4f.ti-arm-clang.debug.lib : cfarprochwa.obj (.text.CFAR_DET_HWA_config_EDMA)
                  0044dbf4    000001ca     dpc.o (.text.MpdProc_configParser)
                  0044ddbe    00000002     --HOLE-- [fill = 0]
                  0044ddc0    000001c8     drivers.xwrL64xx.m4f.ti-arm-clang.debug.lib : uart_sci.obj (.text.UART_configInstance)
                  0044df88    000001c8     libc.a : strtoll.c.obj (.text.strtoll)
                  0044e150    000001c4     alg_gtrack3d.xwrL64xx.m4f.ti-arm-clang.debug.lib : gtrack_unit_start.obj (.text.gtrack_unitStart)
                  0044e314    000001c4     libc.a : e_logf.c.obj (.text.logf)
                  0044e4d8    000001c2     datapath_tracker3d.xwrL64xx.m4f.ti-arm-clang.debug.lib : cfarprochwa.obj (.text.DPU_CFARProcHWA_process)
                  0044e69a    000001ba                                                            : udopproc.obj (.text.uDopProc_updateTrackIdFeatures)
                  0044e854    000001b6     mmw_cli.o (.text.CLI_MMWStart)
                  0044ea0a    00000002     --HOLE-- [fill = 0]
                  0044ea0c    000001b6     libclang_rt.builtins.a : adddf3.S.obj (.text.adddf3_subdf3)
                  0044ebc2    000001b4     freertos.xwrL64xx.m4f.ti-arm-clang.debug.lib : HeapP_internal.obj (.text.pvHeapMalloc)
                  0044ed76    000001ae     datapath_tracker3d.xwrL64xx.m4f.ti-arm-clang.debug.lib : dpedma.obj (.text.DPEDMA_configDummyChannel)
                  0044ef24    000001ae                                                            : cfarprochwa.obj (.text.DPU_CFARProcHWA_config)
                  0044f0d2    000001ae     control.xwrL64xx.m4f.ti-arm-clang.debug.lib : mmwave_link_xWRLx4xx.obj (.text.MMWave_initMMWaveLink)
                  0044f280    000001ac     mmw_cli.o (.text.CLI_task)
                  0044f42c    000001aa     drivers.xwrL64xx.m4f.ti-arm-clang.debug.lib : uart_sci_edma.obj (.text.UART_writeDma)
                  0044f5d6    00000002     --HOLE-- [fill = 0]
                  0044f5d8    000001a8                                                 : edma.obj (.text.EDMA_freeResource)
                  0044f780    000001a8                                                 : uart_sci.obj (.text.UART_close)
                  0044f928    000001a8                                                 : uart_sci_edma.obj (.text.UART_readDma)
                  0044fad0    000001a2     datapath_tracker3d.xwrL64xx.m4f.ti-arm-clang.debug.lib : trackerproc.obj (.text.DPU_TrackerProc_CartesianToSpherical)
                  0044fc72    00000006     --HOLE-- [fill = 0]
                  0044fc78    000001a0     mmw_cli.o (.text.CLI_MMWaveChirpTimingCfg)
                  0044fe18    000001a0     datapath_tracker3d.xwrL64xx.m4f.ti-arm-clang.debug.lib : mpdproc.obj (.text.DPU_MpdProc_process)
                  0044ffb8    000001a0     dpc.o (.text.MmwDemo_compressPointCloudList)
                  00450158    000001a0     libc.a : _printfi.c.obj (.text.fcvt)
                  004502f8    0000019e     freertos.xwrL64xx.m4f.ti-arm-clang.debug.lib : queue.obj (.text.xQueueSemaphoreTake)
                  00450496    0000019a     alg_classifier.xwrL64xx.m4f.ti-arm-clang.debug.lib : classifier_create.obj (.text.classifier_create)
                  00450630    00000196     drivers.xwrL64xx.m4f.ti-arm-clang.debug.lib : edma.obj (.text.EDMA_transferCompletionMasterIsrFxn)
                  004507c6    00000194     mmw_cli.o (.text.CLI_MMWaveAdcLogging)
                  0045095a    00000190     drivers.xwrL64xx.m4f.ti-arm-clang.debug.lib : power_xwrLx4xx.obj (.text.Power_init)
                  00450aea    00000190     datapath_tracker3d.xwrL64xx.m4f.ti-arm-clang.debug.lib : doaproc.obj (.text.doaProc_InternalLoop)
                  00450c7a    0000018e     drivers.xwrL64xx.m4f.ti-arm-clang.debug.lib : i2c_v0.obj (.text.I2C_transfer)
                  00450e08    00000188     alg_gtrack3d.xwrL64xx.m4f.ti-arm-clang.debug.lib : gtrack_math.obj (.text.gtrack_calcRotMatZX)
                  00450f90    00000188                                                      : gtrack_utilities.obj (.text.gtrack_spherical2cartesian)
                  00451118    00000186     drivers.xwrL64xx.m4f.ti-arm-clang.debug.lib : edma.obj (.text.EDMA_open)
                  0045129e    00000002     --HOLE-- [fill = 0]
                  004512a0    00000180     libc.a : _printfi.c.obj (.text._pconv_e)
                  00451420    00000180            : fwrite.c.obj (.text.fwrite)
                  004515a0    00000180     alg_gtrack3d.xwrL64xx.m4f.ti-arm-clang.debug.lib : gtrack_delete.obj (.text.gtrack_delete)
                  00451720    00000178     drivers.xwrL64xx.m4f.ti-arm-clang.debug.lib : prcm.obj (.text.PRCMSetSRAMRetention)
                  00451898    00000176     freertos.xwrL64xx.m4f.ti-arm-clang.debug.lib : ClockP_freertos_m4.obj (.text.ClockP_init)
                  00451a0e    00000174     drivers.xwrL64xx.m4f.ti-arm-clang.debug.lib : uart_sci.obj (.text.UART_write)
                  00451b82    00000006     --HOLE-- [fill = 0]
                  00451b88    00000170     mmw_cli.o (.text.CLI_MMWaveCfarCfg)
                  00451cf8    00000170     libc.a : k_sin.c.obj (.text.__kernel_sin)
                  00451e68    00000170            : strtoull.c.obj (.text.strtoull)
                  00451fd8    0000016a     mmw_cli.o (.text.CLI_MMWaveVersion)
                  00452142    0000016a     tracker_utils.o (.text.MmwDemo_CLIBoundaryBoxCfg)
                  004522ac    0000016a     drivers.xwrL64xx.m4f.ti-arm-clang.debug.lib : qspi.obj (.text.QSPI_readCmd)
                  00452416    0000016a     freertos.xwrL64xx.m4f.ti-arm-clang.debug.lib : queue.obj (.text.xQueueGenericSend)
                  00452580    00000168     libc.a : k_cos.c.obj (.text.__kernel_cos)
                  004526e8    00000168     alg_featExtract.xwrL64xx.m4f.ti-arm-clang.debug.lib : featExtract_utilities.obj (.text.featExtract_interpFreq)
                  00452850    00000168     libc.a : e_sqrt.c.obj (.text.sqrt)
                  004529b8    00000168     freertos.xwrL64xx.m4f.ti-arm-clang.debug.lib : tasks.obj (.text.xTaskIncrementTick)
                  00452b20    00000164     drivers.xwrL64xx.m4f.ti-arm-clang.debug.lib : edma.obj (.text.EDMA_unregisterIntr)
                  00452c84    00000164     alg_gtrack3d.xwrL64xx.m4f.ti-arm-clang.debug.lib : gtrack_module.obj (.text.gtrack_modulePresence)
                  00452de8    00000162     mmw_cli.o (.text.CLI_MMWaveFactoryCalConfig)
                  00452f4a    00000006     --HOLE-- [fill = 0]
                  00452f50    00000160     mmw_cli.o (.text.CLI_MMWaveCompRangeBiasAndRxChanPhaseCfg)
                  004530b0    00000160     drivers.xwrL64xx.m4f.ti-arm-clang.debug.lib : qspi.obj (.text.QSPI_writeCmd)
                  00453210    0000015c     datapath_tracker3d.xwrL64xx.m4f.ti-arm-clang.debug.lib : dpedma.obj (.text.DPEDMA_freeEDMAChannel)
                  0045336c    0000015c     alg_featExtract.xwrL64xx.m4f.ti-arm-clang.debug.lib : featExtract_create.obj (.text.featExtract_create)
                  004534c8    00000158     drivers.xwrL64xx.m4f.ti-arm-clang.debug.lib : uart_sci.obj (.text.UART_read)
                  00453620    00000158     libc.a : e_asinf.c.obj (.text.asinf)
                  00453778    00000158            : s_atanf.c.obj (.text.atanf)
                  004538d0    00000158     drivers.xwrL64xx.m4f.ti-arm-clang.debug.lib : power_xwrLx4xx.obj (.text.restoreNVICRegs)
                  00453a28    00000156     alg_classifier.xwrL64xx.m4f.ti-arm-clang.debug.lib : classifier_layers.obj (.text.layer_norm)
                  00453b7e    00000002     --HOLE-- [fill = 0]
                  00453b80    00000154     libc.a : e_log10f.c.obj (.text.log10f)
                  00453cd4    00000154     freertos.xwrL64xx.m4f.ti-arm-clang.debug.lib : tasks.obj (.text.xTaskResumeAll)
                  00453e28    00000152                                                  : queue.obj (.text.xQueueReceive)
                  00453f7a    00000006     --HOLE-- [fill = 0]
                  00453f80    00000150     board.xwrL64xx.m4f.ti-arm-clang.debug.lib : ina.obj (.text.currentRead228)
                  004540d0    00000150     drivers.xwrL64xx.m4f.ti-arm-clang.debug.lib : power_xwrLx4xx.obj (.text.saveNVICRegs)
                  00454220    00000148     datapath_tracker3d.xwrL64xx.m4f.ti-arm-clang.debug.lib : cfarprochwa.obj (.text.CFAR_DET_HWA_ConvertFovToIdx)
                  00454368    00000148                                                            : dpedmahwa.obj (.text.DPEDMAHWA_configTwoHotSignature)
                  004544b0    00000140     mmw_cli.o (.text.CLI_MMWaveSigProcChainCfg)
                  004545f0    00000140     libc.a : e_log2f.c.obj (.text.log2f)
                  00454730    0000013c     ti_board_config.o (.text.mmwDemo_PowerMeasurement)
                  0045486c    0000013c     libc.a : strtol.c.obj (.text.strtol)
                  004549a8    0000013a     freertos.xwrL64xx.m4f.ti-arm-clang.debug.lib : timers.obj (.text.prvProcessReceivedCommands)
                  00454ae2    00000138     mmw_cli.o (.text.CLI_open)
                  00454c1a    00000138     freertos.xwrL64xx.m4f.ti-arm-clang.debug.lib : printf.obj (.text._ntoa_long_long)
                  00454d52    00000136     drivers.xwrL64xx.m4f.ti-arm-clang.debug.lib : edma.obj (.text.EDMA_registerIntr)
                  00454e88    00000136     libclang_rt.builtins.a : divdf3.S.obj (.text.__divdf3)
                  00454fbe    00000136     datapath_tracker3d.xwrL64xx.m4f.ti-arm-clang.debug.lib : dbscan.obj (.text.dbscan)
                  004550f4    00000134     freertos.xwrL64xx.m4f.ti-arm-clang.debug.lib : TimerP_rti.obj (.text.TimerP_setup)
                  00455228    00000132     drivers.xwrL64xx.m4f.ti-arm-clang.debug.lib : edma.obj (.text.EDMA_allocResource)
                  0045535a    00000130     datapath_tracker3d.xwrL64xx.m4f.ti-arm-clang.debug.lib : cfarprochwa.obj (.text.CFARHWA_convHwaCfarDetListToDetMask)
                  0045548a    00000130     alg_gtrack3d.xwrL64xx.m4f.ti-arm-clang.debug.lib : gtrack_unit_predict.obj (.text.gtrack_unitPredict)
                  004555ba    0000012e     mmwavelink_m4.lib : rl_device.o (.text.rl_initErrorCheck)
                  004556e8    0000012c     drivers.xwrL64xx.m4f.ti-arm-clang.debug.lib : hwa.obj (.text.HWA_configRam)
                  00455814    0000012c     tracker_utils.o (.text.MmwDemo_CLITrackingCfg)
                  00455940    0000012c     libc.a : strtoul.c.obj (.text.strtoul)
                  00455a6c    00000128     drivers.xwrL64xx.m4f.ti-arm-clang.debug.lib : hwa.obj (.text.HWA_enableParamSetInterrupt)
                  00455b94    00000128                                                 : soc_rcm.obj (.text.SOC_rcmGetClkSrcAndDivReg)
                  00455cbc    00000126     board.xwrL64xx.m4f.ti-arm-clang.debug.lib : flash_nor_qspi.obj (.text.Flash_norQspiWrite)
                  00455de2    00000126     drivers.xwrL64xx.m4f.ti-arm-clang.debug.lib : soc_rcm.obj (.text.SOC_rcmStartInitSharedRam)
                  00455f08    00000126     alg_gtrack3d.xwrL64xx.m4f.ti-arm-clang.debug.lib : gtrack_utilities_3d.obj (.text.gtrack_censor2world)
                  0045602e    00000124     datapath_tracker3d.xwrL64xx.m4f.ti-arm-clang.debug.lib : dpedmahwa.obj (.text.DPEDMAHWA_configOneHotSignature)
                  00456152    00000122                                                            : doaproc.obj (.text.DPU_DoaProc_init)
                  00456274    00000122     control.xwrL64xx.m4f.ti-arm-clang.debug.lib : mmwave.obj (.text.MMWave_factoryCalibConfig)
                  00456396    00000122     alg_gtrack3d.xwrL64xx.m4f.ti-arm-clang.debug.lib : gtrack_utilities_3d.obj (.text.gtrack_matrixComputePJT)
                  004564b8    00000120     datapath_tracker3d.xwrL64xx.m4f.ti-arm-clang.debug.lib : cfarprochwa.obj (.text.CFAR_DET_HWA_ConfigRangeView)
                  004565d8    00000120     mmw_cli.o (.text.CLI_MMWaveFrameCfg)
                  004566f8    00000120     libc.a : fopen.c.obj (.text._openfile)
                  00456818    00000120            : s_ceil.c.obj (.text.ceil)
                  00456938    00000120            : s_floor.c.obj (.text.floor)
                  00456a58    0000011c     control.xwrL64xx.m4f.ti-arm-clang.debug.lib : mmwave_link_common.obj (.text.MMWave_configLink)
                  00456b74    0000011c     alg_classifier.xwrL64xx.m4f.ti-arm-clang.debug.lib : classifier_predict.obj (.text.classifier_predict)
                  00456c90    0000011c     freertos.xwrL64xx.m4f.ti-arm-clang.debug.lib : tasks.obj (.text.vTaskDelete)
                  00456dac    0000011a                                                  : tasks.obj (.text.xTaskPriorityInherit)
                  00456ec6    00000118     mmw_cli.o (.text.CLI_MMWaveMpdBoundaryBox)
                  00456fde    00000002     --HOLE-- [fill = 0]
                  00456fe0    00000118     mmw_cli.o (.text.CLI_MmwDemo_AntGeometryCfg)
                  004570f8    00000118     mmw_cli.o (.text.CLI_readLine)
                  00457210    00000118     mmw_cli.o (.text.MmwDemo_CLISensorWarmReset)
                  00457328    00000118     alg_gtrack3d.xwrL64xx.m4f.ti-arm-clang.debug.lib : gtrack_listlib.obj (.text.gtrack_listRemoveElement)
                  00457440    00000114     drivers.xwrL64xx.m4f.ti-arm-clang.debug.lib : qspi.obj (.text.QSPI_programInstance)
                  00457554    00000114     freertos.xwrL64xx.m4f.ti-arm-clang.debug.lib : printf.obj (.text._ntoa_long)
                  00457668    00000114     alg_gtrack3d.xwrL64xx.m4f.ti-arm-clang.debug.lib : gtrack_utilities_3d.obj (.text.gtrack_calcMeasurementLimits)
                  0045777c    00000112     datapath_tracker3d.xwrL64xx.m4f.ti-arm-clang.debug.lib : rangeprochwa.obj (.text.DPU_RangeProcHWA_init)
                  0045788e    00000112     board.xwrL64xx.m4f.ti-arm-clang.debug.lib : flash_nor_qspi.obj (.text.Flash_norQspiReset)
                  004579a0    00000110     freertos.xwrL64xx.m4f.ti-arm-clang.debug.lib : tasks.obj (.text.prvAddNewTaskToReadyList)
                  00457ab0    0000010e     dpc.o (.text.DPC_Init)
                  00457bbe    0000010e     freertos.xwrL64xx.m4f.ti-arm-clang.debug.lib : SysTickTimerP.obj (.text.SysTickTimerP_setup)
                  00457ccc    0000010c     libc.a : memory.c.obj (.text.aligned_alloc)
                  00457dd8    0000010c            : s_scalbn.c.obj (.text.scalbn)
                  00457ee4    0000010a     mmw_cli.o (.text.CLI_MMWaveChannelCfg)
                  00457fee    00000012     mmw_demo_utils.o (.text.Cycleprofiler_getTimeStamp)

.text.2    0    00460000    00011710     
                  00460000    0000010a     board.xwrL64xx.m4f.ti-arm-clang.debug.lib : flash_nor_qspi.obj (.text.Flash_norQspiEraseSector)
                  0046010a    0000010a     control.xwrL64xx.m4f.ti-arm-clang.debug.lib : mmwave_link_common.obj (.text.MMWave_LinkInitCommon)
                  00460214    00000108     board.xwrL64xx.m4f.ti-arm-clang.debug.lib : flash_nor_qspi.obj (.text.Flash_norQspiErase)
                  0046031c    00000108     dpc.o (.text.mmwDemo_doaProcConfig)
                  00460424    00000106     drivers.xwrL64xx.m4f.ti-arm-clang.debug.lib : qspi.obj (.text.QSPI_spiConfigWrite)
                  0046052a    00000106     alg_gtrack3d.xwrL64xx.m4f.ti-arm-clang.debug.lib : gtrack_math.obj (.text.gtrack_sincosd)
                  00460630    00000106     freertos.xwrL64xx.m4f.ti-arm-clang.debug.lib : HwiP_armv7m_handlers_freertos.obj (.text.hwi)
                  00460736    00000102     datapath_tracker3d.xwrL64xx.m4f.ti-arm-clang.debug.lib : udopproc.obj (.text.DPU_uDopProc_init)
                  00460838    00000102     freertos.xwrL64xx.m4f.ti-arm-clang.debug.lib : tasks.obj (.text.prvInitialiseNewTask)
                  0046093a    000000fc     tracker_utils.o (.text.MmwDemo_CLIPresenceParamCfg)
                  00460a36    00000002     --HOLE-- [fill = 0]
                  00460a38    000000fc     libclang_rt.builtins.a : muldf3.S.obj (.text.__muldf3)
                  00460b34    000000fc     libc.a : fputs.c.obj (.text.fputs)
                  00460c30    000000fa     datapath_tracker3d.xwrL64xx.m4f.ti-arm-clang.debug.lib : trackerproc.obj (.text.DPU_trackerProc_updateParamTables)
                  00460d2a    000000fa     control.xwrL64xx.m4f.ti-arm-clang.debug.lib : mmwave_fullcfg.obj (.text.MMWave_getChirpHandle)
                  00460e24    000000f8     mmw_cli.o (.text.CLI_MMWaveGuiMonSel)
                  00460f1c    000000f8     control.xwrL64xx.m4f.ti-arm-clang.debug.lib : mmwave_fullcfg.obj (.text.MMWave_addChirp)
                  00461014    00000004     --HOLE-- [fill = 0]
                  00461018    000000f8     datapath_tracker3d.xwrL64xx.m4f.ti-arm-clang.debug.lib : dbscan.obj (.text.calculateDistances)
                  00461110    000000f8     alg_gtrack3d.xwrL64xx.m4f.ti-arm-clang.debug.lib : gtrack_math.obj (.text.gtrack_matrixCovFilter)
                  00461208    000000f8     freertos.xwrL64xx.m4f.ti-arm-clang.debug.lib : tasks.obj (.text.vTaskPriorityDisinheritAfterTimeout)
                  00461300    000000f4     board.xwrL64xx.m4f.ti-arm-clang.debug.lib : flash_nor_qspi.obj (.text.Flash_norQspiSetProtocol)
                  004613f4    000000f4     control.xwrL64xx.m4f.ti-arm-clang.debug.lib : mmwave.obj (.text.MMWave_init)
                  004614e8    000000f4     drivers.xwrL64xx.m4f.ti-arm-clang.debug.lib : qspi.obj (.text.QSPI_spiConfigRead)
                  004615dc    000000f4     libc.a : fread.c.obj (.text.fread)
                  004616d0    000000f4     freertos.xwrL64xx.m4f.ti-arm-clang.debug.lib : tasks.obj (.text.prvAddCurrentTaskToDelayedList)
                  004617c4    000000f2     alg_gtrack3d.xwrL64xx.m4f.ti-arm-clang.debug.lib : gtrack_utilities_3d.obj (.text.gtrack_computeMahalanobis)
                  004618b6    000000ee     control.xwrL64xx.m4f.ti-arm-clang.debug.lib : mmwave_fullcfg.obj (.text.MMWave_addProfile)
                  004619a4    000000ea     drivers.xwrL64xx.m4f.ti-arm-clang.debug.lib : uart_sci.obj (.text.UART_readPolling)
                  00461a8e    000000e8     freertos.xwrL64xx.m4f.ti-arm-clang.debug.lib : AddrTranslateP.obj (.text.AddrTranslateP_getLocalAddr)
                  00461b76    000000e8     control.xwrL64xx.m4f.ti-arm-clang.debug.lib : mmwave.obj (.text.MMWave_open)
                  00461c5e    000000e8     alg_gtrack3d.xwrL64xx.m4f.ti-arm-clang.debug.lib : gtrack_math.obj (.text.gtrack_matrixMultiply)
                  00461d46    000000e8                                                      : gtrack_math.obj (.text.gtrack_matrixTransposeMultiply)
                  00461e2e    000000e2                                                      : gtrack_math.obj (.text.gtrack_matrixMakeSymmetrical)
                  00461f10    000000de     board.xwrL64xx.m4f.ti-arm-clang.debug.lib : flash_nor_qspi.obj (.text.Flash_norQspiSet4ByteAddrMode)
                  00461fee    000000de     drivers.xwrL64xx.m4f.ti-arm-clang.debug.lib : uart_sci.obj (.text.UART_flushTxFifo)
                  004620cc    000000de     board.xwrL64xx.m4f.ti-arm-clang.debug.lib : ina.obj (.text.i2cReadAddress)
                  004621aa    00000002     --HOLE-- [fill = 0]
                  004621ac    000000dc     libc.a : memory.c.obj (.text.free)
                  00462288    000000dc     alg_gtrack3d.xwrL64xx.m4f.ti-arm-clang.debug.lib : gtrack_utilities_3d.obj (.text.gtrack_calcMeasurementSpread)
                  00462364    000000da     mmw_cli.o (.text.MmwDemo_CLIMicroDopplerParamCfg)
                  0046243e    000000da     drivers.xwrL64xx.m4f.ti-arm-clang.debug.lib : uart_sci.obj (.text.UART_writeInterrupt)
                  00462518    000000da     power_management.o (.text.power_idle3resumehook)
                  004625f2    000000d8     drivers.xwrL64xx.m4f.ti-arm-clang.debug.lib : hwa.obj (.text.HWA_paramDoneISR)
                  004626ca    000000d8     control.xwrL64xx.m4f.ti-arm-clang.debug.lib : mmwave.obj (.text.MMWave_start)
                  004627a2    000000d8     drivers.xwrL64xx.m4f.ti-arm-clang.debug.lib : uart_sci.obj (.text.UART_writePolling)
                  0046287a    00000002     --HOLE-- [fill = 0]
                  0046287c    000000d8     libc.a : setvbuf.c.obj (.text.setvbuf)
                  00462954    000000d4     power_management.o (.text.power_LPDSresumehook)
                  00462a28    000000d2     alg_gtrack3d.xwrL64xx.m4f.ti-arm-clang.debug.lib : gtrack_math.obj (.text.gtrack_matrixCovNormalize)
                  00462afa    00000006     --HOLE-- [fill = 0]
                  00462b00    000000d0                                                      : gtrack_utilities_3d.obj (.text.gtrack_isInsideSolidAngle)
                  00462bd0    000000d0     libc.a : s_scalbnf.c.obj (.text.scalbnf)
                  00462ca0    000000d0     freertos.xwrL64xx.m4f.ti-arm-clang.debug.lib : tasks.obj (.text.vTaskStartScheduler)
                  00462d70    000000ce     datapath_tracker3d.xwrL64xx.m4f.ti-arm-clang.debug.lib : cfarprochwa.obj (.text.DPU_CFARProcHWA_init)
                  00462e3e    000000ce     drivers.xwrL64xx.m4f.ti-arm-clang.debug.lib : edma.obj (.text.EDMADisableChInShadowRegRegion)
                  00462f0c    000000ce                                                 : i2c_v0.obj (.text.I2C_close)
                  00462fda    000000ce                                                 : soc_rcm.obj (.text.SOC_rcmSetPeripheralClock)
                  004630a8    000000ce     interrupts.o (.text.mmwDemoFrameStartISR)
                  00463176    000000ce     mmwavelink_m4.lib : rl_device.o (.text.rl_mmWaveLinkInit)
                  00463244    000000cc     drivers.xwrL64xx.m4f.ti-arm-clang.debug.lib : edma.obj (.text.EDMAEnableChInShadowRegRegion)
                  00463310    000000cc     mmw_demo_utils.o (.text.MmwDemo_FillTrackerSensorPositionCfg)
                  004633dc    000000cc     alg_gtrack3d.xwrL64xx.m4f.ti-arm-clang.debug.lib : gtrack_math.obj (.text.gtrack_matrixCovAcc)
                  004634a8    000000cc     freertos.xwrL64xx.m4f.ti-arm-clang.debug.lib : queue.obj (.text.prvCopyDataToQueue)
                  00463574    000000ca     drivers.xwrL64xx.m4f.ti-arm-clang.debug.lib : hwa.obj (.text.HWA_getDriverAccess)
                  0046363e    00000002     --HOLE-- [fill = 0]
                  00463640    000000c8     libc.a : s_cosf.c.obj (.text.cosf)
                  00463708    000000c6     drivers.xwrL64xx.m4f.ti-arm-clang.debug.lib : soc.obj (.text.SOC_enableMDLLClock)
                  004637ce    000000c6     ti_dpl_config.o (.text.TimerP_init)
                  00463894    000000c6     power_management.o (.text.power_idle3entryhook)
                  0046395a    000000c4     tracker_utils.o (.text.MmwDemo_CLIStaticBoundaryBoxCfg)
                  00463a1e    00000002     --HOLE-- [fill = 0]
                  00463a20    000000c4     libc.a : s_round.c.obj (.text.round)
                  00463ae4    000000c2     alg_gtrack3d.xwrL64xx.m4f.ti-arm-clang.debug.lib : gtrack_utilities.obj (.text.gtrack_unrollRadialVelocity)
                  00463ba6    000000c2     mmwavelink_m4.lib : rl_device.o (.text.rl_mmWaveDfpVerGet)
                  00463c68    000000c0     drivers.xwrL64xx.m4f.ti-arm-clang.debug.lib : edma.obj (.text.EDMAMapChToEvtQ)
                  00463d28    000000c0     control.xwrL64xx.m4f.ti-arm-clang.debug.lib : mmwave_fullcfg.obj (.text.MMWave_getChirpCfg)
                  00463de8    000000c0     mmwave_control_config.o (.text.Mmwave_populateDefaultOpenCfg)
                  00463ea8    000000c0     drivers.xwrL64xx.m4f.ti-arm-clang.debug.lib : power_xwrLx4xx.obj (.text.Power_configureWakeup)
                  00463f68    000000c0     freertos.xwrL64xx.m4f.ti-arm-clang.debug.lib : printf.obj (.text._out_rev)
                  00464028    000000be     ti_board_open_close.o (.text.Board_flashOpen)
                  004640e6    000000be     datapath_tracker3d.xwrL64xx.m4f.ti-arm-clang.debug.lib : cfarprochwa.obj (.text.CFAR_DET_HWA_triggerCFAR)
                  004641a4    000000be     mmw_cli.o (.text.CLI_MMWaveMajorMotionStateCfg)
                  00464262    000000be     mmw_cli.o (.text.CLI_MMWaveMinorMotionStateCfg)
                  00464320    000000be     drivers.xwrL64xx.m4f.ti-arm-clang.debug.lib : soc_rcm.obj (.text.SOC_rcmWaitMemInitSharedRam)
                  004643de    000000be     alg_gtrack3d.xwrL64xx.m4f.ti-arm-clang.debug.lib : gtrack_utilities_3d.obj (.text.gtrack_isPointBehindTarget)
                  0046449c    000000be     freertos.xwrL64xx.m4f.ti-arm-clang.debug.lib : HeapP_internal.obj (.text.vHeapFree)
                  0046455a    000000be                                                  : queue.obj (.text.xQueueGenericSendFromISR)
                  00464618    000000bc     datapath_tracker3d.xwrL64xx.m4f.ti-arm-clang.debug.lib : cfarprochwa.obj (.text.CFAR_DET_HWA_saveConfiguration)
                  004646d4    000000ba     mmwave_control_config.o (.text.Mmwave_populateDefaultChirpCfg)
                  0046478e    000000b8     motion_detect.o (.text.MmwDemo_startSensor)
                  00464846    000000b8     mmwave_control_config.o (.text.Mmwave_populateDefaultProfileCfg)
                  004648fe    000000b8     alg_gtrack3d.xwrL64xx.m4f.ti-arm-clang.debug.lib : gtrack_module.obj (.text.gtrack_moduleUpdate)
                  004649b6    000000b8     freertos.xwrL64xx.m4f.ti-arm-clang.debug.lib : timers.obj (.text.prvSwitchTimerLists)
                  00464a6e    000000b6     drivers.xwrL64xx.m4f.ti-arm-clang.debug.lib : edma.obj (.text.EDMAConfigureChannelRegion)
                  00464b24    000000b6     board.xwrL64xx.m4f.ti-arm-clang.debug.lib : flash.obj (.text.Flash_offsetToBlkPage)
                  00464bda    000000b6     motion_detect.o (.text.MmwDemo_stopSensor)
                  00464c90    000000b6     mmwave_control_config.o (.text.Mmwave_EnChannelSetOffset)
                  00464d46    000000b6     drivers.xwrL64xx.m4f.ti-arm-clang.debug.lib : qspi_edma.obj (.text.QSPI_edmaChannelFree)
                  00464dfc    000000b6     datapath_tracker3d.xwrL64xx.m4f.ti-arm-clang.debug.lib : dbscan.obj (.text.findNeighbours)
                  00464eb2    000000b6     monitors.o (.text.mmwDemo_LiveMonConfig)
                  00464f68    000000b6     motion_detect.o (.text.mmwDemo_mmWaveInit)
                  0046501e    000000b6     datapath_tracker3d.xwrL64xx.m4f.ti-arm-clang.debug.lib : rangeprochwa.obj (.text.rangeProcHWA_ConfigHWACommon)
                  004650d4    000000b6     freertos.xwrL64xx.m4f.ti-arm-clang.debug.lib : tasks.obj (.text.vTaskSwitchContext)
                  0046518a    000000b4     control.xwrL64xx.m4f.ti-arm-clang.debug.lib : mmwave_fullcfg.obj (.text.MMWave_getProfileHandle)
                  0046523e    000000b4     tracker_utils.o (.text.MmwDemo_CLIAllocationParamCfg)
                  004652f2    000000b4     drivers.xwrL64xx.m4f.ti-arm-clang.debug.lib : soc_rcm.obj (.text.SOC_rcmGetPeripheralClock)
                  004653a6    000000b4     alg_gtrack3d.xwrL64xx.m4f.ti-arm-clang.debug.lib : gtrack_unit_report.obj (.text.gtrack_unitReport)
                  0046545a    000000b4     freertos.xwrL64xx.m4f.ti-arm-clang.debug.lib : tasks.obj (.text.xTaskPriorityDisinherit)
                  0046550e    000000b2     drivers.xwrL64xx.m4f.ti-arm-clang.debug.lib : prcm.obj (.text.PRCMLPDSEnter)
                  004655c0    000000b2                                                 : prcm.obj (.text.PRCMSleepEnter)
                  00465672    000000b2     freertos.xwrL64xx.m4f.ti-arm-clang.debug.lib : HeapP_internal.obj (.text.prvInsertBlockIntoFreeList)
                  00465724    000000b2                                                  : queue.obj (.text.xQueueReceiveFromISR)
                  004657d6    000000b0     mmw_cli.o (.text.CLI_help)
                  00465886    000000b0     board.xwrL64xx.m4f.ti-arm-clang.debug.lib : flash_nor_qspi.obj (.text.Flash_norQspiWaitReady)
                  00465936    000000b0     drivers.xwrL64xx.m4f.ti-arm-clang.debug.lib : hwa.obj (.text.HWA_getDMAChanIndex)
                  004659e6    000000b0                                                 : uart_sci.obj (.text.UART_init)
                  00465a96    00000002     --HOLE-- [fill = 0]
                  00465a98    000000b0     alg_gtrack3d.xwrL64xx.m4f.ti-arm-clang.debug.lib : gtrack_utilities_3d.obj (.text.gtrack_isInsideBoresightStaticZone)
                  00465b48    000000b0     libclang_rt.builtins.a : udivmoddi4.S.obj (.text)
                  00465bf8    000000ae     drivers.xwrL64xx.m4f.ti-arm-clang.debug.lib : uart_sci.obj (.text.UART_readInterrupt)
                  00465ca6    000000ae     alg_gtrack3d.xwrL64xx.m4f.ti-arm-clang.debug.lib : gtrack_utilities_3d.obj (.text.gtrack_isPointInsideBox)
                  00465d54    000000ae     power_management.o (.text.power_Idleresumehook)
                  00465e02    000000ae     freertos.xwrL64xx.m4f.ti-arm-clang.debug.lib : queue.obj (.text.prvUnlockQueue)
                  00465eb0    000000ae                                                  : queue.obj (.text.xQueueGiveFromISR)
                  00465f5e    000000ac     ti_drivers_open_close.o (.text.Drivers_uartOpen)
                  0046600a    000000ac     drivers.xwrL64xx.m4f.ti-arm-clang.debug.lib : hwa.obj (.text.HWA_disableParamSetInterrupt)
                  004660b6    00000002     --HOLE-- [fill = 0]
                  004660b8    000000ac     alg_gtrack3d.xwrL64xx.m4f.ti-arm-clang.debug.lib : gtrack_utilities_3d.obj (.text.gtrack_calcDistance)
                  00466164    000000ac     dpc.o (.text.mmwDemo_cfarProcConfig)
                  00466210    000000ac     dpc.o (.text.mmwDemo_mpdProcConfig)
                  004662bc    000000ac     dpc.o (.text.mmwDemo_rangeProcConfig)
                  00466368    000000ac     dpc.o (.text.mmwDemo_uDopProcConfig)
                  00466414    000000ac     libsysbm.a : open.c.obj (.text.open)
                  004664c0    000000aa     ti_drivers_open_close.o (.text.Drivers_edmaOpen)
                  0046656a    000000aa     ti_drivers_open_close.o (.text.Drivers_i2cOpen)
                  00466614    000000aa     drivers.xwrL64xx.m4f.ti-arm-clang.debug.lib : edma.obj (.text.EDMA_close)
                  004666be    000000aa                                                 : power_xwrLx4xx.obj (.text.Power_getTransitionLatency)
                  00466768    000000aa     freertos.xwrL64xx.m4f.ti-arm-clang.debug.lib : tasks.obj (.text.xTaskRemoveFromEventList)
                  00466812    000000a6     mmw_cli.o (.text.CLI_MMWaveSensorPositionCfg)
                  004668b8    000000a6     ti_drivers_open_close.o (.text.Drivers_qspiOpen)
                  0046695e    000000a6     tracker_utils.o (.text.MmwDemo_CLIGatingParamCfg)
                  00466a04    000000a6     drivers.xwrL64xx.m4f.ti-arm-clang.debug.lib : uart_sci_edma.obj (.text.UART_txEdmaIsrFxn)
                  00466aaa    000000a4     board.xwrL64xx.m4f.ti-arm-clang.debug.lib : flash_nor_qspi.obj (.text.Flash_norQspiWEL)
                  00466b4e    000000a2     drivers.xwrL64xx.m4f.ti-arm-clang.debug.lib : edma.obj (.text.EDMASetPaRAM)
                  00466bf0    000000a2     control.xwrL64xx.m4f.ti-arm-clang.debug.lib : mmwave_link_common.obj (.text.MMWave_deinitMMWaveLink)
                  00466c92    000000a2     freertos.xwrL64xx.m4f.ti-arm-clang.debug.lib : timers.obj (.text.prvCheckForValidListAndQueue)
                  00466d34    000000a0     drivers.xwrL64xx.m4f.ti-arm-clang.debug.lib : uart_sci_edma.obj (.text.UART_rxEdmaIsrFxn)
                  00466dd4    000000a0     alg_classifier.xwrL64xx.m4f.ti-arm-clang.debug.lib : classifier_layers.obj (.text.dense_op)
                  00466e74    000000a0     board.xwrL64xx.m4f.ti-arm-clang.debug.lib : ina.obj (.text.i2cWriteAddress)
                  00466f14    000000a0     freertos.xwrL64xx.m4f.ti-arm-clang.debug.lib : HeapP_internal.obj (.text.prvHeapInit)
                  00466fb4    0000009e     board.xwrL64xx.m4f.ti-arm-clang.debug.lib : flash_nor_qspi.obj (.text.Flash_norQspiSetAddressBytes)
                  00467052    0000009e     drivers.xwrL64xx.m4f.ti-arm-clang.debug.lib : prcm.obj (.text.PRCMLPDSRestoreInfoSet)
                  004670f0    0000009e     freertos.xwrL64xx.m4f.ti-arm-clang.debug.lib : queue.obj (.text.xQueueGenericReset)
                  0046718e    0000009c     control.xwrL64xx.m4f.ti-arm-clang.debug.lib : mmwave.obj (.text.MMWave_config)
                  0046722a    0000009c     drivers.xwrL64xx.m4f.ti-arm-clang.debug.lib : qspi.obj (.text.QSPI_readData)
                  004672c6    0000009c                                                 : qspi.obj (.text.QSPI_writeData)
                  00467362    00000002     --HOLE-- [fill = 0]
                  00467364    0000009c     libc.a : s_floorf.c.obj (.text.floorf)
                  00467400    0000009c            : e_sqrtf.c.obj (.text.sqrtf)
                  0046749c    0000009a     mmw_cli.o (.text.CLI_MMWaveAoaCfg)
                  00467536    0000009a     freertos.xwrL64xx.m4f.ti-arm-clang.debug.lib : SemaphoreP_freertos.obj (.text.SemaphoreP_pend)
                  004675d0    0000009a                                                  : timers.obj (.text.prvProcessTimerOrBlockTask)
                  0046766a    0000009a                                                  : HeapP_internal.obj (.text.vHeapGetHeapStats)
                  00467704    0000009a                                                  : tasks.obj (.text.xTaskCheckForTimeOut)
                  0046779e    00000098     datapath_tracker3d.xwrL64xx.m4f.ti-arm-clang.debug.lib : dpedma.obj (.text.DPEDMA_setup_shadow_link)
                  00467836    00000098     control.xwrL64xx.m4f.ti-arm-clang.debug.lib : mmwave_fullcfg.obj (.text.MMWave_getProfileCfg)
                  004678ce    00000098                                                 : mmwave.obj (.text.MMWave_stop)
                  00467966    00000002     --HOLE-- [fill = 0]
                  00467968    00000098     libc.a : _bufread.c.obj (.text.__TI_buff_read)
                  00467a00    00000098            : s_tanf.c.obj (.text.tanf)
                  00467a98    00000096     datapath_tracker3d.xwrL64xx.m4f.ti-arm-clang.debug.lib : rangeprochwa.obj (.text.DPU_RangeProcHWA_process)
                  00467b2e    00000096     alg_gtrack3d.xwrL64xx.m4f.ti-arm-clang.debug.lib : gtrack_utilities_3d.obj (.text.gtrack_computeMahalanobisPartial)
                  00467bc4    0000000c     drivers.xwrL64xx.m4f.ti-arm-clang.debug.lib : gpio.obj (.text.CSL_REG32_RD_RAW)
                  00467bd0    00000096                                                 : power_xwrLx4xx_asm.obj (.text)
                  00467c66    00000094                                                 : qspi.obj (.text.QSPI_init)
                  00467cfa    00000094     datapath_tracker3d.xwrL64xx.m4f.ti-arm-clang.debug.lib : rangeprochwa.obj (.text.rangeProcHWA_ConifgureHwaEdma)
                  00467d8e    00000094     freertos.xwrL64xx.m4f.ti-arm-clang.debug.lib : timers.obj (.text.xTimerGenericCommand)
                  00467e22    00000092     datapath_tracker3d.xwrL64xx.m4f.ti-arm-clang.debug.lib : dpedma.obj (.text.DPEDMA_startTransfer)
                  00467eb4    00000092     drivers.xwrL64xx.m4f.ti-arm-clang.debug.lib : edma.obj (.text.EDMAUnmapChToEvtQ)
                  00467f46    00000092     control.xwrL64xx.m4f.ti-arm-clang.debug.lib : mmwave_fullcfg.obj (.text.MMWave_delProfile)
                  00467fd8    00000092     drivers.xwrL64xx.m4f.ti-arm-clang.debug.lib : soc_rcm.obj (.text.SOC_rcmEnableADPLLClock)
                  0046806a    00000092     freertos.xwrL64xx.m4f.ti-arm-clang.debug.lib : SemaphoreP_freertos.obj (.text.SemaphoreP_constructBinary)
                  004680fc    00000092                                                  : DebugP_freertos.obj (.text._DebugP_logZone)
                  0046818e    00000092     motion_detect.o (.text.mmwDemo_freeDmaChannels)
                  00468220    00000090     drivers.xwrL64xx.m4f.ti-arm-clang.debug.lib : i2c_v0.obj (.text.I2C_completeCurrTransfer)
                  004682b0    00000090                                                 : uart_sci.obj (.text.UART_readCancelNoCB)
                  00468340    00000090                                                 : uart_sci.obj (.text.UART_writeCancelNoCB)
                  004683d0    00000090     alg_classifier.xwrL64xx.m4f.ti-arm-clang.debug.lib : classifier_layers.obj (.text.gav1d)
                  00468460    00000090     dpc.o (.text.mpdProc_dpuInit)
                  004684f0    0000008e     drivers.xwrL64xx.m4f.ti-arm-clang.debug.lib : hwa.obj (.text.HWA_getDMAconfig)
                  0046857e    0000008e     mmwave_control_config.o (.text.MmwDemo_ADCBufConfig)
                  0046860c    0000008e     freertos.xwrL64xx.m4f.ti-arm-clang.debug.lib : tasks.obj (.text.prvInitialiseTaskLists)
                  0046869a    0000008c     drivers.xwrL64xx.m4f.ti-arm-clang.debug.lib : edma.obj (.text.EDMADisableTransferRegion)
                  00468726    0000008c                                                 : edma.obj (.text.EDMAEnableTransferRegion)
                  004687b2    0000008c                                                 : edma.obj (.text.EDMA_deinit)
                  0046883e    0000008c                                                 : edma.obj (.text.EDMA_init)
                  004688ca    0000008c     control.xwrL64xx.m4f.ti-arm-clang.debug.lib : mmwave_fullcfg.obj (.text.MMWave_getNumProfiles)
                  00468956    0000008c     tracker_utils.o (.text.MmwDemo_CLIStateParamCfg)
                  004689e2    00000002     --HOLE-- [fill = 0]
                  004689e4    0000008c     alg_gtrack3d.xwrL64xx.m4f.ti-arm-clang.debug.lib : gtrack_utilities_3d.obj (.text.gtrack_sph2cart)
                  00468a70    0000008a     control.xwrL64xx.m4f.ti-arm-clang.debug.lib : mmwave.obj (.text.MMWave_getTemperatureReport)
                  00468afa    00000088     mmw_cli.o (.text.MmwDemo_CLIClassifierParamCfg)
                  00468b82    00000088     mmw_cli.o (.text.MmwDemo_CLIMeasureRangeBiasAndRxChanPhaseCfg)
                  00468c0a    00000002     --HOLE-- [fill = 0]
                  00468c0c    00000088     libc.a : fputc.c.obj (.text.fputc)
                  00468c94    00000088     alg_gtrack3d.xwrL64xx.m4f.ti-arm-clang.debug.lib : gtrack_utilities_3d.obj (.text.gtrack_cart2sph)
                  00468d1c    00000086     freertos.xwrL64xx.m4f.ti-arm-clang.debug.lib : ClockP_freertos.obj (.text.ClockP_getTimeUsec)
                  00468da2    00000086                                                  : timers.obj (.text.prvInsertTimerInActiveList)
                  00468e28    00000084     datapath_tracker3d.xwrL64xx.m4f.ti-arm-clang.debug.lib : cfarprochwa.obj (.text.CFAR_DET_HWA_prepareHwaRunTimeScndPass)
                  00468eac    00000084     control.xwrL64xx.m4f.ti-arm-clang.debug.lib : mmwave.obj (.text.MMWave_deinit)
                  00468f30    00000084     alg_gtrack3d.xwrL64xx.m4f.ti-arm-clang.debug.lib : gtrack_utilities_3d.obj (.text.gtrack_calcDim)
                  00468fb4    00000084     mmw_flash_cal.o (.text.mmwDemo_flashEraseOneSector)
                  00469038    00000082     datapath_tracker3d.xwrL64xx.m4f.ti-arm-clang.debug.lib : cfarprochwa.obj (.text.CFAR_DET_HWA_prepareHwaRunTime)
                  004690ba    00000082     mmw_cli.o (.text.CLI_MMWaveAdcDataSourceCfg)
                  0046913c    00000082     alg_featExtract.xwrL64xx.m4f.ti-arm-clang.debug.lib : featExtract_utilities.obj (.text.featExtract_freqToIndex)
                  004691be    00000080     mmw_cli.o (.text.CLI_MMWaveExtensionHandler)
                  0046923e    00000080     ti_drivers_config.o (.text.Drivers_uartInit)
                  004692be    00000080     drivers.xwrL64xx.m4f.ti-arm-clang.debug.lib : hwa.obj (.text.HWA_enable)
                  0046933e    00000080     control.xwrL64xx.m4f.ti-arm-clang.debug.lib : mmwave.obj (.text.MMWave_close)
                  004693be    00000080     tracker_utils.o (.text.MmwDemoCLIMaxAccelerationParamCfg)
                  0046943e    00000080     mmw_flash_cal.o (.text.mmwDemo_flashWrite)
                  004694be    00000002     --HOLE-- [fill = 0]
                  004694c0    00000080     datapath_tracker3d.xwrL64xx.m4f.ti-arm-clang.debug.lib : udopproc.obj (.text.uDopProc_featureAverage)
                  00469540    0000007e     control.xwrL64xx.m4f.ti-arm-clang.debug.lib : mmwave_fullcfg.obj (.text.MMWave_getNumChirps)
                  004695be    0000007e     alg_classifier.xwrL64xx.m4f.ti-arm-clang.debug.lib : classifier_delete.obj (.text.classifier_delete)
                  0046963c    0000007e     libc.a : s_roundf.c.obj (.text.roundf)
                  004696ba    0000007c     freertos.xwrL64xx.m4f.ti-arm-clang.debug.lib : DebugP_log.obj (.text._DebugP_assert)
                  00469736    0000007c     datapath_tracker3d.xwrL64xx.m4f.ti-arm-clang.debug.lib : dbscan.obj (.text.dbscanOutputDataInit)
                  004697b2    0000007c     alg_gtrack3d.xwrL64xx.m4f.ti-arm-clang.debug.lib : gtrack_math.obj (.text.gtrack_matrixSetDiag)
                  0046982e    0000007c     freertos.xwrL64xx.m4f.ti-arm-clang.debug.lib : tasks.obj (.text.prvGetExpectedIdleTime)
                  004698aa    0000007a     mmw_cli.o (.text.CLI_MMWaveSensorStop)
                  00469924    0000007a     freertos.xwrL64xx.m4f.ti-arm-clang.debug.lib : SemaphoreP_freertos.obj (.text.SemaphoreP_post)
                  0046999e    00000078     drivers.xwrL64xx.m4f.ti-arm-clang.debug.lib : edma.obj (.text.EDMALinkChannel)
                  00469a16    00000002     --HOLE-- [fill = 0]
                  00469a18    00000078     libc.a : sscanf.c.obj (.text._chkmbc)
                  00469a90    00000078     drivers.xwrL64xx.m4f.ti-arm-clang.debug.lib : power_xwrLx4xx.obj (.text.notify)
                  00469b08    00000078     datapath_tracker3d.xwrL64xx.m4f.ti-arm-clang.debug.lib : rangeprochwa.obj (.text.rangeProcHWA_EDMA_transferCompletionCallbackFxn)
                  00469b80    00000078     freertos.xwrL64xx.m4f.ti-arm-clang.debug.lib : timers.obj (.text.xTimerCreateTimerTask)
                  00469bf8    00000076     drivers.xwrL64xx.m4f.ti-arm-clang.debug.lib : soc_rcm.obj (.text.SOC_rcmGetFreqLeafNode)
                  00469c6e    00000076                                                 : soc_rcm.obj (.text.SOC_rcmWaitMemInitTpcc)
                  00469ce4    00000076                                                 : uart_sci.obj (.text.UART_checkOpenParams)
                  00469d5a    00000076     alg_featExtract.xwrL64xx.m4f.ti-arm-clang.debug.lib : featExtract_math.obj (.text.featExtract_vectorEntropy)
                  00469dd0    00000076     alg_gtrack3d.xwrL64xx.m4f.ti-arm-clang.debug.lib : gtrack_module.obj (.text.gtrack_modulePredict)
                  00469e46    00000074     mmw_cli.o (.text.CLI_MMWaveExtensionHelp)
                  00469eba    00000074     freertos.xwrL64xx.m4f.ti-arm-clang.debug.lib : ClockP_freertos.obj (.text.ClockP_usleep)
                  00469f2e    00000074     drivers.xwrL64xx.m4f.ti-arm-clang.debug.lib : edma.obj (.text.EDMACCPaRAMEntry_init)
                  00469fa2    00000074     board.xwrL64xx.m4f.ti-arm-clang.debug.lib : flash_nor_qspi.obj (.text.Flash_norQspiOpen)
                  0046a016    00000074     drivers.xwrL64xx.m4f.ti-arm-clang.debug.lib : i2c_v0.obj (.text.I2C_init)
                  0046a08a    00000074     control.xwrL64xx.m4f.ti-arm-clang.debug.lib : mmwave_link_common.obj (.text.MMWave_deinitLink)
                  0046a0fe    00000074     mmwavelink_m4.lib : rl_device.o (.text.rl_fecssDevPwrOn)
                  0046a172    00000072     drivers.xwrL64xx.m4f.ti-arm-clang.debug.lib : edma.obj (.text.EDMAClrMissEvtRegion)
                  0046a1e4    00000072                                                 : qspi.obj (.text.QSPI_setPreScaler)
                  0046a256    00000072     freertos.xwrL64xx.m4f.ti-arm-clang.debug.lib : timers.obj (.text.prvProcessExpiredTimer)
                  0046a2c8    00000072                                                  : tasks.obj (.text.xTaskCreateStatic)
                  0046a33a    00000070     drivers.xwrL64xx.m4f.ti-arm-clang.debug.lib : hwa.obj (.text.HWA_readCFARPeakCountReg)
                  0046a3aa    00000070     factory_cal.o (.text.MmwDemo_calibRestore)
                  0046a41a    00000070     drivers.xwrL64xx.m4f.ti-arm-clang.debug.lib : power_xwrLx4xx.obj (.text.Power_parkPins)
                  0046a48a    00000002     --HOLE-- [fill = 0]
                  0046a48c    00000070     libc.a : fclose.c.obj (.text.__TI_closefile)
                  0046a4fc    00000070     datapath_tracker3d.xwrL64xx.m4f.ti-arm-clang.debug.lib : doaproc.obj (.text.doaProc_setInputEdma)
                  0046a56c    0000006e     freertos.xwrL64xx.m4f.ti-arm-clang.debug.lib : SemaphoreP_freertos.obj (.text.SemaphoreP_constructMutex)
                  0046a5da    00000002     --HOLE-- [fill = 0]
                  0046a5dc    0000006e     libclang_rt.builtins.a : truncdfsf2.S.obj (.text.__truncdfsf2)
                  0046a64a    0000006e     alg_gtrack3d.xwrL64xx.m4f.ti-arm-clang.debug.lib : gtrack_module.obj (.text.gtrack_moduleAssociate)
                  0046a6b8    0000006c     dpc.o (.text.DPC_ObjDet_MemPoolAlloc)
                  0046a724    0000006c     datapath_tracker3d.xwrL64xx.m4f.ti-arm-clang.debug.lib : rangeprochwa.obj (.text.DPU_RangeProcHWA_control)
                  0046a790    0000006c     control.xwrL64xx.m4f.ti-arm-clang.debug.lib : mmwave_link_xWRLx4xx.obj (.text.MMWave_initLink)
                  0046a7fc    0000006c                                                 : mmwave_listlib.obj (.text.MMWave_listRemoveNode)
                  0046a868    0000006c     libc.a : _printfi.c.obj (.text._mcpy)
                  0046a8d4    0000006c     dpc.o (.text.cfarProc_dpuInit)
                  0046a940    0000006c     dpc.o (.text.doaProc_dpuInit)
                  0046a9ac    0000006c     alg_featExtract.xwrL64xx.m4f.ti-arm-clang.debug.lib : featExtract_utilities.obj (.text.featExtract_computeWeightedPower)
                  0046aa18    0000006c     mmw_flash_cal.o (.text.mmwDemo_flashRead)
                  0046aa84    0000006c     dpc.o (.text.rangeProc_dpuInit)
                  0046aaf0    0000006c     libc.a : memory.c.obj (.text.split)
                  0046ab5c    0000006c     dpc.o (.text.udopProc_dpuInit)
                  0046abc8    0000006a     mmw_cli.o (.text.CLI_MMWaveClusterParamCfg)
                  0046ac32    0000006a     drivers.xwrL64xx.m4f.ti-arm-clang.debug.lib : qspi.obj (.text.QSPI_close)
                  0046ac9c    0000006a     alg_featExtract.xwrL64xx.m4f.ti-arm-clang.debug.lib : featExtract_math.obj (.text.featExtract_linearInterpolate)
                  0046ad06    0000006a     freertos.xwrL64xx.m4f.ti-arm-clang.debug.lib : tasks.obj (.text.prvIdleTask)
                  0046ad70    0000006a     datapath_tracker3d.xwrL64xx.m4f.ti-arm-clang.debug.lib : rangeprochwa.obj (.text.rangeProcHWA_EDMA_transferCompletionMMCallbackFxn)
                  0046adda    0000006a     freertos.xwrL64xx.m4f.ti-arm-clang.debug.lib : list.obj (.text.vListInsert)
                  0046ae44    00000068     datapath_tracker3d.xwrL64xx.m4f.ti-arm-clang.debug.lib : cfarprochwa.obj (.text.CFAR_DET_HWA_ConfigAoaFov)
                  0046aeac    00000068     drivers.xwrL64xx.m4f.ti-arm-clang.debug.lib : edma.obj (.text.EDMA_getBaseAddr)
                  0046af14    00000068                                                 : hwa.obj (.text.HWA_getHWAMemInfo)
                  0046af7c    00000004     --HOLE-- [fill = 0]
                  0046af80    00000068     libc.a : s_frexp.c.obj (.text.frexp)
                  0046afe8    00000068            : fseek.c.obj (.text.fseeko)
                  0046b050    00000068            : getdevice.c.obj (.text.getdevice)
                  0046b0b8    00000068     alg_gtrack3d.xwrL64xx.m4f.ti-arm-clang.debug.lib : gtrack_math.obj (.text.gtrack_vectorScalarMulAcc)
                  0046b120    00000066     mmw_cli.o (.text.CLI_MMWaveprofileSwitchCfg)
                  0046b186    00000066     datapath_tracker3d.xwrL64xx.m4f.ti-arm-clang.debug.lib : doaproc.obj (.text.DPU_DoaProc_process)
                  0046b1ec    00000066     alg_gtrack3d.xwrL64xx.m4f.ti-arm-clang.debug.lib : gtrack_math.obj (.text.gtrack_matrixAdd)
                  0046b252    00000066                                                      : gtrack_math.obj (.text.gtrack_matrixSub)
                  0046b2b8    00000066                                                      : gtrack_module.obj (.text.gtrack_moduleReport)
                  0046b31e    00000066     dpc.o (.text.mmwDemo_trackerConfig)
                  0046b384    00000064     datapath_tracker3d.xwrL64xx.m4f.ti-arm-clang.debug.lib : cfarprochwa.obj (.text.CFAR_DET_HWA_prepareEdmaRunTime)
                  0046b3e8    00000064     mmw_cli.o (.text.CLI_MMWaveRangeSelCfg)
                  0046b44c    00000064     libsysbm.a : hostrename.c.obj (.text.HOSTrename)
                  0046b4b0    00000064     drivers.xwrL64xx.m4f.ti-arm-clang.debug.lib : hwa.obj (.text.HWA_enableDoneInterrupt)
                  0046b514    00000064     ti_board_config.o (.text.SensorConfig)
                  0046b578    00000064     alg_featExtract.xwrL64xx.m4f.ti-arm-clang.debug.lib : featExtract_utilities.obj (.text.featExtract_computeSpectralEntropy)
                  0046b5dc    00000064                                                         : featExtract_math.obj (.text.featExtract_cumulativeWeightedSum)
                  0046b640    00000064     alg_classifier.xwrL64xx.m4f.ti-arm-clang.debug.lib : classifier_layers.obj (.text.softmax_func_approx)
                  0046b6a4    00000064     mmw_demo_utils.o (.text.timerCallbackDefcfg)
                  0046b708    00000064     freertos.xwrL64xx.m4f.ti-arm-clang.debug.lib : queue.obj (.text.vQueueWaitForMessageRestricted)
                  0046b76c    00000004     --HOLE-- [fill = 0]
                  0046b770    00000064                                                  : port.obj (.text.xPortPendSVHandler)
[...]
0046e2ab  featExtract_vectorSum                          
0046e3af  Power_idleFunc                                 
0046e431  atoi                                           
0046e471  gtrack_vectorInit                              
0046e4b1  localRead                                      
0046e4f1  mmwDemo_flashInit                              
0046e571  strtok                                         
0046e5b1  DPU_MpdProc_init                               
0046e5ef  Flash_eraseBlk                                 
0046e62d  MMWave_stopLink                                
0046e725  rl_fecssDevClockCtrl                           
0046e763  rl_fecssDevPwrOff                              
0046e7a1  rl_fecssDevRdifCtrl                            
0046e7df  rl_fecssRfFactoryCalDataSet                    
0046e81d  rl_fecssRfPwrOnOff                             
0046e85b  rl_fecssRfRxTxCalDataGet                       
0046e899  rl_fecssRfRxTxCalDataSet                       
0046e8d7  rl_fecssTempMeasCfg                            
0046e915  rl_fecssTempMeasTrig                           
0046e953  rl_monLiveRxSaturationCfg                      
0046e991  rl_monLiveSynthFreqCfg                         
0046e9cf  rl_sensChirpProfComnCfg                        
0046ea0d  rl_sensChirpProfTimeCfg                        
0046ea4b  rl_sensDynPwrSaveDis                           
0046ea89  rl_sensFrameCfg                                
0046eac7  rl_sensSensorStart                             
0046eb05  rl_sensSensorStop                              
0046eb43  vPortSuppressTicksAndSleep                     
0046eb81  DPEDMA_setDestinationAddress                   
0046ebbd  DPEDMA_setSourceAddress                        
0046ebf9  HOSTclose                                      
0046ec35  HeapP_construct                                
0046ec71  featExtract_specShiftAroundFreq                
0046ed25  vsnprintf                                      
0046ed61  DPU_TrackerProc_init                           
0046ed9b  SOC_controlModuleLockMMR                       
0046ee0f  vListInsertEnd                                 
0046ef99  EDMAQdmaClrMissEvtRegion                       
0046efd1  __aeabi_f2d                                    
0046efd1  __extendsfdf2                                  
0046f009  sprintf                                        
0046f041  xTaskGetSchedulerState                         
0046f079  __TI_auto_init_nobinit_nopinit                 
0046f0b1  EDMA_getRegionId                               
0046f11d  PRCMSlowClkCtrGet                              
0046f189  __aeabi_ul2f                                   
0046f189  __floatundisf                                  
0046f1bf  gtrack_alloc                                   
0046f1f5  vTaskPlaceOnEventListRestricted                
0046f22d  __TI_cleanup                                   
0046f261  __TI_writemsg                                  
0046f28b  C$$IO$$                                        
0046f2c9  ClockP_sleep                                   
0046f2fb  ClockP_timerTickIsr                            
0046f32d  EDMADmaSetPaRAMEntry                           
0046f3c3  doaProc_setOutputEdma                          
0046f3f5  xQueueCreateMutexStatic                        
0046f427  Flash_close                                    
0046f457  GPIO_pinWriteHigh                              
0046f487  GPIO_pinWriteLow                               
0046f4e7  QSPI_setReadCmd                                
0046f517  QSPI_setWriteCmd                               
0046f549  __TI_readmsg                                   
0046f579  __aeabi_dcmpun                                 
0046f579  __unorddf2                                     
0046f5d9  exit                                           
0046f609  fopen                                          
0046f669  sscanf                                         
0046f699  vPortEnterCritical                             
0046f6c9  DPC_ObjDet_HwaDmaTrigSrcChanPoolAlloc          
0046f6f7  DPEDMA_local2Global                            
0046f725  Power_getDependencyCount                       
0046f753  QSPI_EdmaParams_init                           
0046f781  QSPI_readCmdParams_init                        
0046f7af  QSPI_writeCmdParams_init                       
0046f7dd  TimerP_Params_init                             
0046f80b  UART_deinit                                    
0046f839  __aeabi_i2d                                    
0046f839  __floatsidf                                    
0046f895  gtrack_free                                    
0046f8c3  gtrack_unitGetC                                
0046f8f1  gtrack_unitGetSpread                           
0046f94d  vListInitialise                                
0046f97b  DebugP_logZoneEnable                           
0046f9ff  MMWave_osalMutexLock                           
0046fa2b  MMWave_osalSemWait                             
0046fa57  PRCMLPDSIntervalSet                            
0046fa83  PRCMLPDSWakeUpSPISelect                        
0046faaf  PRCMLPDSWakeUpUartRxSelect                     
0046fadb  QSPI_setAddressByteCount                       
0046fb07  QSPI_setDummyBitCount                          
0046fb33  QSPI_setRxLines                                
0046fb5f  QSPI_transaction_init                          
0046fb8b  SOC_memoryInit                                 
0046fbb7  SysTickTimerP_Params_init                      
0046fbe5  __aeabi_ul2d                                   
0046fbe5  __floatundidf                                  
0046fc11  fclose                                         
0046fc3d  finddevice                                     
0046fc69  lseek                                          
0046fc95  mathUtils_ceilLog2                             
0046fced  pvTaskIncrementMutexHeldCount                  
0046fd19  read                                           
0046fd45  rl_mmWaveLinkDeInit                            
0046fd71  unlink                                         
0046fd9d  vApplicationGetIdleTaskMemory                  
0046fdc9  vApplicationGetTimerTaskMemory                 
0046fdf5  write                                          
0046fe21  PRCMLPDSWakeupSourceDisable                    
0046fe4b  PRCMLPDSWakeupSourceEnable                     
0046fe75  QSPI_setMemAddrSpace                           
0046fe9f  SOC_getEfusePgVersion                          
0046ff71  PRCMIsRdrStateIdle                             
0046ff99  Power_disablePolicy                            
0046ffc1  SOC_isDeviceAOP                                
00470039  strncpy                                        
00470061  vQueueDelete                                   
00470089  vprintf_                                       
004700b1  EDMADisableQdmaEvtRegion                       
004700d7  EDMAEnableQdmaEvtRegion                        
004700fd  EDMAGetIntrStatusRegion                        
00470123  EDMAIntrStatusHighGetRegion                    
00470195  Power_idleWicIsr                               
004701bb  _MmwDemo_debugAssert                           
004701e1  mmw_UartWrite                                  
0047029f  vHeapCreateStatic                              
004702c5  vPortExitCritical                              
004702eb  vTaskPlaceOnEventList                          
00470311  HwiP_inISR                                     
00470359  I2C_Transaction_init                           
004703c5  TimerP_isr0                                    
004703e9  _DebugP_assertNoLog                            
00470431  _system_pre_init                               
00470455  featExtract_memUsage                           
00470479  gtrack_unitGetMCenter                          
004704a1  vPortSVCHandler                                
004704c5  vTaskInternalSetTimeOutState                   
004704e9  EDMAChannelToParamMap                          
0047052d  mathUtils_pow2roundup                          
0047054f  memccpy                                        
00470571  memcmp                                         
00470593  mmwreinitTask                                  
004705b5  stack_init                                     
004705d7  strspn                                         
004705f9  uDopProc_getPrevFrmNum                         
0047061b  ClockP_usecToTicks                             
0047063b  Dpl_init                                       
0047067b  HeapP_alloc                                    
004706bd  __aeabi_ui2d                                   
004706bd  __floatunsidf                                  
004706dd  featExtract_heapConstruct                      
004706fd  strcspn                                        
0047071d  vPortFree                                      
0047075b  MMWaveMon_RxSatLiveCfg                         
00470779  classifier_free                                
00470797  featExtract_free                               
004707b5  mmwDemo_INAMeasNull                            
004707d3  mmwDemo_dpcTask                                
0047082d  Board_driversOpen                              
00470849  HeapP_free                                     
00470865  HeapP_getHeapStats                             
0047089d  SOC_moduleClockEnable                          
004708b9  classifier_malloc                              
004708d5  featExtract_malloc                             
0047090d  strrchr                                        
00470943  I2C_Params_init                                
0047095d  SOC_clocksEnable                               
00470977  SOC_moduleSetClockFrequency                    
00470991  SysTickTimerP_start                            
004709ab  SysTickTimerP_stop                             
004709f9  Drivers_open                                   
00470a11  EDMAClrCCErr                                   
00470a29  EDMA_isInterruptEnabled                        
00470aa1  Mmwave_populateDefaultCalibrationCfg           
00470ab9  Power_setLowPowModeTaken                       
00470b01  TaskP_yield                                    
00470b91  freertos_main                                  
00470ba9  vTaskStepTick                                  
00470bc1  EDMA_allocDmaChannel                           
00470bd7  EDMA_allocParam                                
00470bed  EDMA_allocTcc                                  
00470c03  EDMA_freeDmaChannel                            
00470c19  EDMA_freeParam                                 
00470c2f  EDMA_freeTcc                                   
00470cc9  MMWave_osalMutexDelete                         
00470cdf  MMWave_osalSemDelete                           
00470d0b  SemaphoreP_destruct                            
00470d21  TimerP_start                                   
00470d37  TimerP_stop                                    
00470d4d  gtrack_listInit                                
00470d63  CPUcpsid                                       
00470d77  CPUcpsie                                       
00470d8b  DPC_ObjDet_MemPoolReset                        
00470d9f  Drivers_close                                  
00470e53  PRCMMCUInit                                    
00470e7b  SOC_rcmReadSynthTrimValid                      
00470e8f  TimerP_clearOverflowInt                        
00470ecd  __aeabi_uldivmod                               
00470ef5  gtrack_unitDelete                              
00470f1d  putchar_                                       
00470f45  xTaskGetCurrentTaskHandle                      
00470f59  xTaskGetTickCount                              
00470f6d  GPIO_moduleEnable                              
00470fa3  MMWave_osalMutexUnlock                         
00470fb5  MMWave_osalSemSignal                           
00470fd9  Pinmux_init                                    
00470feb  SysTickTimerP_getCount                         
00470ffd  SysTickTimerP_getReloadCount                   
0047100f  mathUtils_floorLog2                            
00471033  TI_memcpy_small                                
004710e5  DPC_ObjDet_MemPoolGetMaxUsage                  
004710f5  Drivers_gpioOpen                               
00471275  Power_enablePolicy                             
00471315  lroundf                                        
00471325  vTaskSuspendAll                                
00471335  wcslen                                         
00471345  ClockP_getTimerCount                           
00471353  DPC_ObjDet_HwaDmaTrigSrcChanPoolReset          
00471361  MMWave_decodeErrorLevel                        
004713a7  strcpy                                         
004713d1  strlen                                         
004713ed  vListInitialiseItem                            
004713fb  vTaskMissedYield                               
00471409  TI_memset_small                                
0047146b  CacheP_inv                                     
00471477  CacheP_wb                                      
004714a7  MMWave_listGetHead                             
004714b3  MMWave_listGetNext                             
0047157f  PowerClock_init                                
0047158b  Power_getConstraintMask                        
00471597  Power_getLowPowModeTaken                       
004715a3  gtrack_listGetFirst                            
004715af  gtrack_listGetNext                             
004715bd  putchar                                        
004715f1  PRCMPeripheralStatusGet                        
004715fd  __aeabi_memset                                 
004715fd  __aeabi_memset4                                
004715fd  __aeabi_memset8                                
00471611  Board_driversClose                             
00471619  ClockP_getTicks                                
00471621  ClockP_timerClearOverflowInt                   
004716e1  __aeabi_errno_addr                             
004716e9  __aeabi_memclr                                 
004716e9  __aeabi_memclr4                                
004716e9  __aeabi_memclr8                                
004716f9  __mpu_init                                     
00471701  gtrack_unitStop                                
00471709  malloc                                         
00472360  __aeabi_ctype_table_                           
00472360  __aeabi_ctype_table_C                          
00472848  defaultSceneryParams                           
00472cb8  Power_config                                   
004739ec  defaultPresenceParams                          
00474e5c  I2C_defaultTransaction                         
00474e80  pInit                                          
004758f0  defaultAllocationParams                        
00475ce8  defaultGatingParams                            
00476498  defaultStateParams                             
00476564  ValidDigSampRates                              
0047678c  uxTopUsedPriority                              
00477fa8  gMmwMssMCB                                     
004792d8  _ftable                                        
004793c8  appPresenceParamTable                          
004794b8  Power_module                                   
00479580  parkInfo                                       
00479860  _device                                        
004798d8  gFlashDevCfg_MX25V1635F                        
00479a74  appAllocationParamTable                        
00479b34  _stream                                        
00479b84  appGatingParamTable                            
00479c54  gMpuRegionConfig                               
00479d44  gUartParams                                    
00479d7c  appMaxAccelerationParams                       
00479dac  appStateParamTable                             
00479ddc  gFlashAttrs_MX25V1635F                         
00479e0c  gHwaAttrs                                      
00479e3c  gSocModulesClockFrequency                      
00479e6c  EdmaCallbackcnt                                
00479e70  gFactoryCalibDataStorage                       
00479e98  gHwaEDMAChanMapping                            
00479eb8  gSocModules                                    
00479ed8  gFlashNorQspiFxns                              
00479ef4  gCLIMMWaveExtensionTable                       
00479f24  gClockConfig                                   
00479f38  gDefaultAntGeometry                            
00479f4c  appInitialRadialVelocity                       
00479f5c  gEdmaConfig                                    
00479f6c  gFlashConfig                                   
00479f7c  gFlashToSpiProtocolMap                         
00479f8c  gAddrTranslateConfig                           
00479f98  gI2cParams                                     
00479fa4  gMpuConfig                                     
00479fb0  __TI_cleanup_ptr                               
00479fb4  __TI_dtors_ptr                                 
00479fb8  demoStartTime                                  
00479fc8  gEdmaParams                                    
00479fd0  gFlashParams                                   
00479fd8  gI2cConfig                                     
00479fe0  gQspiConfig                                    
00479ff0  gUartConfig                                    
00479fff  demoLowPwrStateTaken                           
0047a000  FreeRTOS_errno                                 
0047a004  MMWave_ISRHandle                               
0047a008  __TI_ft_end                                    
0047a00c  __aeabi_errno                                  
0047a010  _lock                                          
0047a014  _unlock                                        
0047a018  gCfarHwaObj                                    
0047a020  gDebugLogZone                                  
0047a024  gDebugTargetCode                               
0047a028  gEdmaConfigNum                                 
0047a02c  gFlashConfigNum                                
0047a030  gGtrackMemoryUsed                              
0047a034  gHwaConfigNum                                  
0047a038  gHwaObjectPtr                                  
0047a03c  gI2cConfigNum                                  
0047a040  gNearestCluster                                
0047a044  gPreStoredAdcTestBuffInd                       
0047a048  gPreStoredAdcTestBuffRdInd                     
0047a04c  gQspiConfigNum                                 
0047a050  gQspiParams                                    
0047a054  gSocClk                                        
0047a058  gTestMinMpdCentroid                            
0047a05c  gTestRangeLED                                  
0047a060  gUartConfigNum                                 
0047a064  hwadoneisr                                     
0047a074  pinParkCfg                                     
0047a084  pxCurrentTCB                                   
0047a088  sensPerChirpLuTable                            
0047a08c  sensorStop                                     
0047a0d0  gIsDefCfgUsed                                  
0047a0d1  idleExited                                     
0047a0d3  isSensorStarted                                
60000000  gMmwL3                                         
ffffffff  __TI_pprof_out_hndl                            
ffffffff  __TI_prof_data_size                            
ffffffff  __TI_prof_data_start                           
ffffffff  __binit__                                      
ffffffff  binit                                          
UNDEFED   __TI_CINIT_Base                                
UNDEFED   __TI_CINIT_Limit                               
UNDEFED   __TI_Handler_Table_Base                        
UNDEFED   __TI_Handler_Table_Limit                       
UNDEFED   _system_post_cinit                             

[1129 symbols]
