<?xml version="1.0" encoding="ISO-8859-1" ?>
<link_info>
   <banner>TI ARM Clang Linker PC v4.0.3.LTS</banner>
   <copyright>Copyright (c) 1996-2018 Texas Instruments Incorporated</copyright>
   <command_line>C:\ti\ccs2020\ccs\tools\compiler\ti-cgt-armllvm_4.0.3.LTS\bin\tiarmlnk -IC:\ti\ccs2020\ccs\tools\compiler\ti-cgt-armllvm_4.0.3.LTS\lib -o empty_xwrL64xx-aop_m4fss0-0_nortos_ti-arm-clang.out -mempty.Debug.map -iC:/ti/MMWAVE_L_SDK_05_05_03_00/source/kernel/nortos/lib -iC:/ti/MMWAVE_L_SDK_05_05_03_00/source/drivers/lib -iC:/ti/ccs2020/ccs/tools/compiler/ti-cgt-armllvm_4.0.3.LTS/lib --reread_libs --diag_wrap=off --display_error_number --warn_sections --xml_link_info=empty_xwrL64xx-aop_m4fss0-0_nortos_ti-arm-clang_linkInfo.xml --ram_model ./empty.o ./syscfg/ti_dpl_config.o ./syscfg/ti_drivers_config.o ./syscfg/ti_drivers_open_close.o ./syscfg/ti_pinmux_config.o ./syscfg/ti_power_clock_config.o ./syscfg/ti_board_config.o ./syscfg/ti_board_open_close.o ./main.o ../linker.cmd -lnortos.xwrL64xx.m4f.ti-arm-clang.debug.lib -ldrivers.xwrL64xx.m4f.ti-arm-clang.debug.lib -llibc.a --start-group -llibc++.a -llibc++abi.a -llibc.a -llibsys.a -llibsysbm.a -llibclang_rt.builtins.a -llibclang_rt.profile.a --end-group</command_line>
   <link_time>0x685344f8</link_time>
   <link_errors>0x0</link_errors>
   <output_file>C:\Users\prath\workspace_ccstheia\empty_xwrL64xx-aop_m4fss0-0_nortos_ti-arm-clang\Debug\empty_xwrL64xx-aop_m4fss0-0_nortos_ti-arm-clang.out</output_file>
   <entry_point>
      <name>_c_int00</name>
      <address>0x408533</address>
   </entry_point>
   <input_file_list>
      <input_file id="fl-1">
         <path>C:\Users\prath\workspace_ccstheia\empty_xwrL64xx-aop_m4fss0-0_nortos_ti-arm-clang\Debug\.\</path>
         <kind>object</kind>
         <file>empty.o</file>
         <name>empty.o</name>
      </input_file>
      <input_file id="fl-2">
         <path>C:\Users\prath\workspace_ccstheia\empty_xwrL64xx-aop_m4fss0-0_nortos_ti-arm-clang\Debug\.\syscfg\</path>
         <kind>object</kind>
         <file>ti_dpl_config.o</file>
         <name>ti_dpl_config.o</name>
      </input_file>
      <input_file id="fl-3">
         <path>C:\Users\prath\workspace_ccstheia\empty_xwrL64xx-aop_m4fss0-0_nortos_ti-arm-clang\Debug\.\syscfg\</path>
         <kind>object</kind>
         <file>ti_drivers_config.o</file>
         <name>ti_drivers_config.o</name>
      </input_file>
      <input_file id="fl-4">
         <path>C:\Users\prath\workspace_ccstheia\empty_xwrL64xx-aop_m4fss0-0_nortos_ti-arm-clang\Debug\.\syscfg\</path>
         <kind>object</kind>
         <file>ti_drivers_open_close.o</file>
         <name>ti_drivers_open_close.o</name>
      </input_file>
      <input_file id="fl-5">
         <path>C:\Users\prath\workspace_ccstheia\empty_xwrL64xx-aop_m4fss0-0_nortos_ti-arm-clang\Debug\.\syscfg\</path>
         <kind>object</kind>
         <file>ti_pinmux_config.o</file>
         <name>ti_pinmux_config.o</name>
      </input_file>
      <input_file id="fl-6">
         <path>C:\Users\prath\workspace_ccstheia\empty_xwrL64xx-aop_m4fss0-0_nortos_ti-arm-clang\Debug\.\syscfg\</path>
         <kind>object</kind>
         <file>ti_power_clock_config.o</file>
         <name>ti_power_clock_config.o</name>
      </input_file>
      <input_file id="fl-7">
         <path>C:\Users\prath\workspace_ccstheia\empty_xwrL64xx-aop_m4fss0-0_nortos_ti-arm-clang\Debug\.\syscfg\</path>
         <kind>object</kind>
         <file>ti_board_config.o</file>
         <name>ti_board_config.o</name>
      </input_file>
      <input_file id="fl-8">
         <path>C:\Users\prath\workspace_ccstheia\empty_xwrL64xx-aop_m4fss0-0_nortos_ti-arm-clang\Debug\.\syscfg\</path>
         <kind>object</kind>
         <file>ti_board_open_close.o</file>
         <name>ti_board_open_close.o</name>
      </input_file>
      <input_file id="fl-9">
         <path>C:\Users\prath\workspace_ccstheia\empty_xwrL64xx-aop_m4fss0-0_nortos_ti-arm-clang\Debug\.\</path>
         <kind>object</kind>
         <file>main.o</file>
         <name>main.o</name>
      </input_file>
      <input_file id="fl-16">
         <path>C:\Users\prath\workspace_ccstheia\empty_xwrL64xx-aop_m4fss0-0_nortos_ti-arm-clang\Debug\</path>
         <kind>object</kind>
         <file>&lt;internal&gt;</file>
         <name>&lt;internal&gt;</name>
      </input_file>
      <input_file id="fl-17">
         <path>C:\ti\MMWAVE_L_SDK_05_05_03_00\source\kernel\nortos\lib\</path>
         <kind>archive</kind>
         <file>nortos.xwrL64xx.m4f.ti-arm-clang.debug.lib</file>
         <name>boot_armv7m.obj</name>
      </input_file>
      <input_file id="fl-18">
         <path>C:\ti\MMWAVE_L_SDK_05_05_03_00\source\kernel\nortos\lib\</path>
         <kind>archive</kind>
         <file>nortos.xwrL64xx.m4f.ti-arm-clang.debug.lib</file>
         <name>DebugP_uartLogWriter.obj</name>
      </input_file>
      <input_file id="fl-19">
         <path>C:\ti\MMWAVE_L_SDK_05_05_03_00\source\kernel\nortos\lib\</path>
         <kind>archive</kind>
         <file>nortos.xwrL64xx.m4f.ti-arm-clang.debug.lib</file>
         <name>DebugP_log.obj</name>
      </input_file>
      <input_file id="fl-1a">
         <path>C:\ti\MMWAVE_L_SDK_05_05_03_00\source\kernel\nortos\lib\</path>
         <kind>archive</kind>
         <file>nortos.xwrL64xx.m4f.ti-arm-clang.debug.lib</file>
         <name>DebugP_nortos.obj</name>
      </input_file>
      <input_file id="fl-1b">
         <path>C:\ti\MMWAVE_L_SDK_05_05_03_00\source\kernel\nortos\lib\</path>
         <kind>archive</kind>
         <file>nortos.xwrL64xx.m4f.ti-arm-clang.debug.lib</file>
         <name>ClockP_nortos.obj</name>
      </input_file>
      <input_file id="fl-1c">
         <path>C:\ti\MMWAVE_L_SDK_05_05_03_00\source\kernel\nortos\lib\</path>
         <kind>archive</kind>
         <file>nortos.xwrL64xx.m4f.ti-arm-clang.debug.lib</file>
         <name>ClockP_nortos_m4.obj</name>
      </input_file>
      <input_file id="fl-1d">
         <path>C:\ti\MMWAVE_L_SDK_05_05_03_00\source\kernel\nortos\lib\</path>
         <kind>archive</kind>
         <file>nortos.xwrL64xx.m4f.ti-arm-clang.debug.lib</file>
         <name>printf.obj</name>
      </input_file>
      <input_file id="fl-1e">
         <path>C:\ti\MMWAVE_L_SDK_05_05_03_00\source\kernel\nortos\lib\</path>
         <kind>archive</kind>
         <file>nortos.xwrL64xx.m4f.ti-arm-clang.debug.lib</file>
         <name>HwiP_armv7m.obj</name>
      </input_file>
      <input_file id="fl-1f">
         <path>C:\ti\MMWAVE_L_SDK_05_05_03_00\source\kernel\nortos\lib\</path>
         <kind>archive</kind>
         <file>nortos.xwrL64xx.m4f.ti-arm-clang.debug.lib</file>
         <name>HwiP_armv7m_handlers_nortos.obj</name>
      </input_file>
      <input_file id="fl-20">
         <path>C:\ti\MMWAVE_L_SDK_05_05_03_00\source\kernel\nortos\lib\</path>
         <kind>archive</kind>
         <file>nortos.xwrL64xx.m4f.ti-arm-clang.debug.lib</file>
         <name>SysTickTimerP.obj</name>
      </input_file>
      <input_file id="fl-21">
         <path>C:\ti\MMWAVE_L_SDK_05_05_03_00\source\kernel\nortos\lib\</path>
         <kind>archive</kind>
         <file>nortos.xwrL64xx.m4f.ti-arm-clang.debug.lib</file>
         <name>MpuP_armv7m.obj</name>
      </input_file>
      <input_file id="fl-22">
         <path>C:\ti\MMWAVE_L_SDK_05_05_03_00\source\kernel\nortos\lib\</path>
         <kind>archive</kind>
         <file>nortos.xwrL64xx.m4f.ti-arm-clang.debug.lib</file>
         <name>SemaphoreP_nortos.obj</name>
      </input_file>
      <input_file id="fl-23">
         <path>C:\ti\MMWAVE_L_SDK_05_05_03_00\source\drivers\lib\</path>
         <kind>archive</kind>
         <file>drivers.xwrL64xx.m4f.ti-arm-clang.debug.lib</file>
         <name>edma.obj</name>
      </input_file>
      <input_file id="fl-24">
         <path>C:\ti\MMWAVE_L_SDK_05_05_03_00\source\drivers\lib\</path>
         <kind>archive</kind>
         <file>drivers.xwrL64xx.m4f.ti-arm-clang.debug.lib</file>
         <name>pinmux.obj</name>
      </input_file>
      <input_file id="fl-25">
         <path>C:\ti\MMWAVE_L_SDK_05_05_03_00\source\drivers\lib\</path>
         <kind>archive</kind>
         <file>drivers.xwrL64xx.m4f.ti-arm-clang.debug.lib</file>
         <name>soc.obj</name>
      </input_file>
      <input_file id="fl-26">
         <path>C:\ti\MMWAVE_L_SDK_05_05_03_00\source\drivers\lib\</path>
         <kind>archive</kind>
         <file>drivers.xwrL64xx.m4f.ti-arm-clang.debug.lib</file>
         <name>soc_rcm.obj</name>
      </input_file>
      <input_file id="fl-27">
         <path>C:\ti\MMWAVE_L_SDK_05_05_03_00\source\drivers\lib\</path>
         <kind>archive</kind>
         <file>drivers.xwrL64xx.m4f.ti-arm-clang.debug.lib</file>
         <name>uart_sci.obj</name>
      </input_file>
      <input_file id="fl-28">
         <path>C:\ti\MMWAVE_L_SDK_05_05_03_00\source\drivers\lib\</path>
         <kind>archive</kind>
         <file>drivers.xwrL64xx.m4f.ti-arm-clang.debug.lib</file>
         <name>uart_sci_edma.obj</name>
      </input_file>
      <input_file id="fl-3f">
         <path>C:\ti\ccs2020\ccs\tools\compiler\ti-cgt-armllvm_4.0.3.LTS\lib\armv7em-ti-none-eabihf\c\</path>
         <kind>archive</kind>
         <file>libc.a</file>
         <name>fputc.c.obj</name>
      </input_file>
      <input_file id="fl-40">
         <path>C:\ti\ccs2020\ccs\tools\compiler\ti-cgt-armllvm_4.0.3.LTS\lib\armv7em-ti-none-eabihf\c\</path>
         <kind>archive</kind>
         <file>libc.a</file>
         <name>_io_perm.c.obj</name>
      </input_file>
      <input_file id="fl-41">
         <path>C:\ti\ccs2020\ccs\tools\compiler\ti-cgt-armllvm_4.0.3.LTS\lib\armv7em-ti-none-eabihf\c\</path>
         <kind>archive</kind>
         <file>libc.a</file>
         <name>setvbuf.c.obj</name>
      </input_file>
      <input_file id="fl-42">
         <path>C:\ti\ccs2020\ccs\tools\compiler\ti-cgt-armllvm_4.0.3.LTS\lib\armv7em-ti-none-eabihf\c\</path>
         <kind>archive</kind>
         <file>libc.a</file>
         <name>s_round.c.obj</name>
      </input_file>
      <input_file id="fl-43">
         <path>C:\ti\ccs2020\ccs\tools\compiler\ti-cgt-armllvm_4.0.3.LTS\lib\armv7em-ti-none-eabihf\c\</path>
         <kind>archive</kind>
         <file>libc.a</file>
         <name>exit.c.obj</name>
      </input_file>
      <input_file id="fl-44">
         <path>C:\ti\ccs2020\ccs\tools\compiler\ti-cgt-armllvm_4.0.3.LTS\lib\armv7em-ti-none-eabihf\c\</path>
         <kind>archive</kind>
         <file>libc.a</file>
         <name>_lock.c.obj</name>
      </input_file>
      <input_file id="fl-45">
         <path>C:\ti\ccs2020\ccs\tools\compiler\ti-cgt-armllvm_4.0.3.LTS\lib\armv7em-ti-none-eabihf\c\</path>
         <kind>archive</kind>
         <file>libc.a</file>
         <name>defs.c.obj</name>
      </input_file>
      <input_file id="fl-46">
         <path>C:\ti\ccs2020\ccs\tools\compiler\ti-cgt-armllvm_4.0.3.LTS\lib\armv7em-ti-none-eabihf\c\</path>
         <kind>archive</kind>
         <file>libc.a</file>
         <name>memory.c.obj</name>
      </input_file>
      <input_file id="fl-47">
         <path>C:\ti\ccs2020\ccs\tools\compiler\ti-cgt-armllvm_4.0.3.LTS\lib\armv7em-ti-none-eabihf\c\</path>
         <kind>archive</kind>
         <file>libc.a</file>
         <name>autoinit.c.obj</name>
      </input_file>
      <input_file id="fl-48">
         <path>C:\ti\ccs2020\ccs\tools\compiler\ti-cgt-armllvm_4.0.3.LTS\lib\armv7em-ti-none-eabihf\c\</path>
         <kind>archive</kind>
         <file>libc.a</file>
         <name>cpy_tbl.c.obj</name>
      </input_file>
      <input_file id="fl-49">
         <path>C:\ti\ccs2020\ccs\tools\compiler\ti-cgt-armllvm_4.0.3.LTS\lib\armv7em-ti-none-eabihf\c\</path>
         <kind>archive</kind>
         <file>libc.a</file>
         <name>fflush.c.obj</name>
      </input_file>
      <input_file id="fl-4a">
         <path>C:\ti\ccs2020\ccs\tools\compiler\ti-cgt-armllvm_4.0.3.LTS\lib\armv7em-ti-none-eabihf\c\</path>
         <kind>archive</kind>
         <file>libc.a</file>
         <name>fopen.c.obj</name>
      </input_file>
      <input_file id="fl-4b">
         <path>C:\ti\ccs2020\ccs\tools\compiler\ti-cgt-armllvm_4.0.3.LTS\lib\armv7em-ti-none-eabihf\c\</path>
         <kind>archive</kind>
         <file>libc.a</file>
         <name>fseek.c.obj</name>
      </input_file>
      <input_file id="fl-4c">
         <path>C:\ti\ccs2020\ccs\tools\compiler\ti-cgt-armllvm_4.0.3.LTS\lib\armv7em-ti-none-eabihf\c\</path>
         <kind>archive</kind>
         <file>libc.a</file>
         <name>s_floor.c.obj</name>
      </input_file>
      <input_file id="fl-4d">
         <path>C:\ti\ccs2020\ccs\tools\compiler\ti-cgt-armllvm_4.0.3.LTS\lib\armv7em-ti-none-eabihf\c\</path>
         <kind>archive</kind>
         <file>libc.a</file>
         <name>aeabi_portable.c.obj</name>
      </input_file>
      <input_file id="fl-4e">
         <path>C:\ti\ccs2020\ccs\tools\compiler\ti-cgt-armllvm_4.0.3.LTS\lib\armv7em-ti-none-eabihf\c\</path>
         <kind>archive</kind>
         <file>libc.a</file>
         <name>assert.c.obj</name>
      </input_file>
      <input_file id="fl-4f">
         <path>C:\ti\ccs2020\ccs\tools\compiler\ti-cgt-armllvm_4.0.3.LTS\lib\armv7em-ti-none-eabihf\c\</path>
         <kind>archive</kind>
         <file>libc.a</file>
         <name>sprintf.c.obj</name>
      </input_file>
      <input_file id="fl-50">
         <path>C:\ti\ccs2020\ccs\tools\compiler\ti-cgt-armllvm_4.0.3.LTS\lib\armv7em-ti-none-eabihf\c\</path>
         <kind>archive</kind>
         <file>libc.a</file>
         <name>fclose.c.obj</name>
      </input_file>
      <input_file id="fl-51">
         <path>C:\ti\ccs2020\ccs\tools\compiler\ti-cgt-armllvm_4.0.3.LTS\lib\armv7em-ti-none-eabihf\c\</path>
         <kind>archive</kind>
         <file>libc.a</file>
         <name>fputs.c.obj</name>
      </input_file>
      <input_file id="fl-52">
         <path>C:\ti\ccs2020\ccs\tools\compiler\ti-cgt-armllvm_4.0.3.LTS\lib\armv7em-ti-none-eabihf\c\</path>
         <kind>archive</kind>
         <file>libc.a</file>
         <name>_printfi.c.obj</name>
      </input_file>
      <input_file id="fl-53">
         <path>C:\ti\ccs2020\ccs\tools\compiler\ti-cgt-armllvm_4.0.3.LTS\lib\armv7em-ti-none-eabihf\c\</path>
         <kind>archive</kind>
         <file>libc.a</file>
         <name>s_frexp.c.obj</name>
      </input_file>
      <input_file id="fl-54">
         <path>C:\ti\ccs2020\ccs\tools\compiler\ti-cgt-armllvm_4.0.3.LTS\lib\armv7em-ti-none-eabihf\c\</path>
         <kind>archive</kind>
         <file>libc.a</file>
         <name>s_scalbn.c.obj</name>
      </input_file>
      <input_file id="fl-55">
         <path>C:\ti\ccs2020\ccs\tools\compiler\ti-cgt-armllvm_4.0.3.LTS\lib\armv7em-ti-none-eabihf\c\</path>
         <kind>archive</kind>
         <file>libc.a</file>
         <name>wcslen.c.obj</name>
      </input_file>
      <input_file id="fl-56">
         <path>C:\ti\ccs2020\ccs\tools\compiler\ti-cgt-armllvm_4.0.3.LTS\lib\armv7em-ti-none-eabihf\c\</path>
         <kind>archive</kind>
         <file>libc.a</file>
         <name>_ltoa.c.obj</name>
      </input_file>
      <input_file id="fl-57">
         <path>C:\ti\ccs2020\ccs\tools\compiler\ti-cgt-armllvm_4.0.3.LTS\lib\armv7em-ti-none-eabihf\c\</path>
         <kind>archive</kind>
         <file>libc.a</file>
         <name>atoi.c.obj</name>
      </input_file>
      <input_file id="fl-58">
         <path>C:\ti\ccs2020\ccs\tools\compiler\ti-cgt-armllvm_4.0.3.LTS\lib\armv7em-ti-none-eabihf\c\</path>
         <kind>archive</kind>
         <file>libc.a</file>
         <name>memccpy.c.obj</name>
      </input_file>
      <input_file id="fl-59">
         <path>C:\ti\ccs2020\ccs\tools\compiler\ti-cgt-armllvm_4.0.3.LTS\lib\armv7em-ti-none-eabihf\c\</path>
         <kind>archive</kind>
         <file>libc.a</file>
         <name>aeabi_ctype.S.obj</name>
      </input_file>
      <input_file id="fl-f9">
         <path>C:\ti\ccs2020\ccs\tools\compiler\ti-cgt-armllvm_4.0.3.LTS\lib\armv7em-ti-none-eabihf\c\</path>
         <kind>archive</kind>
         <file>libsysbm.a</file>
         <name>hostexit.c.obj</name>
      </input_file>
      <input_file id="fl-fa">
         <path>C:\ti\ccs2020\ccs\tools\compiler\ti-cgt-armllvm_4.0.3.LTS\lib\armv7em-ti-none-eabihf\c\</path>
         <kind>archive</kind>
         <file>libsysbm.a</file>
         <name>write.c.obj</name>
      </input_file>
      <input_file id="fl-fb">
         <path>C:\ti\ccs2020\ccs\tools\compiler\ti-cgt-armllvm_4.0.3.LTS\lib\armv7em-ti-none-eabihf\c\</path>
         <kind>archive</kind>
         <file>libsysbm.a</file>
         <name>host_device.c.obj</name>
      </input_file>
      <input_file id="fl-fc">
         <path>C:\ti\ccs2020\ccs\tools\compiler\ti-cgt-armllvm_4.0.3.LTS\lib\armv7em-ti-none-eabihf\c\</path>
         <kind>archive</kind>
         <file>libsysbm.a</file>
         <name>remove.c.obj</name>
      </input_file>
      <input_file id="fl-fd">
         <path>C:\ti\ccs2020\ccs\tools\compiler\ti-cgt-armllvm_4.0.3.LTS\lib\armv7em-ti-none-eabihf\c\</path>
         <kind>archive</kind>
         <file>libsysbm.a</file>
         <name>open.c.obj</name>
      </input_file>
      <input_file id="fl-fe">
         <path>C:\ti\ccs2020\ccs\tools\compiler\ti-cgt-armllvm_4.0.3.LTS\lib\armv7em-ti-none-eabihf\c\</path>
         <kind>archive</kind>
         <file>libsysbm.a</file>
         <name>lseek.c.obj</name>
      </input_file>
      <input_file id="fl-ff">
         <path>C:\ti\ccs2020\ccs\tools\compiler\ti-cgt-armllvm_4.0.3.LTS\lib\armv7em-ti-none-eabihf\c\</path>
         <kind>archive</kind>
         <file>libsysbm.a</file>
         <name>close.c.obj</name>
      </input_file>
      <input_file id="fl-100">
         <path>C:\ti\ccs2020\ccs\tools\compiler\ti-cgt-armllvm_4.0.3.LTS\lib\armv7em-ti-none-eabihf\c\</path>
         <kind>archive</kind>
         <file>libsysbm.a</file>
         <name>unlink.c.obj</name>
      </input_file>
      <input_file id="fl-101">
         <path>C:\ti\ccs2020\ccs\tools\compiler\ti-cgt-armllvm_4.0.3.LTS\lib\armv7em-ti-none-eabihf\c\</path>
         <kind>archive</kind>
         <file>libsysbm.a</file>
         <name>hostclose.c.obj</name>
      </input_file>
      <input_file id="fl-102">
         <path>C:\ti\ccs2020\ccs\tools\compiler\ti-cgt-armllvm_4.0.3.LTS\lib\armv7em-ti-none-eabihf\c\</path>
         <kind>archive</kind>
         <file>libsysbm.a</file>
         <name>hostlseek.c.obj</name>
      </input_file>
      <input_file id="fl-103">
         <path>C:\ti\ccs2020\ccs\tools\compiler\ti-cgt-armllvm_4.0.3.LTS\lib\armv7em-ti-none-eabihf\c\</path>
         <kind>archive</kind>
         <file>libsysbm.a</file>
         <name>hostopen.c.obj</name>
      </input_file>
      <input_file id="fl-104">
         <path>C:\ti\ccs2020\ccs\tools\compiler\ti-cgt-armllvm_4.0.3.LTS\lib\armv7em-ti-none-eabihf\c\</path>
         <kind>archive</kind>
         <file>libsysbm.a</file>
         <name>hostread.c.obj</name>
      </input_file>
      <input_file id="fl-105">
         <path>C:\ti\ccs2020\ccs\tools\compiler\ti-cgt-armllvm_4.0.3.LTS\lib\armv7em-ti-none-eabihf\c\</path>
         <kind>archive</kind>
         <file>libsysbm.a</file>
         <name>hostrename.c.obj</name>
      </input_file>
      <input_file id="fl-106">
         <path>C:\ti\ccs2020\ccs\tools\compiler\ti-cgt-armllvm_4.0.3.LTS\lib\armv7em-ti-none-eabihf\c\</path>
         <kind>archive</kind>
         <file>libsysbm.a</file>
         <name>hostunlink.c.obj</name>
      </input_file>
      <input_file id="fl-107">
         <path>C:\ti\ccs2020\ccs\tools\compiler\ti-cgt-armllvm_4.0.3.LTS\lib\armv7em-ti-none-eabihf\c\</path>
         <kind>archive</kind>
         <file>libsysbm.a</file>
         <name>hostwrite.c.obj</name>
      </input_file>
      <input_file id="fl-108">
         <path>C:\ti\ccs2020\ccs\tools\compiler\ti-cgt-armllvm_4.0.3.LTS\lib\armv7em-ti-none-eabihf\c\</path>
         <kind>archive</kind>
         <file>libsysbm.a</file>
         <name>trgmsg.c.obj</name>
      </input_file>
      <input_file id="fl-109">
         <path>C:\ti\ccs2020\ccs\tools\compiler\ti-cgt-armllvm_4.0.3.LTS\lib\armv7em-ti-none-eabihf\</path>
         <kind>archive</kind>
         <file>libclang_rt.builtins.a</file>
         <name>adddf3.S.obj</name>
      </input_file>
      <input_file id="fl-10a">
         <path>C:\ti\ccs2020\ccs\tools\compiler\ti-cgt-armllvm_4.0.3.LTS\lib\armv7em-ti-none-eabihf\</path>
         <kind>archive</kind>
         <file>libclang_rt.builtins.a</file>
         <name>muldf3.S.obj</name>
      </input_file>
      <input_file id="fl-10b">
         <path>C:\ti\ccs2020\ccs\tools\compiler\ti-cgt-armllvm_4.0.3.LTS\lib\armv7em-ti-none-eabihf\</path>
         <kind>archive</kind>
         <file>libclang_rt.builtins.a</file>
         <name>divdf3.S.obj</name>
      </input_file>
      <input_file id="fl-10c">
         <path>C:\ti\ccs2020\ccs\tools\compiler\ti-cgt-armllvm_4.0.3.LTS\lib\armv7em-ti-none-eabihf\</path>
         <kind>archive</kind>
         <file>libclang_rt.builtins.a</file>
         <name>fixdfsi.S.obj</name>
      </input_file>
      <input_file id="fl-10d">
         <path>C:\ti\ccs2020\ccs\tools\compiler\ti-cgt-armllvm_4.0.3.LTS\lib\armv7em-ti-none-eabihf\</path>
         <kind>archive</kind>
         <file>libclang_rt.builtins.a</file>
         <name>fixunsdfsi.S.obj</name>
      </input_file>
      <input_file id="fl-10e">
         <path>C:\ti\ccs2020\ccs\tools\compiler\ti-cgt-armllvm_4.0.3.LTS\lib\armv7em-ti-none-eabihf\</path>
         <kind>archive</kind>
         <file>libclang_rt.builtins.a</file>
         <name>floatsidf.S.obj</name>
      </input_file>
      <input_file id="fl-10f">
         <path>C:\ti\ccs2020\ccs\tools\compiler\ti-cgt-armllvm_4.0.3.LTS\lib\armv7em-ti-none-eabihf\</path>
         <kind>archive</kind>
         <file>libclang_rt.builtins.a</file>
         <name>floatunsidf.S.obj</name>
      </input_file>
      <input_file id="fl-110">
         <path>C:\ti\ccs2020\ccs\tools\compiler\ti-cgt-armllvm_4.0.3.LTS\lib\armv7em-ti-none-eabihf\</path>
         <kind>archive</kind>
         <file>libclang_rt.builtins.a</file>
         <name>comparedf2.c.obj</name>
      </input_file>
      <input_file id="fl-111">
         <path>C:\ti\ccs2020\ccs\tools\compiler\ti-cgt-armllvm_4.0.3.LTS\lib\armv7em-ti-none-eabihf\</path>
         <kind>archive</kind>
         <file>libclang_rt.builtins.a</file>
         <name>aeabi_dcmp.S.obj</name>
      </input_file>
      <input_file id="fl-112">
         <path>C:\ti\ccs2020\ccs\tools\compiler\ti-cgt-armllvm_4.0.3.LTS\lib\armv7em-ti-none-eabihf\</path>
         <kind>archive</kind>
         <file>libclang_rt.builtins.a</file>
         <name>aeabi_memcpy.S.obj</name>
      </input_file>
      <input_file id="fl-113">
         <path>C:\ti\ccs2020\ccs\tools\compiler\ti-cgt-armllvm_4.0.3.LTS\lib\armv7em-ti-none-eabihf\</path>
         <kind>archive</kind>
         <file>libclang_rt.builtins.a</file>
         <name>aeabi_memset.S.obj</name>
      </input_file>
      <input_file id="fl-114">
         <path>C:\ti\ccs2020\ccs\tools\compiler\ti-cgt-armllvm_4.0.3.LTS\lib\armv7em-ti-none-eabihf\</path>
         <kind>archive</kind>
         <file>libclang_rt.builtins.a</file>
         <name>aeabi_uldivmod.S.obj</name>
      </input_file>
      <input_file id="fl-115">
         <path>C:\ti\ccs2020\ccs\tools\compiler\ti-cgt-armllvm_4.0.3.LTS\lib\armv7em-ti-none-eabihf\</path>
         <kind>archive</kind>
         <file>libclang_rt.builtins.a</file>
         <name>udivmoddi4.S.obj</name>
      </input_file>
      <input_file id="fl-116">
         <path>C:\ti\ccs2020\ccs\tools\compiler\ti-cgt-armllvm_4.0.3.LTS\lib\armv7em-ti-none-eabihf\</path>
         <kind>archive</kind>
         <file>libclang_rt.builtins.a</file>
         <name>aeabi_div0.c.obj</name>
      </input_file>
      <input_file id="fl-117">
         <path>C:\ti\ccs2020\ccs\tools\compiler\ti-cgt-armllvm_4.0.3.LTS\lib\armv7em-ti-none-eabihf\c\</path>
         <kind>archive</kind>
         <file>libc.a</file>
         <name>getdevice.c.obj</name>
      </input_file>
      <input_file id="fl-118">
         <path>C:\ti\ccs2020\ccs\tools\compiler\ti-cgt-armllvm_4.0.3.LTS\lib\armv7em-ti-none-eabihf\c\</path>
         <kind>archive</kind>
         <file>libc.a</file>
         <name>memcpy_t2.S.obj</name>
      </input_file>
      <input_file id="fl-119">
         <path>C:\ti\ccs2020\ccs\tools\compiler\ti-cgt-armllvm_4.0.3.LTS\lib\armv7em-ti-none-eabihf\c\</path>
         <kind>archive</kind>
         <file>libc.a</file>
         <name>memset_t2.S.obj</name>
      </input_file>
      <input_file id="fl-11a">
         <path>C:\ti\ccs2020\ccs\tools\compiler\ti-cgt-armllvm_4.0.3.LTS\lib\armv7em-ti-none-eabihf\c\</path>
         <kind>archive</kind>
         <file>libc.a</file>
         <name>strcmp_t2.S.obj</name>
      </input_file>
      <input_file id="fl-11b">
         <path>C:\ti\MMWAVE_L_SDK_05_05_03_00\source\kernel\nortos\lib\</path>
         <kind>archive</kind>
         <file>nortos.xwrL64xx.m4f.ti-arm-clang.debug.lib</file>
         <name>TaskP_nortos.obj</name>
      </input_file>
      <input_file id="fl-11c">
         <path>C:\ti\MMWAVE_L_SDK_05_05_03_00\source\kernel\nortos\lib\</path>
         <kind>archive</kind>
         <file>nortos.xwrL64xx.m4f.ti-arm-clang.debug.lib</file>
         <name>AddrTranslateP.obj</name>
      </input_file>
   </input_file_list>
   <object_component_list>
      <object_component id="oc-f">
         <name>.vectors</name>
         <load_address>0x400000</load_address>
         <readwrite>true</readwrite>
         <run_address>0x400000</run_address>
         <size>0x140</size>
         <alignment>0x20</alignment>
         <input_file_ref idref="fl-1f"/>
      </object_component>
      <object_component id="oc-1ad">
         <name>.bss.gUartObjects</name>
         <uninitialized>true</uninitialized>
         <readwrite>true</readwrite>
         <run_address>0x400480</run_address>
         <size>0x21c</size>
         <alignment>0x4</alignment>
         <input_file_ref idref="fl-3"/>
      </object_component>
      <object_component id="oc-162">
         <name>.bss.gEdmaObjects</name>
         <uninitialized>true</uninitialized>
         <readwrite>true</readwrite>
         <run_address>0x40085c</run_address>
         <size>0x58</size>
         <alignment>0x4</alignment>
         <input_file_ref idref="fl-3"/>
      </object_component>
      <object_component id="oc-322">
         <name>.bss.__TI_tmpnams</name>
         <uninitialized>true</uninitialized>
         <readwrite>true</readwrite>
         <run_address>0x4007bc</run_address>
         <size>0xa0</size>
         <alignment>0x1</alignment>
         <input_file_ref idref="fl-45"/>
      </object_component>
      <object_component id="oc-317">
         <name>.bss.sys_free</name>
         <uninitialized>true</uninitialized>
         <readwrite>true</readwrite>
         <run_address>0x4008b4</run_address>
         <size>0x4</size>
         <alignment>0x4</alignment>
         <input_file_ref idref="fl-46"/>
      </object_component>
      <object_component id="oc-32c">
         <name>.bss.parmbuf</name>
         <uninitialized>true</uninitialized>
         <readwrite>true</readwrite>
         <run_address>0x4008f0</run_address>
         <size>0x8</size>
         <alignment>0x1</alignment>
         <input_file_ref idref="fl-103"/>
      </object_component>
      <object_component id="oc-34c">
         <name>.bss:_CIOBUF_</name>
         <uninitialized>true</uninitialized>
         <readwrite>true</readwrite>
         <run_address>0x40069c</run_address>
         <size>0x120</size>
         <alignment>0x4</alignment>
         <input_file_ref idref="fl-108"/>
      </object_component>
      <object_component id="oc-174">
         <name>.common:gEdmaHandle</name>
         <uninitialized>true</uninitialized>
         <readwrite>true</readwrite>
         <run_address>0x4008f8</run_address>
         <size>0x4</size>
         <alignment>0x4</alignment>
      </object_component>
      <object_component id="oc-179">
         <name>.common:gUartHandle</name>
         <uninitialized>true</uninitialized>
         <readwrite>true</readwrite>
         <run_address>0x4008fc</run_address>
         <size>0x4</size>
         <alignment>0x4</alignment>
      </object_component>
      <object_component id="oc-130">
         <name>.common:gClockCtrl</name>
         <uninitialized>true</uninitialized>
         <readwrite>true</readwrite>
         <run_address>0x4008b8</run_address>
         <size>0x38</size>
         <alignment>0x8</alignment>
      </object_component>
      <object_component id="oc-3d">
         <name>.common:gHwiCtrl</name>
         <uninitialized>true</uninitialized>
         <readwrite>true</readwrite>
         <run_address>0x400200</run_address>
         <size>0x280</size>
         <alignment>0x4</alignment>
      </object_component>
      <object_component id="oc-17f">
         <name>.text._vsnprintf</name>
         <load_address>0x400900</load_address>
         <readonly>true</readonly>
         <executable>true</executable>
         <run_address>0x400900</run_address>
         <size>0xa30</size>
         <alignment>0x4</alignment>
         <input_file_ref idref="fl-1d"/>
      </object_component>
      <object_component id="oc-1d7">
         <name>.text._etoa</name>
         <load_address>0x401330</load_address>
         <readonly>true</readonly>
         <executable>true</executable>
         <run_address>0x401330</run_address>
         <size>0x640</size>
         <alignment>0x8</alignment>
         <input_file_ref idref="fl-1d"/>
      </object_component>
      <object_component id="oc-1d6">
         <name>.text._ftoa</name>
         <load_address>0x401970</load_address>
         <readonly>true</readonly>
         <executable>true</executable>
         <run_address>0x401970</run_address>
         <size>0x580</size>
         <alignment>0x8</alignment>
         <input_file_ref idref="fl-1d"/>
      </object_component>
      <object_component id="oc-19e">
         <name>.text.SOC_rcmEnablePeripheralClock</name>
         <load_address>0x401ef0</load_address>
         <readonly>true</readonly>
         <executable>true</executable>
         <run_address>0x401ef0</run_address>
         <size>0x4f4</size>
         <alignment>0x4</alignment>
         <input_file_ref idref="fl-26"/>
      </object_component>
      <object_component id="oc-7a">
         <name>.text.hwi</name>
         <load_address>0x4023e4</load_address>
         <readonly>true</readonly>
         <executable>true</executable>
         <run_address>0x4023e4</run_address>
         <size>0x4ca</size>
         <alignment>0x2</alignment>
         <input_file_ref idref="fl-1e"/>
      </object_component>
      <object_component id="oc-fb">
         <name>.text.EDMAInitialize</name>
         <load_address>0x4028ae</load_address>
         <readonly>true</readonly>
         <executable>true</executable>
         <run_address>0x4028ae</run_address>
         <size>0x32c</size>
         <alignment>0x2</alignment>
         <input_file_ref idref="fl-23"/>
      </object_component>
      <object_component id="oc-66">
         <name>.text.Board_deinit</name>
         <load_address>0x402bda</load_address>
         <readonly>true</readonly>
         <executable>true</executable>
         <run_address>0x402bda</run_address>
         <size>0x2</size>
         <alignment>0x2</alignment>
         <input_file_ref idref="fl-7"/>
      </object_component>
      <object_component id="oc-14e">
         <name>.text.SOC_rcmGetClkSrcAndDivValue</name>
         <load_address>0x402bdc</load_address>
         <readonly>true</readonly>
         <executable>true</executable>
         <run_address>0x402bdc</run_address>
         <size>0x2f8</size>
         <alignment>0x4</alignment>
         <input_file_ref idref="fl-26"/>
      </object_component>
      <object_component id="oc-a6">
         <name>.text.Board_driversOpen</name>
         <load_address>0x402ed4</load_address>
         <readonly>true</readonly>
         <executable>true</executable>
         <run_address>0x402ed4</run_address>
         <size>0xc</size>
         <alignment>0x2</alignment>
         <input_file_ref idref="fl-8"/>
      </object_component>
      <object_component id="oc-35b">
         <name>.text:strcmp</name>
         <load_address>0x402ee0</load_address>
         <readonly>true</readonly>
         <executable>true</executable>
         <run_address>0x402ee0</run_address>
         <size>0x2dc</size>
         <alignment>0x20</alignment>
         <input_file_ref idref="fl-11a"/>
      </object_component>
      <object_component id="oc-1c9">
         <name>.text.UART_edmaChannelConfig</name>
         <load_address>0x4031bc</load_address>
         <readonly>true</readonly>
         <executable>true</executable>
         <run_address>0x4031bc</run_address>
         <size>0x2ce</size>
         <alignment>0x2</alignment>
         <input_file_ref idref="fl-28"/>
      </object_component>
      <object_component id="oc-17b">
         <name>.text.UART_open</name>
         <load_address>0x40348a</load_address>
         <readonly>true</readonly>
         <executable>true</executable>
         <run_address>0x40348a</run_address>
         <size>0x29c</size>
         <alignment>0x2</alignment>
         <input_file_ref idref="fl-27"/>
      </object_component>
      <object_component id="oc-b2">
         <name>.text.Board_driversClose</name>
         <load_address>0x403726</load_address>
         <readonly>true</readonly>
         <executable>true</executable>
         <run_address>0x403726</run_address>
         <size>0x2</size>
         <alignment>0x2</alignment>
         <input_file_ref idref="fl-8"/>
      </object_component>
      <object_component id="oc-296">
         <name>.text.allocResource</name>
         <load_address>0x403728</load_address>
         <readonly>true</readonly>
         <executable>true</executable>
         <run_address>0x403728</run_address>
         <size>0x25a</size>
         <alignment>0x4</alignment>
         <input_file_ref idref="fl-23"/>
      </object_component>
      <object_component id="oc-3f">
         <name>.text.mpu</name>
         <load_address>0x403982</load_address>
         <readonly>true</readonly>
         <executable>true</executable>
         <run_address>0x403982</run_address>
         <size>0x23e</size>
         <alignment>0x2</alignment>
         <input_file_ref idref="fl-21"/>
      </object_component>
      <object_component id="oc-1c8">
         <name>.text.UART_controllerIsr</name>
         <load_address>0x403bc0</load_address>
         <readonly>true</readonly>
         <executable>true</executable>
         <run_address>0x403bc0</run_address>
         <size>0x23c</size>
         <alignment>0x2</alignment>
         <input_file_ref idref="fl-27"/>
      </object_component>
      <object_component id="oc-22d">
         <name>.text._ntoa_format</name>
         <load_address>0x403dfc</load_address>
         <readonly>true</readonly>
         <executable>true</executable>
         <run_address>0x403dfc</run_address>
         <size>0x23c</size>
         <alignment>0x2</alignment>
         <input_file_ref idref="fl-1d"/>
      </object_component>
      <object_component id="oc-118">
         <name>.text.EDMADeinitialize</name>
         <load_address>0x404038</load_address>
         <readonly>true</readonly>
         <executable>true</executable>
         <run_address>0x404038</run_address>
         <size>0x1de</size>
         <alignment>0x2</alignment>
         <input_file_ref idref="fl-23"/>
      </object_component>
      <object_component id="oc-5c">
         <name>.text.Board_init</name>
         <load_address>0x404216</load_address>
         <readonly>true</readonly>
         <executable>true</executable>
         <run_address>0x404216</run_address>
         <size>0x2</size>
         <alignment>0x2</alignment>
         <input_file_ref idref="fl-7"/>
      </object_component>
      <object_component id="oc-1c6">
         <name>.text.UART_configInstance</name>
         <load_address>0x404218</load_address>
         <readonly>true</readonly>
         <executable>true</executable>
         <run_address>0x404218</run_address>
         <size>0x1c8</size>
         <alignment>0x8</alignment>
         <input_file_ref idref="fl-27"/>
      </object_component>
      <object_component id="oc-207">
         <name>.text.adddf3_subdf3</name>
         <load_address>0x4043e0</load_address>
         <readonly>true</readonly>
         <executable>true</executable>
         <run_address>0x4043e0</run_address>
         <size>0x1b6</size>
         <alignment>0x4</alignment>
         <input_file_ref idref="fl-109"/>
      </object_component>
      <object_component id="oc-2b0">
         <name>.text.UART_writeDma</name>
         <load_address>0x404596</load_address>
         <readonly>true</readonly>
         <executable>true</executable>
         <run_address>0x404596</run_address>
         <size>0x1aa</size>
         <alignment>0x2</alignment>
         <input_file_ref idref="fl-28"/>
      </object_component>
      <object_component id="oc-27c">
         <name>.text.EDMA_freeResource</name>
         <load_address>0x404740</load_address>
         <readonly>true</readonly>
         <executable>true</executable>
         <run_address>0x404740</run_address>
         <size>0x1a8</size>
         <alignment>0x4</alignment>
         <input_file_ref idref="fl-23"/>
      </object_component>
      <object_component id="oc-182">
         <name>.text.UART_close</name>
         <load_address>0x4048e8</load_address>
         <readonly>true</readonly>
         <executable>true</executable>
         <run_address>0x4048e8</run_address>
         <size>0x1a8</size>
         <alignment>0x2</alignment>
         <input_file_ref idref="fl-27"/>
      </object_component>
      <object_component id="oc-1bd">
         <name>.text.EDMA_transferCompletionMasterIsrFxn</name>
         <load_address>0x404a90</load_address>
         <readonly>true</readonly>
         <executable>true</executable>
         <run_address>0x404a90</run_address>
         <size>0x196</size>
         <alignment>0x2</alignment>
         <input_file_ref idref="fl-23"/>
      </object_component>
      <object_component id="oc-176">
         <name>.text.EDMA_open</name>
         <load_address>0x404c26</load_address>
         <readonly>true</readonly>
         <executable>true</executable>
         <run_address>0x404c26</run_address>
         <size>0x186</size>
         <alignment>0x2</alignment>
         <input_file_ref idref="fl-23"/>
      </object_component>
      <object_component id="oc-285">
         <name>.text.UART_write</name>
         <load_address>0x404dac</load_address>
         <readonly>true</readonly>
         <executable>true</executable>
         <run_address>0x404dac</run_address>
         <size>0x174</size>
         <alignment>0x2</alignment>
         <input_file_ref idref="fl-27"/>
      </object_component>
      <object_component id="oc-1d4">
         <name>.text._ntoa_long_long</name>
         <load_address>0x404f20</load_address>
         <readonly>true</readonly>
         <executable>true</executable>
         <run_address>0x404f20</run_address>
         <size>0x138</size>
         <alignment>0x2</alignment>
         <input_file_ref idref="fl-1d"/>
      </object_component>
      <object_component id="oc-21f">
         <name>.text.EDMA_registerIntr</name>
         <load_address>0x405058</load_address>
         <readonly>true</readonly>
         <executable>true</executable>
         <run_address>0x405058</run_address>
         <size>0x136</size>
         <alignment>0x2</alignment>
         <input_file_ref idref="fl-23"/>
      </object_component>
      <object_component id="oc-250">
         <name>.text.TaskP_yield</name>
         <load_address>0x40518e</load_address>
         <readonly>true</readonly>
         <executable>true</executable>
         <run_address>0x40518e</run_address>
         <size>0x2</size>
         <alignment>0x2</alignment>
         <input_file_ref idref="fl-11b"/>
      </object_component>
      <object_component id="oc-24a">
         <name>.text.__divdf3</name>
         <load_address>0x405190</load_address>
         <readonly>true</readonly>
         <executable>true</executable>
         <run_address>0x405190</run_address>
         <size>0x136</size>
         <alignment>0x4</alignment>
         <input_file_ref idref="fl-10b"/>
      </object_component>
      <object_component id="oc-1eb">
         <name>.text.__aeabi_ldiv0</name>
         <load_address>0x4052c6</load_address>
         <readonly>true</readonly>
         <executable>true</executable>
         <run_address>0x4052c6</run_address>
         <size>0x2</size>
         <alignment>0x2</alignment>
         <input_file_ref idref="fl-116"/>
      </object_component>
      <object_component id="oc-270">
         <name>.text.EDMA_allocResource</name>
         <load_address>0x4052c8</load_address>
         <readonly>true</readonly>
         <executable>true</executable>
         <run_address>0x4052c8</run_address>
         <size>0x132</size>
         <alignment>0x4</alignment>
         <input_file_ref idref="fl-23"/>
      </object_component>
      <object_component id="oc-24">
         <name>.text.hwi</name>
         <load_address>0x4053fa</load_address>
         <readonly>true</readonly>
         <executable>true</executable>
         <run_address>0x4053fa</run_address>
         <size>0x12e</size>
         <alignment>0x2</alignment>
         <input_file_ref idref="fl-1f"/>
      </object_component>
      <object_component id="oc-1e3">
         <name>.text.SOC_rcmGetClkSrcAndDivReg</name>
         <load_address>0x405528</load_address>
         <readonly>true</readonly>
         <executable>true</executable>
         <run_address>0x405528</run_address>
         <size>0x128</size>
         <alignment>0x4</alignment>
         <input_file_ref idref="fl-26"/>
      </object_component>
      <object_component id="oc-262">
         <name>.text.floor</name>
         <load_address>0x405650</load_address>
         <readonly>true</readonly>
         <executable>true</executable>
         <run_address>0x405650</run_address>
         <size>0x120</size>
         <alignment>0x8</alignment>
         <input_file_ref idref="fl-4c"/>
      </object_component>
      <object_component id="oc-dd">
         <name>.text.ClockP_init</name>
         <load_address>0x405770</load_address>
         <readonly>true</readonly>
         <executable>true</executable>
         <run_address>0x405770</run_address>
         <size>0x11c</size>
         <alignment>0x2</alignment>
         <input_file_ref idref="fl-1c"/>
      </object_component>
      <object_component id="oc-1d5">
         <name>.text._ntoa_long</name>
         <load_address>0x40588c</load_address>
         <readonly>true</readonly>
         <executable>true</executable>
         <run_address>0x40588c</run_address>
         <size>0x114</size>
         <alignment>0x2</alignment>
         <input_file_ref idref="fl-1d"/>
      </object_component>
      <object_component id="oc-137">
         <name>.text.SysTickTimerP_setup</name>
         <load_address>0x4059a0</load_address>
         <readonly>true</readonly>
         <executable>true</executable>
         <run_address>0x4059a0</run_address>
         <size>0x10e</size>
         <alignment>0x2</alignment>
         <input_file_ref idref="fl-20"/>
      </object_component>
      <object_component id="oc-11d">
         <name>.text._nop</name>
         <load_address>0x405aae</load_address>
         <readonly>true</readonly>
         <executable>true</executable>
         <run_address>0x405aae</run_address>
         <size>0x2</size>
         <alignment>0x2</alignment>
         <input_file_ref idref="fl-44"/>
      </object_component>
      <object_component id="oc-2ec">
         <name>.text.aligned_alloc</name>
         <load_address>0x405ab0</load_address>
         <readonly>true</readonly>
         <executable>true</executable>
         <run_address>0x405ab0</run_address>
         <size>0x10c</size>
         <alignment>0x4</alignment>
         <input_file_ref idref="fl-46"/>
      </object_component>
      <object_component id="oc-246">
         <name>.text.__muldf3</name>
         <load_address>0x405bbc</load_address>
         <readonly>true</readonly>
         <executable>true</executable>
         <run_address>0x405bbc</run_address>
         <size>0xfc</size>
         <alignment>0x4</alignment>
         <input_file_ref idref="fl-10a"/>
      </object_component>
      <object_component id="oc-1c1">
         <name>.text.SemaphoreP_pend</name>
         <load_address>0x405cb8</load_address>
         <readonly>true</readonly>
         <executable>true</executable>
         <run_address>0x405cb8</run_address>
         <size>0xf6</size>
         <alignment>0x2</alignment>
         <input_file_ref idref="fl-22"/>
      </object_component>
      <object_component id="oc-15b">
         <name>.text.AddrTranslateP_getLocalAddr</name>
         <load_address>0x405dae</load_address>
         <readonly>true</readonly>
         <executable>true</executable>
         <run_address>0x405dae</run_address>
         <size>0xe8</size>
         <alignment>0x2</alignment>
         <input_file_ref idref="fl-11c"/>
      </object_component>
      <object_component id="oc-1db">
         <name>.text.UART_flushTxFifo</name>
         <load_address>0x405e96</load_address>
         <readonly>true</readonly>
         <executable>true</executable>
         <run_address>0x405e96</run_address>
         <size>0xde</size>
         <alignment>0x2</alignment>
         <input_file_ref idref="fl-27"/>
      </object_component>
      <object_component id="oc-2d1">
         <name>.text.free</name>
         <load_address>0x405f74</load_address>
         <readonly>true</readonly>
         <executable>true</executable>
         <run_address>0x405f74</run_address>
         <size>0xdc</size>
         <alignment>0x4</alignment>
         <input_file_ref idref="fl-46"/>
      </object_component>
      <object_component id="oc-2ae">
         <name>.text.UART_writeInterrupt</name>
         <load_address>0x406050</load_address>
         <readonly>true</readonly>
         <executable>true</executable>
         <run_address>0x406050</run_address>
         <size>0xda</size>
         <alignment>0x2</alignment>
         <input_file_ref idref="fl-27"/>
      </object_component>
      <object_component id="oc-2af">
         <name>.text.UART_writePolling</name>
         <load_address>0x40612a</load_address>
         <readonly>true</readonly>
         <executable>true</executable>
         <run_address>0x40612a</run_address>
         <size>0xd8</size>
         <alignment>0x2</alignment>
         <input_file_ref idref="fl-27"/>
      </object_component>
      <object_component id="oc-2b6">
         <name>.text.setvbuf</name>
         <load_address>0x406204</load_address>
         <readonly>true</readonly>
         <executable>true</executable>
         <run_address>0x406204</run_address>
         <size>0xd8</size>
         <alignment>0x4</alignment>
         <input_file_ref idref="fl-41"/>
      </object_component>
      <object_component id="oc-19f">
         <name>.text.SOC_rcmSetPeripheralClock</name>
         <load_address>0x4062dc</load_address>
         <readonly>true</readonly>
         <executable>true</executable>
         <run_address>0x4062dc</run_address>
         <size>0xce</size>
         <alignment>0x2</alignment>
         <input_file_ref idref="fl-26"/>
      </object_component>
      <object_component id="oc-271">
         <name>.text.EDMAEnableChInShadowRegRegion</name>
         <load_address>0x4063aa</load_address>
         <readonly>true</readonly>
         <executable>true</executable>
         <run_address>0x4063aa</run_address>
         <size>0xcc</size>
         <alignment>0x2</alignment>
         <input_file_ref idref="fl-23"/>
      </object_component>
      <object_component id="oc-201">
         <name>.text.round</name>
         <load_address>0x406478</load_address>
         <readonly>true</readonly>
         <executable>true</executable>
         <run_address>0x406478</run_address>
         <size>0xc4</size>
         <alignment>0x8</alignment>
         <input_file_ref idref="fl-42"/>
      </object_component>
      <object_component id="oc-272">
         <name>.text.EDMAMapChToEvtQ</name>
         <load_address>0x40653c</load_address>
         <readonly>true</readonly>
         <executable>true</executable>
         <run_address>0x40653c</run_address>
         <size>0xc0</size>
         <alignment>0x2</alignment>
         <input_file_ref idref="fl-23"/>
      </object_component>
      <object_component id="oc-235">
         <name>.text._out_rev</name>
         <load_address>0x4065fc</load_address>
         <readonly>true</readonly>
         <executable>true</executable>
         <run_address>0x4065fc</run_address>
         <size>0xc0</size>
         <alignment>0x2</alignment>
         <input_file_ref idref="fl-1d"/>
      </object_component>
      <object_component id="oc-260">
         <name>.text.ClockP_stop</name>
         <load_address>0x4066bc</load_address>
         <readonly>true</readonly>
         <executable>true</executable>
         <run_address>0x4066bc</run_address>
         <size>0xba</size>
         <alignment>0x2</alignment>
         <input_file_ref idref="fl-1b"/>
      </object_component>
      <object_component id="oc-21c">
         <name>.text.EDMAConfigureChannelRegion</name>
         <load_address>0x406776</load_address>
         <readonly>true</readonly>
         <executable>true</executable>
         <run_address>0x406776</run_address>
         <size>0xb6</size>
         <alignment>0x2</alignment>
         <input_file_ref idref="fl-23"/>
      </object_component>
      <object_component id="oc-f3">
         <name>.text.SOC_rcmGetPeripheralClock</name>
         <load_address>0x40682c</load_address>
         <readonly>true</readonly>
         <executable>true</executable>
         <run_address>0x40682c</run_address>
         <size>0xb4</size>
         <alignment>0x2</alignment>
         <input_file_ref idref="fl-26"/>
      </object_component>
      <object_component id="oc-139">
         <name>.text.ClockP_timerTickIsr</name>
         <load_address>0x4068e0</load_address>
         <readonly>true</readonly>
         <executable>true</executable>
         <run_address>0x4068e0</run_address>
         <size>0xb2</size>
         <alignment>0x2</alignment>
         <input_file_ref idref="fl-1b"/>
      </object_component>
      <object_component id="oc-f4">
         <name>.text.UART_init</name>
         <load_address>0x406992</load_address>
         <readonly>true</readonly>
         <executable>true</executable>
         <run_address>0x406992</run_address>
         <size>0xb0</size>
         <alignment>0x2</alignment>
         <input_file_ref idref="fl-27"/>
      </object_component>
      <object_component id="oc-1b4">
         <name>.text</name>
         <load_address>0x406a44</load_address>
         <readonly>true</readonly>
         <executable>true</executable>
         <run_address>0x406a44</run_address>
         <size>0xb0</size>
         <alignment>0x4</alignment>
         <input_file_ref idref="fl-115"/>
      </object_component>
      <object_component id="oc-ff">
         <name>.text.Drivers_uartOpen</name>
         <load_address>0x406af4</load_address>
         <readonly>true</readonly>
         <executable>true</executable>
         <run_address>0x406af4</run_address>
         <size>0xaa</size>
         <alignment>0x2</alignment>
         <input_file_ref idref="fl-4"/>
      </object_component>
      <object_component id="oc-183">
         <name>.text.EDMA_close</name>
         <load_address>0x406b9e</load_address>
         <readonly>true</readonly>
         <executable>true</executable>
         <run_address>0x406b9e</run_address>
         <size>0xaa</size>
         <alignment>0x2</alignment>
         <input_file_ref idref="fl-23"/>
      </object_component>
      <object_component id="oc-198">
         <name>.text.ClockP_addToList</name>
         <load_address>0x406c48</load_address>
         <readonly>true</readonly>
         <executable>true</executable>
         <run_address>0x406c48</run_address>
         <size>0xa8</size>
         <alignment>0x2</alignment>
         <input_file_ref idref="fl-1b"/>
      </object_component>
      <object_component id="oc-1fb">
         <name>.text.ClockP_destruct</name>
         <load_address>0x406cf0</load_address>
         <readonly>true</readonly>
         <executable>true</executable>
         <run_address>0x406cf0</run_address>
         <size>0xa8</size>
         <alignment>0x2</alignment>
         <input_file_ref idref="fl-1b"/>
      </object_component>
      <object_component id="oc-fe">
         <name>.text.Drivers_edmaOpen</name>
         <load_address>0x406d98</load_address>
         <readonly>true</readonly>
         <executable>true</executable>
         <run_address>0x406d98</run_address>
         <size>0xa6</size>
         <alignment>0x2</alignment>
         <input_file_ref idref="fl-4"/>
      </object_component>
      <object_component id="oc-223">
         <name>.text.UART_txEdmaIsrFxn</name>
         <load_address>0x406e3e</load_address>
         <readonly>true</readonly>
         <executable>true</executable>
         <run_address>0x406e3e</run_address>
         <size>0xa6</size>
         <alignment>0x2</alignment>
         <input_file_ref idref="fl-28"/>
      </object_component>
      <object_component id="oc-173">
         <name>.text.EDMASetPaRAM</name>
         <load_address>0x406ee4</load_address>
         <readonly>true</readonly>
         <executable>true</executable>
         <run_address>0x406ee4</run_address>
         <size>0xa2</size>
         <alignment>0x2</alignment>
         <input_file_ref idref="fl-23"/>
      </object_component>
      <object_component id="oc-21e">
         <name>.text.UART_rxEdmaIsrFxn</name>
         <load_address>0x406f86</load_address>
         <readonly>true</readonly>
         <executable>true</executable>
         <run_address>0x406f86</run_address>
         <size>0xa0</size>
         <alignment>0x2</alignment>
         <input_file_ref idref="fl-28"/>
      </object_component>
      <object_component id="oc-19a">
         <name>.text.SOC_rcmEnableADPLLClock</name>
         <load_address>0x407026</load_address>
         <readonly>true</readonly>
         <executable>true</executable>
         <run_address>0x407026</run_address>
         <size>0x92</size>
         <alignment>0x2</alignment>
         <input_file_ref idref="fl-26"/>
      </object_component>
      <object_component id="oc-163">
         <name>.text.ClockP_getTimeUsec</name>
         <load_address>0x4070b8</load_address>
         <readonly>true</readonly>
         <executable>true</executable>
         <run_address>0x4070b8</run_address>
         <size>0x90</size>
         <alignment>0x2</alignment>
         <input_file_ref idref="fl-1b"/>
      </object_component>
      <object_component id="oc-2c6">
         <name>.text.UART_writeCancelNoCB</name>
         <load_address>0x407148</load_address>
         <readonly>true</readonly>
         <executable>true</executable>
         <run_address>0x407148</run_address>
         <size>0x90</size>
         <alignment>0x2</alignment>
         <input_file_ref idref="fl-27"/>
      </object_component>
      <object_component id="oc-2ca">
         <name>.text.EDMAEnableTransferRegion</name>
         <load_address>0x4071d8</load_address>
         <readonly>true</readonly>
         <executable>true</executable>
         <run_address>0x4071d8</run_address>
         <size>0x8c</size>
         <alignment>0x2</alignment>
         <input_file_ref idref="fl-23"/>
      </object_component>
      <object_component id="oc-bb">
         <name>.text.EDMA_deinit</name>
         <load_address>0x407264</load_address>
         <readonly>true</readonly>
         <executable>true</executable>
         <run_address>0x407264</run_address>
         <size>0x8c</size>
         <alignment>0x2</alignment>
         <input_file_ref idref="fl-23"/>
      </object_component>
      <object_component id="oc-98">
         <name>.text.EDMA_init</name>
         <load_address>0x4072f0</load_address>
         <readonly>true</readonly>
         <executable>true</executable>
         <run_address>0x4072f0</run_address>
         <size>0x8c</size>
         <alignment>0x2</alignment>
         <input_file_ref idref="fl-23"/>
      </object_component>
      <object_component id="oc-27e">
         <name>.text.fputc</name>
         <load_address>0x40737c</load_address>
         <readonly>true</readonly>
         <executable>true</executable>
         <run_address>0x40737c</run_address>
         <size>0x88</size>
         <alignment>0x4</alignment>
         <input_file_ref idref="fl-3f"/>
      </object_component>
      <object_component id="oc-97">
         <name>.text.Drivers_uartInit</name>
         <load_address>0x407404</load_address>
         <readonly>true</readonly>
         <executable>true</executable>
         <run_address>0x407404</run_address>
         <size>0x80</size>
         <alignment>0x2</alignment>
         <input_file_ref idref="fl-3"/>
      </object_component>
      <object_component id="oc-fa">
         <name>.text._DebugP_assert</name>
         <load_address>0x407484</load_address>
         <readonly>true</readonly>
         <executable>true</executable>
         <run_address>0x407484</run_address>
         <size>0x7c</size>
         <alignment>0x2</alignment>
         <input_file_ref idref="fl-19"/>
      </object_component>
      <object_component id="oc-1ac">
         <name>.text.SOC_rcmGetFreqLeafNode</name>
         <load_address>0x407500</load_address>
         <readonly>true</readonly>
         <executable>true</executable>
         <run_address>0x407500</run_address>
         <size>0x76</size>
         <alignment>0x2</alignment>
         <input_file_ref idref="fl-26"/>
      </object_component>
      <object_component id="oc-1c5">
         <name>.text.UART_checkOpenParams</name>
         <load_address>0x407576</load_address>
         <readonly>true</readonly>
         <executable>true</executable>
         <run_address>0x407576</run_address>
         <size>0x76</size>
         <alignment>0x2</alignment>
         <input_file_ref idref="fl-27"/>
      </object_component>
      <object_component id="oc-172">
         <name>.text.EDMACCPaRAMEntry_init</name>
         <load_address>0x4075ec</load_address>
         <readonly>true</readonly>
         <executable>true</executable>
         <run_address>0x4075ec</run_address>
         <size>0x74</size>
         <alignment>0x2</alignment>
         <input_file_ref idref="fl-23"/>
      </object_component>
      <object_component id="oc-16c">
         <name>.text.EDMAClrMissEvtRegion</name>
         <load_address>0x407660</load_address>
         <readonly>true</readonly>
         <executable>true</executable>
         <run_address>0x407660</run_address>
         <size>0x72</size>
         <alignment>0x2</alignment>
         <input_file_ref idref="fl-23"/>
      </object_component>
      <object_component id="oc-1f8">
         <name>.text.ClockP_construct</name>
         <load_address>0x4076d2</load_address>
         <readonly>true</readonly>
         <executable>true</executable>
         <run_address>0x4076d2</run_address>
         <size>0x70</size>
         <alignment>0x2</alignment>
         <input_file_ref idref="fl-1b"/>
      </object_component>
      <object_component id="oc-2ed">
         <name>.text.__TI_closefile</name>
         <load_address>0x407744</load_address>
         <readonly>true</readonly>
         <executable>true</executable>
         <run_address>0x407744</run_address>
         <size>0x70</size>
         <alignment>0x4</alignment>
         <input_file_ref idref="fl-50"/>
      </object_component>
      <object_component id="oc-318">
         <name>.text.split</name>
         <load_address>0x4077b4</load_address>
         <readonly>true</readonly>
         <executable>true</executable>
         <run_address>0x4077b4</run_address>
         <size>0x6c</size>
         <alignment>0x4</alignment>
         <input_file_ref idref="fl-46"/>
      </object_component>
      <object_component id="oc-217">
         <name>.text.EDMA_getBaseAddr</name>
         <load_address>0x407820</load_address>
         <readonly>true</readonly>
         <executable>true</executable>
         <run_address>0x407820</run_address>
         <size>0x68</size>
         <alignment>0x2</alignment>
         <input_file_ref idref="fl-23"/>
      </object_component>
      <object_component id="oc-2cd">
         <name>.text.fseeko</name>
         <load_address>0x407888</load_address>
         <readonly>true</readonly>
         <executable>true</executable>
         <run_address>0x407888</run_address>
         <size>0x68</size>
         <alignment>0x4</alignment>
         <input_file_ref idref="fl-4b"/>
      </object_component>
      <object_component id="oc-34f">
         <name>.text.getdevice</name>
         <load_address>0x4078f0</load_address>
         <readonly>true</readonly>
         <executable>true</executable>
         <run_address>0x4078f0</run_address>
         <size>0x68</size>
         <alignment>0x4</alignment>
         <input_file_ref idref="fl-117"/>
      </object_component>
      <object_component id="oc-30e">
         <name>.text.HOSTrename</name>
         <load_address>0x407958</load_address>
         <readonly>true</readonly>
         <executable>true</executable>
         <run_address>0x407958</run_address>
         <size>0x64</size>
         <alignment>0x4</alignment>
         <input_file_ref idref="fl-105"/>
      </object_component>
      <object_component id="oc-1e4">
         <name>.text.SOC_rcmInsert16</name>
         <load_address>0x4079bc</load_address>
         <readonly>true</readonly>
         <executable>true</executable>
         <run_address>0x4079bc</run_address>
         <size>0x62</size>
         <alignment>0x2</alignment>
         <input_file_ref idref="fl-26"/>
      </object_component>
      <object_component id="oc-236">
         <name>.text.__aeabi_dcmp</name>
         <load_address>0x407a20</load_address>
         <readonly>true</readonly>
         <executable>true</executable>
         <run_address>0x407a20</run_address>
         <size>0x62</size>
         <alignment>0x4</alignment>
         <input_file_ref idref="fl-111"/>
      </object_component>
      <object_component id="oc-299">
         <name>.text.__TI_wrt_ok</name>
         <load_address>0x407a82</load_address>
         <readonly>true</readonly>
         <executable>true</executable>
         <run_address>0x407a82</run_address>
         <size>0x60</size>
         <alignment>0x2</alignment>
         <input_file_ref idref="fl-40"/>
      </object_component>
      <object_component id="oc-31a">
         <name>.text.close</name>
         <load_address>0x407ae4</load_address>
         <readonly>true</readonly>
         <executable>true</executable>
         <run_address>0x407ae4</run_address>
         <size>0x60</size>
         <alignment>0x4</alignment>
         <input_file_ref idref="fl-ff"/>
      </object_component>
      <object_component id="oc-1cf">
         <name>.text.SemaphoreP_post</name>
         <load_address>0x407b44</load_address>
         <readonly>true</readonly>
         <executable>true</executable>
         <run_address>0x407b44</run_address>
         <size>0x5e</size>
         <alignment>0x2</alignment>
         <input_file_ref idref="fl-22"/>
      </object_component>
      <object_component id="oc-e3">
         <name>.text.Module_clockSetFrequency</name>
         <load_address>0x407ba2</load_address>
         <readonly>true</readonly>
         <executable>true</executable>
         <run_address>0x407ba2</run_address>
         <size>0x5c</size>
         <alignment>0x2</alignment>
         <input_file_ref idref="fl-6"/>
      </object_component>
      <object_component id="oc-306">
         <name>.text.HOSTlseek</name>
         <load_address>0x407c00</load_address>
         <readonly>true</readonly>
         <executable>true</executable>
         <run_address>0x407c00</run_address>
         <size>0x58</size>
         <alignment>0x4</alignment>
         <input_file_ref idref="fl-102"/>
      </object_component>
      <object_component id="oc-2f6">
         <name>.text.HOSTopen</name>
         <load_address>0x407c58</load_address>
         <readonly>true</readonly>
         <executable>true</executable>
         <run_address>0x407c58</run_address>
         <size>0x58</size>
         <alignment>0x4</alignment>
         <input_file_ref idref="fl-103"/>
      </object_component>
      <object_component id="oc-2c9">
         <name>.text.SOC_virtToPhy</name>
         <load_address>0x407cb0</load_address>
         <readonly>true</readonly>
         <executable>true</executable>
         <run_address>0x407cb0</run_address>
         <size>0x58</size>
         <alignment>0x2</alignment>
         <input_file_ref idref="fl-25"/>
      </object_component>
      <object_component id="oc-288">
         <name>.text.__ledf2</name>
         <load_address>0x407d08</load_address>
         <readonly>true</readonly>
         <executable>true</executable>
         <run_address>0x407d08</run_address>
         <size>0x58</size>
         <alignment>0x4</alignment>
         <input_file_ref idref="fl-110"/>
      </object_component>
      <object_component id="oc-216">
         <name>.text.EDMA_getHandle</name>
         <load_address>0x407d60</load_address>
         <readonly>true</readonly>
         <executable>true</executable>
         <run_address>0x407d60</run_address>
         <size>0x56</size>
         <alignment>0x2</alignment>
         <input_file_ref idref="fl-23"/>
      </object_component>
      <object_component id="oc-2fe">
         <name>.text.HOSTread</name>
         <load_address>0x407db8</load_address>
         <readonly>true</readonly>
         <executable>true</executable>
         <run_address>0x407db8</run_address>
         <size>0x54</size>
         <alignment>0x4</alignment>
         <input_file_ref idref="fl-104"/>
      </object_component>
      <object_component id="oc-302">
         <name>.text.HOSTwrite</name>
         <load_address>0x407e0c</load_address>
         <readonly>true</readonly>
         <executable>true</executable>
         <run_address>0x407e0c</run_address>
         <size>0x54</size>
         <alignment>0x4</alignment>
         <input_file_ref idref="fl-107"/>
      </object_component>
      <object_component id="oc-1e2">
         <name>.text.SOC_rcmGetModuleClkDivVal</name>
         <load_address>0x407e60</load_address>
         <readonly>true</readonly>
         <executable>true</executable>
         <run_address>0x407e60</run_address>
         <size>0x54</size>
         <alignment>0x2</alignment>
         <input_file_ref idref="fl-26"/>
      </object_component>
      <object_component id="oc-289">
         <name>.text.__gedf2</name>
         <load_address>0x407eb4</load_address>
         <readonly>true</readonly>
         <executable>true</executable>
         <run_address>0x407eb4</run_address>
         <size>0x54</size>
         <alignment>0x4</alignment>
         <input_file_ref idref="fl-110"/>
      </object_component>
      <object_component id="oc-2cc">
         <name>.text.EDMAReadIntrStatusRegion</name>
         <load_address>0x407f08</load_address>
         <readonly>true</readonly>
         <executable>true</executable>
         <run_address>0x407f08</run_address>
         <size>0x52</size>
         <alignment>0x2</alignment>
         <input_file_ref idref="fl-23"/>
      </object_component>
      <object_component id="oc-eb">
         <name>.text.Pinmux_config</name>
         <load_address>0x407f5a</load_address>
         <readonly>true</readonly>
         <executable>true</executable>
         <run_address>0x407f5a</run_address>
         <size>0x52</size>
         <alignment>0x2</alignment>
         <input_file_ref idref="fl-24"/>
      </object_component>
      <object_component id="oc-1a4">
         <name>.text.SOC_rcmGetClkSrcFromClkSelVal</name>
         <load_address>0x407fac</load_address>
         <readonly>true</readonly>
         <executable>true</executable>
         <run_address>0x407fac</run_address>
         <size>0x52</size>
         <alignment>0x2</alignment>
         <input_file_ref idref="fl-26"/>
      </object_component>
      <object_component id="oc-1b2">
         <name>.text.SemaphoreP_construct</name>
         <load_address>0x407ffe</load_address>
         <readonly>true</readonly>
         <executable>true</executable>
         <run_address>0x407ffe</run_address>
         <size>0x52</size>
         <alignment>0x2</alignment>
         <input_file_ref idref="fl-22"/>
      </object_component>
      <object_component id="oc-57">
         <name>.text.System_init</name>
         <load_address>0x408050</load_address>
         <readonly>true</readonly>
         <executable>true</executable>
         <run_address>0x408050</run_address>
         <size>0x52</size>
         <alignment>0x2</alignment>
         <input_file_ref idref="fl-3"/>
      </object_component>
      <object_component id="oc-10e">
         <name>.text.Drivers_edmaClose</name>
         <load_address>0x4080a2</load_address>
         <readonly>true</readonly>
         <executable>true</executable>
         <run_address>0x4080a2</run_address>
         <size>0x50</size>
         <alignment>0x2</alignment>
         <input_file_ref idref="fl-4"/>
      </object_component>
      <object_component id="oc-10d">
         <name>.text.Drivers_uartClose</name>
         <load_address>0x4080f2</load_address>
         <readonly>true</readonly>
         <executable>true</executable>
         <run_address>0x4080f2</run_address>
         <size>0x50</size>
         <alignment>0x2</alignment>
         <input_file_ref idref="fl-4"/>
      </object_component>
      <object_component id="oc-e2">
         <name>.text.Module_clockEnable</name>
         <load_address>0x408142</load_address>
         <readonly>true</readonly>
         <executable>true</executable>
         <run_address>0x408142</run_address>
         <size>0x50</size>
         <alignment>0x2</alignment>
         <input_file_ref idref="fl-6"/>
      </object_component>
      <object_component id="oc-2a3">
         <name>.text.__TI_doflush</name>
         <load_address>0x408192</load_address>
         <readonly>true</readonly>
         <executable>true</executable>
         <run_address>0x408192</run_address>
         <size>0x50</size>
         <alignment>0x2</alignment>
         <input_file_ref idref="fl-49"/>
      </object_component>
      <object_component id="oc-16b">
         <name>.text.EDMAClrEvtRegion</name>
         <load_address>0x4081e2</load_address>
         <readonly>true</readonly>
         <executable>true</executable>
         <run_address>0x4081e2</run_address>
         <size>0x4e</size>
         <alignment>0x2</alignment>
         <input_file_ref idref="fl-23"/>
      </object_component>
      <object_component id="oc-16e">
         <name>.text.EDMAClrIntrRegion</name>
         <load_address>0x408230</load_address>
         <readonly>true</readonly>
         <executable>true</executable>
         <run_address>0x408230</run_address>
         <size>0x4e</size>
         <alignment>0x2</alignment>
         <input_file_ref idref="fl-23"/>
      </object_component>
      <object_component id="oc-16a">
         <name>.text.EDMADisableDmaEvtRegion</name>
         <load_address>0x40827e</load_address>
         <readonly>true</readonly>
         <executable>true</executable>
         <run_address>0x40827e</run_address>
         <size>0x4e</size>
         <alignment>0x2</alignment>
         <input_file_ref idref="fl-23"/>
      </object_component>
      <object_component id="oc-16d">
         <name>.text.EDMADisableEvtIntrRegion</name>
         <load_address>0x4082cc</load_address>
         <readonly>true</readonly>
         <executable>true</executable>
         <run_address>0x4082cc</run_address>
         <size>0x4e</size>
         <alignment>0x2</alignment>
         <input_file_ref idref="fl-23"/>
      </object_component>
      <object_component id="oc-2e4">
         <name>.text.EDMAEnableDmaEvtRegion</name>
         <load_address>0x40831a</load_address>
         <readonly>true</readonly>
         <executable>true</executable>
         <run_address>0x40831a</run_address>
         <size>0x4e</size>
         <alignment>0x2</alignment>
         <input_file_ref idref="fl-23"/>
      </object_component>
      <object_component id="oc-2e2">
         <name>.text.EDMASetEvtRegion</name>
         <load_address>0x408368</load_address>
         <readonly>true</readonly>
         <executable>true</executable>
         <run_address>0x408368</run_address>
         <size>0x4e</size>
         <alignment>0x2</alignment>
         <input_file_ref idref="fl-23"/>
      </object_component>
      <object_component id="oc-27b">
         <name>.text.EDMAEnableEvtIntrRegion</name>
         <load_address>0x4083b6</load_address>
         <readonly>true</readonly>
         <executable>true</executable>
         <run_address>0x4083b6</run_address>
         <size>0x4c</size>
         <alignment>0x2</alignment>
         <input_file_ref idref="fl-23"/>
      </object_component>
      <object_component id="oc-274">
         <name>.text.EDMAMapQdmaChToPaRAM</name>
         <load_address>0x408402</load_address>
         <readonly>true</readonly>
         <executable>true</executable>
         <run_address>0x408402</run_address>
         <size>0x4c</size>
         <alignment>0x2</alignment>
         <input_file_ref idref="fl-23"/>
      </object_component>
      <object_component id="oc-119">
         <name>.text.Module_clockDisable</name>
         <load_address>0x40844e</load_address>
         <readonly>true</readonly>
         <executable>true</executable>
         <run_address>0x40844e</run_address>
         <size>0x4c</size>
         <alignment>0x2</alignment>
         <input_file_ref idref="fl-6"/>
      </object_component>
      <object_component id="oc-1c4">
         <name>.text.UART_Params_init</name>
         <load_address>0x40849a</load_address>
         <readonly>true</readonly>
         <executable>true</executable>
         <run_address>0x40849a</run_address>
         <size>0x4c</size>
         <alignment>0x2</alignment>
         <input_file_ref idref="fl-27"/>
      </object_component>
      <object_component id="oc-283">
         <name>.text.UART_getHandle</name>
         <load_address>0x4084e6</load_address>
         <readonly>true</readonly>
         <executable>true</executable>
         <run_address>0x4084e6</run_address>
         <size>0x4c</size>
         <alignment>0x2</alignment>
         <input_file_ref idref="fl-27"/>
      </object_component>
      <object_component id="oc-11">
         <name>.text:_c_int00</name>
         <load_address>0x408532</load_address>
         <readonly>true</readonly>
         <executable>true</executable>
         <run_address>0x408532</run_address>
         <size>0x4a</size>
         <alignment>0x2</alignment>
         <input_file_ref idref="fl-17"/>
      </object_component>
      <object_component id="oc-19b">
         <name>.text.SOC_rcmSetM4ClockSrc</name>
         <load_address>0x40857c</load_address>
         <readonly>true</readonly>
         <executable>true</executable>
         <run_address>0x40857c</run_address>
         <size>0x48</size>
         <alignment>0x2</alignment>
         <input_file_ref idref="fl-26"/>
      </object_component>
      <object_component id="oc-23d">
         <name>.text.__fixdfsi</name>
         <load_address>0x4085c4</load_address>
         <readonly>true</readonly>
         <executable>true</executable>
         <run_address>0x4085c4</run_address>
         <size>0x48</size>
         <alignment>0x4</alignment>
         <input_file_ref idref="fl-10c"/>
      </object_component>
      <object_component id="oc-211">
         <name>.text.UART_rxChar</name>
         <load_address>0x40860c</load_address>
         <readonly>true</readonly>
         <executable>true</executable>
         <run_address>0x40860c</run_address>
         <size>0x46</size>
         <alignment>0x2</alignment>
         <input_file_ref idref="fl-27"/>
      </object_component>
      <object_component id="oc-30a">
         <name>.text.HOSTunlink</name>
         <load_address>0x408654</load_address>
         <readonly>true</readonly>
         <executable>true</executable>
         <run_address>0x408654</run_address>
         <size>0x44</size>
         <alignment>0x4</alignment>
         <input_file_ref idref="fl-106"/>
      </object_component>
      <object_component id="oc-149">
         <name>.text.SOC_controlModuleUnlockMMR</name>
         <load_address>0x408698</load_address>
         <readonly>true</readonly>
         <executable>true</executable>
         <run_address>0x408698</run_address>
         <size>0x44</size>
         <alignment>0x2</alignment>
         <input_file_ref idref="fl-25"/>
      </object_component>
      <object_component id="oc-1a2">
         <name>.text.SOC_rcmExtract16</name>
         <load_address>0x4086dc</load_address>
         <readonly>true</readonly>
         <executable>true</executable>
         <run_address>0x4086dc</run_address>
         <size>0x44</size>
         <alignment>0x2</alignment>
         <input_file_ref idref="fl-26"/>
      </object_component>
      <object_component id="oc-e7">
         <name>.text.SOC_rcmExtract8</name>
         <load_address>0x408720</load_address>
         <readonly>true</readonly>
         <executable>true</executable>
         <run_address>0x408720</run_address>
         <size>0x44</size>
         <alignment>0x2</alignment>
         <input_file_ref idref="fl-26"/>
      </object_component>
      <object_component id="oc-259">
         <name>.text.SOC_rcmMake16</name>
         <load_address>0x408764</load_address>
         <readonly>true</readonly>
         <executable>true</executable>
         <run_address>0x408764</run_address>
         <size>0x44</size>
         <alignment>0x2</alignment>
         <input_file_ref idref="fl-26"/>
      </object_component>
      <object_component id="oc-214">
         <name>.text.UART_txChar</name>
         <load_address>0x4087a8</load_address>
         <readonly>true</readonly>
         <executable>true</executable>
         <run_address>0x4087a8</run_address>
         <size>0x44</size>
         <alignment>0x2</alignment>
         <input_file_ref idref="fl-27"/>
      </object_component>
      <object_component id="oc-ac">
         <name>.text._DebugP_logZone</name>
         <load_address>0x4087ec</load_address>
         <readonly>true</readonly>
         <executable>true</executable>
         <run_address>0x4087ec</run_address>
         <size>0x44</size>
         <alignment>0x2</alignment>
         <input_file_ref idref="fl-1a"/>
      </object_component>
      <object_component id="oc-20b">
         <name>.text.__fixunsdfsi</name>
         <load_address>0x408830</load_address>
         <readonly>true</readonly>
         <executable>true</executable>
         <run_address>0x408830</run_address>
         <size>0x44</size>
         <alignment>0x4</alignment>
         <input_file_ref idref="fl-10d"/>
      </object_component>
      <object_component id="oc-1d8">
         <name>.text._strnlen_s</name>
         <load_address>0x408874</load_address>
         <readonly>true</readonly>
[...]
      </symbol>
      <symbol id="sm-2d5">
         <name>EDMA_allocDmaChannel</name>
         <value>0x4092b9</value>
         <object_component_ref idref="oc-219"/>
      </symbol>
      <symbol id="sm-2d6">
         <name>EDMA_allocTcc</name>
         <value>0x4092e5</value>
         <object_component_ref idref="oc-21a"/>
      </symbol>
      <symbol id="sm-2d7">
         <name>EDMA_allocParam</name>
         <value>0x4092cf</value>
         <object_component_ref idref="oc-21b"/>
      </symbol>
      <symbol id="sm-2d8">
         <name>EDMA_freeDmaChannel</name>
         <value>0x4092fb</value>
         <object_component_ref idref="oc-220"/>
      </symbol>
      <symbol id="sm-2d9">
         <name>EDMA_freeTcc</name>
         <value>0x409327</value>
         <object_component_ref idref="oc-221"/>
      </symbol>
      <symbol id="sm-2da">
         <name>EDMA_freeParam</name>
         <value>0x409311</value>
         <object_component_ref idref="oc-222"/>
      </symbol>
      <symbol id="sm-2e6">
         <name>Pinmux_config</name>
         <value>0x407f5b</value>
         <object_component_ref idref="oc-eb"/>
      </symbol>
      <symbol id="sm-2fc">
         <name>SOC_clocksEnable</name>
         <value>0x4091dd</value>
         <object_component_ref idref="oc-140"/>
      </symbol>
      <symbol id="sm-2fd">
         <name>SOC_moduleClockEnable</name>
         <value>0x409187</value>
         <object_component_ref idref="oc-146"/>
      </symbol>
      <symbol id="sm-2fe">
         <name>SOC_moduleSetClockFrequency</name>
         <value>0x4091f7</value>
         <object_component_ref idref="oc-148"/>
      </symbol>
      <symbol id="sm-2ff">
         <name>SOC_controlModuleLockMMR</name>
         <value>0x4089b9</value>
         <object_component_ref idref="oc-14b"/>
      </symbol>
      <symbol id="sm-300">
         <name>SOC_controlModuleUnlockMMR</name>
         <value>0x408699</value>
         <object_component_ref idref="oc-149"/>
      </symbol>
      <symbol id="sm-301">
         <name>SOC_virtToPhy</name>
         <value>0x407cb1</value>
         <object_component_ref idref="oc-2c9"/>
      </symbol>
      <symbol id="sm-376">
         <name>SOC_rcmEnableADPLLClock</name>
         <value>0x407027</value>
         <object_component_ref idref="oc-19a"/>
      </symbol>
      <symbol id="sm-377">
         <name>SOC_rcmSetM4ClockSrc</name>
         <value>0x40857d</value>
         <object_component_ref idref="oc-19b"/>
      </symbol>
      <symbol id="sm-378">
         <name>SOC_rcmSetPeripheralClock</name>
         <value>0x4062dd</value>
         <object_component_ref idref="oc-19f"/>
      </symbol>
      <symbol id="sm-379">
         <name>SOC_rcmGetPeripheralClock</name>
         <value>0x40682d</value>
         <object_component_ref idref="oc-f3"/>
      </symbol>
      <symbol id="sm-37a">
         <name>SOC_rcmEnablePeripheralClock</name>
         <value>0x401ef1</value>
         <object_component_ref idref="oc-19e"/>
      </symbol>
      <symbol id="sm-37b">
         <name>SOC_getEfusePgVersion</name>
         <value>0x408e59</value>
         <object_component_ref idref="oc-8e"/>
      </symbol>
      <symbol id="sm-3e7">
         <name>UART_init</name>
         <value>0x406993</value>
         <object_component_ref idref="oc-f4"/>
      </symbol>
      <symbol id="sm-3e8">
         <name>UART_deinit</name>
         <value>0x408c6d</value>
         <object_component_ref idref="oc-b6"/>
      </symbol>
      <symbol id="sm-3e9">
         <name>UART_open</name>
         <value>0x40348b</value>
         <object_component_ref idref="oc-17b"/>
      </symbol>
      <symbol id="sm-3ea">
         <name>UART_close</name>
         <value>0x4048e9</value>
         <object_component_ref idref="oc-182"/>
      </symbol>
      <symbol id="sm-3eb">
         <name>UART_flushTxFifo</name>
         <value>0x405e97</value>
         <object_component_ref idref="oc-1db"/>
      </symbol>
      <symbol id="sm-3ec">
         <name>UART_getHandle</name>
         <value>0x4084e7</value>
         <object_component_ref idref="oc-283"/>
      </symbol>
      <symbol id="sm-3ed">
         <name>UART_write</name>
         <value>0x404dad</value>
         <object_component_ref idref="oc-285"/>
      </symbol>
      <symbol id="sm-40e">
         <name>UART_edmaChannelConfig</name>
         <value>0x4031bd</value>
         <object_component_ref idref="oc-1c9"/>
      </symbol>
      <symbol id="sm-40f">
         <name>UART_writeDma</name>
         <value>0x404597</value>
         <object_component_ref idref="oc-2b0"/>
      </symbol>
      <symbol id="sm-41d">
         <name>fputc</name>
         <value>0x40737d</value>
         <object_component_ref idref="oc-27e"/>
      </symbol>
      <symbol id="sm-41e">
         <name>putchar</name>
         <value>0x4095a5</value>
         <object_component_ref idref="oc-226"/>
      </symbol>
      <symbol id="sm-428">
         <name>__TI_wrt_ok</name>
         <value>0x407a83</value>
         <object_component_ref idref="oc-299"/>
      </symbol>
      <symbol id="sm-432">
         <name>setvbuf</name>
         <value>0x406205</value>
         <object_component_ref idref="oc-2b6"/>
      </symbol>
      <symbol id="sm-446">
         <name>round</name>
         <value>0x406479</value>
         <object_component_ref idref="oc-201"/>
      </symbol>
      <symbol id="sm-447">
         <name>roundl</name>
         <value>0x406479</value>
         <object_component_ref idref="oc-201"/>
      </symbol>
      <symbol id="sm-455">
         <name>abort</name>
         <value>0x409601</value>
         <object_component_ref idref="oc-6a"/>
      </symbol>
      <symbol id="sm-456">
         <name>__TI_cleanup_ptr</name>
         <value>0x40a074</value>
         <object_component_ref idref="oc-c6"/>
      </symbol>
      <symbol id="sm-457">
         <name>__TI_dtors_ptr</name>
         <value>0x40a078</value>
         <object_component_ref idref="oc-c6"/>
      </symbol>
      <symbol id="sm-458">
         <name>exit</name>
         <value>0x408c3d</value>
         <object_component_ref idref="oc-6f"/>
      </symbol>
      <symbol id="sm-461">
         <name>_nop</name>
         <value>0x405aaf</value>
         <object_component_ref idref="oc-11d"/>
      </symbol>
      <symbol id="sm-462">
         <name>_lock</name>
         <value>0x40a098</value>
         <object_component_ref idref="oc-c4"/>
      </symbol>
      <symbol id="sm-463">
         <name>_unlock</name>
         <value>0x40a09c</value>
         <object_component_ref idref="oc-c7"/>
      </symbol>
      <symbol id="sm-468">
         <name>_ftable</name>
         <value>0x409d38</value>
         <object_component_ref idref="oc-27f"/>
      </symbol>
      <symbol id="sm-469">
         <name>__TI_ft_end</name>
         <value>0x40a094</value>
         <object_component_ref idref="oc-2f3"/>
      </symbol>
      <symbol id="sm-46a">
         <name>__TI_tmpnams</name>
         <value>0x4007bc</value>
         <object_component_ref idref="oc-322"/>
      </symbol>
      <symbol id="sm-48d">
         <name>malloc</name>
         <value>0x4095f9</value>
         <object_component_ref idref="oc-2d3"/>
      </symbol>
      <symbol id="sm-48e">
         <name>aligned_alloc</name>
         <value>0x405ab1</value>
         <object_component_ref idref="oc-2ec"/>
      </symbol>
      <symbol id="sm-48f">
         <name>free</name>
         <value>0x405f75</value>
         <object_component_ref idref="oc-2d1"/>
      </symbol>
      <symbol id="sm-490">
         <name>_sys_memory</name>
         <value>0x45a000</value>
         <object_component_ref idref="oc-22"/>
      </symbol>
      <symbol id="sm-491">
         <name>memalign</name>
         <value>0x405ab1</value>
         <object_component_ref idref="oc-2ec"/>
      </symbol>
      <symbol id="sm-49c">
         <name>__TI_auto_init_nobinit_nopinit</name>
         <value>0x408a9d</value>
         <object_component_ref idref="oc-4a"/>
      </symbol>
      <symbol id="sm-4a7">
         <name>__TI_doflush</name>
         <value>0x408193</value>
         <object_component_ref idref="oc-2a3"/>
      </symbol>
      <symbol id="sm-4b2">
         <name>__TI_cleanup</name>
         <value>0x408b41</value>
         <object_component_ref idref="oc-2d4"/>
      </symbol>
      <symbol id="sm-4bf">
         <name>fseek</name>
         <value>0x40960b</value>
         <object_component_ref idref="oc-2b1"/>
      </symbol>
      <symbol id="sm-4c0">
         <name>fseeko</name>
         <value>0x407889</value>
         <object_component_ref idref="oc-2cd"/>
      </symbol>
      <symbol id="sm-4d1">
         <name>floor</name>
         <value>0x405651</value>
         <object_component_ref idref="oc-262"/>
      </symbol>
      <symbol id="sm-4d2">
         <name>floorl</name>
         <value>0x405651</value>
         <object_component_ref idref="oc-262"/>
      </symbol>
      <symbol id="sm-4e0">
         <name>__TI_closefile</name>
         <value>0x407745</value>
         <object_component_ref idref="oc-2ed"/>
      </symbol>
      <symbol id="sm-4f0">
         <name>HOSTexit</name>
         <value>0x409607</value>
         <object_component_ref idref="oc-be"/>
      </symbol>
      <symbol id="sm-4f1">
         <name>C$$EXIT</name>
         <value>0x409606</value>
         <object_component_ref idref="oc-be"/>
      </symbol>
      <symbol id="sm-4fb">
         <name>write</name>
         <value>0x408e2d</value>
         <object_component_ref idref="oc-29f"/>
      </symbol>
      <symbol id="sm-500">
         <name>_device</name>
         <value>0x409e28</value>
         <object_component_ref idref="oc-2dd"/>
      </symbol>
      <symbol id="sm-501">
         <name>_stream</name>
         <value>0x409f04</value>
         <object_component_ref idref="oc-2bc"/>
      </symbol>
      <symbol id="sm-509">
         <name>remove</name>
         <value>0x40960f</value>
         <object_component_ref idref="oc-31e"/>
      </symbol>
      <symbol id="sm-514">
         <name>lseek</name>
         <value>0x408dd5</value>
         <object_component_ref idref="oc-2e5"/>
      </symbol>
      <symbol id="sm-51e">
         <name>close</name>
         <value>0x407ae5</value>
         <object_component_ref idref="oc-31a"/>
      </symbol>
      <symbol id="sm-528">
         <name>unlink</name>
         <value>0x408e01</value>
         <object_component_ref idref="oc-346"/>
      </symbol>
      <symbol id="sm-532">
         <name>HOSTclose</name>
         <value>0x40897d</value>
         <object_component_ref idref="oc-2fa"/>
      </symbol>
      <symbol id="sm-53c">
         <name>HOSTlseek</name>
         <value>0x407c01</value>
         <object_component_ref idref="oc-306"/>
      </symbol>
      <symbol id="sm-546">
         <name>HOSTopen</name>
         <value>0x407c59</value>
         <object_component_ref idref="oc-2f6"/>
      </symbol>
      <symbol id="sm-547">
         <name>parmbuf</name>
         <value>0x4008f0</value>
         <object_component_ref idref="oc-32c"/>
      </symbol>
      <symbol id="sm-551">
         <name>HOSTread</name>
         <value>0x407db9</value>
         <object_component_ref idref="oc-2fe"/>
      </symbol>
      <symbol id="sm-562">
         <name>HOSTrename</name>
         <value>0x407959</value>
         <object_component_ref idref="oc-30e"/>
      </symbol>
      <symbol id="sm-56c">
         <name>HOSTunlink</name>
         <value>0x408655</value>
         <object_component_ref idref="oc-30a"/>
      </symbol>
      <symbol id="sm-576">
         <name>HOSTwrite</name>
         <value>0x407e0d</value>
         <object_component_ref idref="oc-302"/>
      </symbol>
      <symbol id="sm-584">
         <name>C$$IO$$</name>
         <value>0x408b9f</value>
         <object_component_ref idref="oc-325"/>
      </symbol>
      <symbol id="sm-585">
         <name>__TI_writemsg</name>
         <value>0x408b75</value>
         <object_component_ref idref="oc-325"/>
      </symbol>
      <symbol id="sm-586">
         <name>__CIOBUF_</name>
         <value>0x40069c</value>
         <object_component_ref idref="oc-34c"/>
      </symbol>
      <symbol id="sm-587">
         <name>__TI_readmsg</name>
         <value>0x408bdd</value>
         <object_component_ref idref="oc-32b"/>
      </symbol>
      <symbol id="sm-588">
         <name>_CIOBUF_</name>
         <value>0x40069c</value>
         <object_component_ref idref="oc-34c"/>
      </symbol>
      <symbol id="sm-58e">
         <name>__aeabi_dadd</name>
         <value>0x4043eb</value>
         <object_component_ref idref="oc-207"/>
      </symbol>
      <symbol id="sm-58f">
         <name>__adddf3</name>
         <value>0x4043eb</value>
         <object_component_ref idref="oc-207"/>
      </symbol>
      <symbol id="sm-590">
         <name>__aeabi_dsub</name>
         <value>0x4043e1</value>
         <object_component_ref idref="oc-207"/>
      </symbol>
      <symbol id="sm-591">
         <name>__subdf3</name>
         <value>0x4043e1</value>
         <object_component_ref idref="oc-207"/>
      </symbol>
      <symbol id="sm-597">
         <name>__aeabi_dmul</name>
         <value>0x405bbd</value>
         <object_component_ref idref="oc-246"/>
      </symbol>
      <symbol id="sm-598">
         <name>__muldf3</name>
         <value>0x405bbd</value>
         <object_component_ref idref="oc-246"/>
      </symbol>
      <symbol id="sm-59e">
         <name>__aeabi_ddiv</name>
         <value>0x405191</value>
         <object_component_ref idref="oc-24a"/>
      </symbol>
      <symbol id="sm-59f">
         <name>__divdf3</name>
         <value>0x405191</value>
         <object_component_ref idref="oc-24a"/>
      </symbol>
      <symbol id="sm-5a5">
         <name>__aeabi_d2iz</name>
         <value>0x4085c5</value>
         <object_component_ref idref="oc-23d"/>
      </symbol>
      <symbol id="sm-5a6">
         <name>__fixdfsi</name>
         <value>0x4085c5</value>
         <object_component_ref idref="oc-23d"/>
      </symbol>
      <symbol id="sm-5ac">
         <name>__aeabi_d2uiz</name>
         <value>0x408831</value>
         <object_component_ref idref="oc-20b"/>
      </symbol>
      <symbol id="sm-5ad">
         <name>__fixunsdfsi</name>
         <value>0x408831</value>
         <object_component_ref idref="oc-20b"/>
      </symbol>
      <symbol id="sm-5b3">
         <name>__aeabi_i2d</name>
         <value>0x408c9d</value>
         <object_component_ref idref="oc-241"/>
      </symbol>
      <symbol id="sm-5b4">
         <name>__floatsidf</name>
         <value>0x408c9d</value>
         <object_component_ref idref="oc-241"/>
      </symbol>
      <symbol id="sm-5ba">
         <name>__aeabi_ui2d</name>
         <value>0x409149</value>
         <object_component_ref idref="oc-1fd"/>
      </symbol>
      <symbol id="sm-5bb">
         <name>__floatunsidf</name>
         <value>0x409149</value>
         <object_component_ref idref="oc-1fd"/>
      </symbol>
      <symbol id="sm-5cc">
         <name>__ledf2</name>
         <value>0x407d09</value>
         <object_component_ref idref="oc-288"/>
      </symbol>
      <symbol id="sm-5cd">
         <name>__gedf2</name>
         <value>0x407eb5</value>
         <object_component_ref idref="oc-289"/>
      </symbol>
      <symbol id="sm-5ce">
         <name>__unorddf2</name>
         <value>0x408c0d</value>
         <object_component_ref idref="oc-22e"/>
      </symbol>
      <symbol id="sm-5cf">
         <name>__cmpdf2</name>
         <value>0x407d09</value>
         <object_component_ref idref="oc-288"/>
      </symbol>
      <symbol id="sm-5d0">
         <name>__eqdf2</name>
         <value>0x407d09</value>
         <object_component_ref idref="oc-288"/>
      </symbol>
      <symbol id="sm-5d1">
         <name>__ltdf2</name>
         <value>0x407d09</value>
         <object_component_ref idref="oc-288"/>
      </symbol>
      <symbol id="sm-5d2">
         <name>__nedf2</name>
         <value>0x407d09</value>
         <object_component_ref idref="oc-288"/>
      </symbol>
      <symbol id="sm-5d3">
         <name>__gtdf2</name>
         <value>0x407eb5</value>
         <object_component_ref idref="oc-289"/>
      </symbol>
      <symbol id="sm-5d4">
         <name>__aeabi_dcmpun</name>
         <value>0x408c0d</value>
         <object_component_ref idref="oc-22e"/>
      </symbol>
      <symbol id="sm-5da">
         <name>__aeabi_dcmpeq</name>
         <value>0x407a21</value>
         <object_component_ref idref="oc-236"/>
      </symbol>
      <symbol id="sm-5db">
         <name>__aeabi_dcmplt</name>
         <value>0x407a35</value>
         <object_component_ref idref="oc-236"/>
      </symbol>
      <symbol id="sm-5dc">
         <name>__aeabi_dcmple</name>
         <value>0x407a49</value>
         <object_component_ref idref="oc-236"/>
      </symbol>
      <symbol id="sm-5dd">
         <name>__aeabi_dcmpge</name>
         <value>0x407a5d</value>
         <object_component_ref idref="oc-236"/>
      </symbol>
      <symbol id="sm-5de">
         <name>__aeabi_dcmpgt</name>
         <value>0x407a71</value>
         <object_component_ref idref="oc-236"/>
      </symbol>
      <symbol id="sm-5e5">
         <name>__aeabi_memclr</name>
         <value>0x4095e9</value>
         <object_component_ref idref="oc-45"/>
      </symbol>
      <symbol id="sm-5e6">
         <name>__aeabi_memclr4</name>
         <value>0x4095e9</value>
         <object_component_ref idref="oc-45"/>
      </symbol>
      <symbol id="sm-5e7">
         <name>__aeabi_memclr8</name>
         <value>0x4095e9</value>
         <object_component_ref idref="oc-45"/>
      </symbol>
      <symbol id="sm-5ed">
         <name>__aeabi_uldivmod</name>
         <value>0x40938d</value>
         <object_component_ref idref="oc-164"/>
      </symbol>
      <symbol id="sm-5f3">
         <name>__udivmoddi4</name>
         <value>0x406a45</value>
         <object_component_ref idref="oc-1b4"/>
      </symbol>
      <symbol id="sm-5fd">
         <name>__aeabi_ldiv0</name>
         <value>0x4052c7</value>
         <object_component_ref idref="oc-1eb"/>
      </symbol>
      <symbol id="sm-60b">
         <name>finddevice</name>
         <value>0x408da9</value>
         <object_component_ref idref="oc-358"/>
      </symbol>
      <symbol id="sm-60c">
         <name>getdevice</name>
         <value>0x4078f1</value>
         <object_component_ref idref="oc-34f"/>
      </symbol>
      <symbol id="sm-614">
         <name>TI_memset_small</name>
         <value>0x409543</value>
         <object_component_ref idref="oc-ca"/>
      </symbol>
      <symbol id="sm-61b">
         <name>strcmp</name>
         <value>0x402ee9</value>
         <object_component_ref idref="oc-35b"/>
      </symbol>
      <symbol id="sm-623">
         <name>TaskP_yield</name>
         <value>0x40518f</value>
         <object_component_ref idref="oc-250"/>
      </symbol>
      <symbol id="sm-62c">
         <name>gAddrTranslateConfig</name>
         <value>0x40a050</value>
         <object_component_ref idref="oc-1ae"/>
      </symbol>
      <symbol id="sm-62d">
         <name>AddrTranslateP_getLocalAddr</name>
         <value>0x405daf</value>
         <object_component_ref idref="oc-15b"/>
      </symbol>
      <symbol id="sm-62e">
         <name>_system_post_cinit</name>
         <value>0x0</value>
      </symbol>
      <symbol id="sm-62f">
         <name>__TI_Handler_Table_Limit</name>
         <value>0x0</value>
      </symbol>
      <symbol id="sm-630">
         <name>__TI_Handler_Table_Base</name>
         <value>0x0</value>
      </symbol>
      <symbol id="sm-631">
         <name>__TI_CINIT_Base</name>
         <value>0x0</value>
      </symbol>
      <symbol id="sm-632">
         <name>__TI_CINIT_Limit</name>
         <value>0x0</value>
      </symbol>
   </symbol_table>
   <title>Link successful</title>
</link_info>
