<?xml version="1.0" encoding="ISO-8859-1" ?>
<link_info>
   <banner>TI ARM Clang Linker PC v4.0.3.LTS</banner>
   <copyright>Copyright (c) 1996-2018 Texas Instruments Incorporated</copyright>
   <command_line>C:\ti\ccs2020\ccs\tools\compiler\ti-cgt-armllvm_4.0.3.LTS\bin\tiarmlnk -IC:\ti\ccs2020\ccs\tools\compiler\ti-cgt-armllvm_4.0.3.LTS\lib -o gpio_led_blink_xwrL64xx-aop_m4fss0-0_nortos_ti-arm-clang.out -mgpio_led_blink.Debug.map -iC:/ti/MMWAVE_L_SDK_05_05_03_00/source/kernel/nortos/lib -iC:/ti/MMWAVE_L_SDK_05_05_03_00/source/drivers/lib -iC:/ti/MMWAVE_L_SDK_05_05_03_00/source/board/lib -iC:/ti/ccs2020/ccs/tools/compiler/ti-cgt-armllvm_4.0.3.LTS/lib --reread_libs --diag_wrap=off --display_error_number --warn_sections --xml_link_info=gpio_led_blink_xwrL64xx-aop_m4fss0-0_nortos_ti-arm-clang_linkInfo.xml --ram_model ./syscfg/ti_dpl_config.o ./syscfg/ti_drivers_config.o ./syscfg/ti_drivers_open_close.o ./syscfg/ti_pinmux_config.o ./syscfg/ti_power_clock_config.o ./syscfg/ti_board_config.o ./syscfg/ti_board_open_close.o ./gpio_led_blink.o ./main.o ../linker.cmd -lnortos.xwrL64xx.m4f.ti-arm-clang.debug.lib -ldrivers.xwrL64xx.m4f.ti-arm-clang.debug.lib -lboard.xwrL64xx.m4f.ti-arm-clang.debug.lib -llibc.a --start-group -llibc++.a -llibc++abi.a -llibc.a -llibsys.a -llibsysbm.a -llibclang_rt.builtins.a -llibclang_rt.profile.a --end-group</command_line>
   <link_time>0x684f830f</link_time>
   <link_errors>0x0</link_errors>
   <output_file>C:\Users\prath\workspace_ccstheia\gpio_led_blink_xwrL64xx-aop_m4fss0-0_nortos_ti-arm-clang\Debug\gpio_led_blink_xwrL64xx-aop_m4fss0-0_nortos_ti-arm-clang.out</output_file>
   <entry_point>
      <name>_c_int00</name>
      <address>0x408387</address>
   </entry_point>
   <input_file_list>
      <input_file id="fl-1">
         <path>C:\Users\prath\workspace_ccstheia\gpio_led_blink_xwrL64xx-aop_m4fss0-0_nortos_ti-arm-clang\Debug\.\syscfg\</path>
         <kind>object</kind>
         <file>ti_dpl_config.o</file>
         <name>ti_dpl_config.o</name>
      </input_file>
      <input_file id="fl-2">
         <path>C:\Users\prath\workspace_ccstheia\gpio_led_blink_xwrL64xx-aop_m4fss0-0_nortos_ti-arm-clang\Debug\.\syscfg\</path>
         <kind>object</kind>
         <file>ti_drivers_config.o</file>
         <name>ti_drivers_config.o</name>
      </input_file>
      <input_file id="fl-3">
         <path>C:\Users\prath\workspace_ccstheia\gpio_led_blink_xwrL64xx-aop_m4fss0-0_nortos_ti-arm-clang\Debug\.\syscfg\</path>
         <kind>object</kind>
         <file>ti_drivers_open_close.o</file>
         <name>ti_drivers_open_close.o</name>
      </input_file>
      <input_file id="fl-4">
         <path>C:\Users\prath\workspace_ccstheia\gpio_led_blink_xwrL64xx-aop_m4fss0-0_nortos_ti-arm-clang\Debug\.\syscfg\</path>
         <kind>object</kind>
         <file>ti_pinmux_config.o</file>
         <name>ti_pinmux_config.o</name>
      </input_file>
      <input_file id="fl-5">
         <path>C:\Users\prath\workspace_ccstheia\gpio_led_blink_xwrL64xx-aop_m4fss0-0_nortos_ti-arm-clang\Debug\.\syscfg\</path>
         <kind>object</kind>
         <file>ti_power_clock_config.o</file>
         <name>ti_power_clock_config.o</name>
      </input_file>
      <input_file id="fl-6">
         <path>C:\Users\prath\workspace_ccstheia\gpio_led_blink_xwrL64xx-aop_m4fss0-0_nortos_ti-arm-clang\Debug\.\syscfg\</path>
         <kind>object</kind>
         <file>ti_board_config.o</file>
         <name>ti_board_config.o</name>
      </input_file>
      <input_file id="fl-7">
         <path>C:\Users\prath\workspace_ccstheia\gpio_led_blink_xwrL64xx-aop_m4fss0-0_nortos_ti-arm-clang\Debug\.\syscfg\</path>
         <kind>object</kind>
         <file>ti_board_open_close.o</file>
         <name>ti_board_open_close.o</name>
      </input_file>
      <input_file id="fl-8">
         <path>C:\Users\prath\workspace_ccstheia\gpio_led_blink_xwrL64xx-aop_m4fss0-0_nortos_ti-arm-clang\Debug\.\</path>
         <kind>object</kind>
         <file>gpio_led_blink.o</file>
         <name>gpio_led_blink.o</name>
      </input_file>
      <input_file id="fl-9">
         <path>C:\Users\prath\workspace_ccstheia\gpio_led_blink_xwrL64xx-aop_m4fss0-0_nortos_ti-arm-clang\Debug\.\</path>
         <kind>object</kind>
         <file>main.o</file>
         <name>main.o</name>
      </input_file>
      <input_file id="fl-17">
         <path>C:\Users\prath\workspace_ccstheia\gpio_led_blink_xwrL64xx-aop_m4fss0-0_nortos_ti-arm-clang\Debug\</path>
         <kind>object</kind>
         <file>&lt;internal&gt;</file>
         <name>&lt;internal&gt;</name>
      </input_file>
      <input_file id="fl-18">
         <path>C:\ti\MMWAVE_L_SDK_05_05_03_00\source\kernel\nortos\lib\</path>
         <kind>archive</kind>
         <file>nortos.xwrL64xx.m4f.ti-arm-clang.debug.lib</file>
         <name>boot_armv7m.obj</name>
      </input_file>
      <input_file id="fl-19">
         <path>C:\ti\MMWAVE_L_SDK_05_05_03_00\source\kernel\nortos\lib\</path>
         <kind>archive</kind>
         <file>nortos.xwrL64xx.m4f.ti-arm-clang.debug.lib</file>
         <name>DebugP_uartLogWriter.obj</name>
      </input_file>
      <input_file id="fl-1a">
         <path>C:\ti\MMWAVE_L_SDK_05_05_03_00\source\kernel\nortos\lib\</path>
         <kind>archive</kind>
         <file>nortos.xwrL64xx.m4f.ti-arm-clang.debug.lib</file>
         <name>DebugP_log.obj</name>
      </input_file>
      <input_file id="fl-1b">
         <path>C:\ti\MMWAVE_L_SDK_05_05_03_00\source\kernel\nortos\lib\</path>
         <kind>archive</kind>
         <file>nortos.xwrL64xx.m4f.ti-arm-clang.debug.lib</file>
         <name>DebugP_nortos.obj</name>
      </input_file>
      <input_file id="fl-1c">
         <path>C:\ti\MMWAVE_L_SDK_05_05_03_00\source\kernel\nortos\lib\</path>
         <kind>archive</kind>
         <file>nortos.xwrL64xx.m4f.ti-arm-clang.debug.lib</file>
         <name>ClockP_nortos.obj</name>
      </input_file>
      <input_file id="fl-1d">
         <path>C:\ti\MMWAVE_L_SDK_05_05_03_00\source\kernel\nortos\lib\</path>
         <kind>archive</kind>
         <file>nortos.xwrL64xx.m4f.ti-arm-clang.debug.lib</file>
         <name>ClockP_nortos_m4.obj</name>
      </input_file>
      <input_file id="fl-1e">
         <path>C:\ti\MMWAVE_L_SDK_05_05_03_00\source\kernel\nortos\lib\</path>
         <kind>archive</kind>
         <file>nortos.xwrL64xx.m4f.ti-arm-clang.debug.lib</file>
         <name>printf.obj</name>
      </input_file>
      <input_file id="fl-1f">
         <path>C:\ti\MMWAVE_L_SDK_05_05_03_00\source\kernel\nortos\lib\</path>
         <kind>archive</kind>
         <file>nortos.xwrL64xx.m4f.ti-arm-clang.debug.lib</file>
         <name>HwiP_armv7m.obj</name>
      </input_file>
      <input_file id="fl-20">
         <path>C:\ti\MMWAVE_L_SDK_05_05_03_00\source\kernel\nortos\lib\</path>
         <kind>archive</kind>
         <file>nortos.xwrL64xx.m4f.ti-arm-clang.debug.lib</file>
         <name>HwiP_armv7m_handlers_nortos.obj</name>
      </input_file>
      <input_file id="fl-21">
         <path>C:\ti\MMWAVE_L_SDK_05_05_03_00\source\kernel\nortos\lib\</path>
         <kind>archive</kind>
         <file>nortos.xwrL64xx.m4f.ti-arm-clang.debug.lib</file>
         <name>SysTickTimerP.obj</name>
      </input_file>
      <input_file id="fl-22">
         <path>C:\ti\MMWAVE_L_SDK_05_05_03_00\source\kernel\nortos\lib\</path>
         <kind>archive</kind>
         <file>nortos.xwrL64xx.m4f.ti-arm-clang.debug.lib</file>
         <name>MpuP_armv7m.obj</name>
      </input_file>
      <input_file id="fl-23">
         <path>C:\ti\MMWAVE_L_SDK_05_05_03_00\source\kernel\nortos\lib\</path>
         <kind>archive</kind>
         <file>nortos.xwrL64xx.m4f.ti-arm-clang.debug.lib</file>
         <name>AddrTranslateP.obj</name>
      </input_file>
      <input_file id="fl-24">
         <path>C:\ti\MMWAVE_L_SDK_05_05_03_00\source\kernel\nortos\lib\</path>
         <kind>archive</kind>
         <file>nortos.xwrL64xx.m4f.ti-arm-clang.debug.lib</file>
         <name>SemaphoreP_nortos.obj</name>
      </input_file>
      <input_file id="fl-25">
         <path>C:\ti\MMWAVE_L_SDK_05_05_03_00\source\drivers\lib\</path>
         <kind>archive</kind>
         <file>drivers.xwrL64xx.m4f.ti-arm-clang.debug.lib</file>
         <name>edma.obj</name>
      </input_file>
      <input_file id="fl-26">
         <path>C:\ti\MMWAVE_L_SDK_05_05_03_00\source\drivers\lib\</path>
         <kind>archive</kind>
         <file>drivers.xwrL64xx.m4f.ti-arm-clang.debug.lib</file>
         <name>gpio.obj</name>
      </input_file>
      <input_file id="fl-27">
         <path>C:\ti\MMWAVE_L_SDK_05_05_03_00\source\drivers\lib\</path>
         <kind>archive</kind>
         <file>drivers.xwrL64xx.m4f.ti-arm-clang.debug.lib</file>
         <name>pinmux.obj</name>
      </input_file>
      <input_file id="fl-28">
         <path>C:\ti\MMWAVE_L_SDK_05_05_03_00\source\drivers\lib\</path>
         <kind>archive</kind>
         <file>drivers.xwrL64xx.m4f.ti-arm-clang.debug.lib</file>
         <name>soc.obj</name>
      </input_file>
      <input_file id="fl-29">
         <path>C:\ti\MMWAVE_L_SDK_05_05_03_00\source\drivers\lib\</path>
         <kind>archive</kind>
         <file>drivers.xwrL64xx.m4f.ti-arm-clang.debug.lib</file>
         <name>soc_rcm.obj</name>
      </input_file>
      <input_file id="fl-2a">
         <path>C:\ti\MMWAVE_L_SDK_05_05_03_00\source\drivers\lib\</path>
         <kind>archive</kind>
         <file>drivers.xwrL64xx.m4f.ti-arm-clang.debug.lib</file>
         <name>uart_sci.obj</name>
      </input_file>
      <input_file id="fl-2b">
         <path>C:\ti\MMWAVE_L_SDK_05_05_03_00\source\drivers\lib\</path>
         <kind>archive</kind>
         <file>drivers.xwrL64xx.m4f.ti-arm-clang.debug.lib</file>
         <name>uart_sci_edma.obj</name>
      </input_file>
      <input_file id="fl-42">
         <path>C:\ti\ccs2020\ccs\tools\compiler\ti-cgt-armllvm_4.0.3.LTS\lib\armv7em-ti-none-eabihf\c\</path>
         <kind>archive</kind>
         <file>libc.a</file>
         <name>fputc.c.obj</name>
      </input_file>
      <input_file id="fl-43">
         <path>C:\ti\ccs2020\ccs\tools\compiler\ti-cgt-armllvm_4.0.3.LTS\lib\armv7em-ti-none-eabihf\c\</path>
         <kind>archive</kind>
         <file>libc.a</file>
         <name>_io_perm.c.obj</name>
      </input_file>
      <input_file id="fl-44">
         <path>C:\ti\ccs2020\ccs\tools\compiler\ti-cgt-armllvm_4.0.3.LTS\lib\armv7em-ti-none-eabihf\c\</path>
         <kind>archive</kind>
         <file>libc.a</file>
         <name>setvbuf.c.obj</name>
      </input_file>
      <input_file id="fl-45">
         <path>C:\ti\ccs2020\ccs\tools\compiler\ti-cgt-armllvm_4.0.3.LTS\lib\armv7em-ti-none-eabihf\c\</path>
         <kind>archive</kind>
         <file>libc.a</file>
         <name>s_round.c.obj</name>
      </input_file>
      <input_file id="fl-46">
         <path>C:\ti\ccs2020\ccs\tools\compiler\ti-cgt-armllvm_4.0.3.LTS\lib\armv7em-ti-none-eabihf\c\</path>
         <kind>archive</kind>
         <file>libc.a</file>
         <name>exit.c.obj</name>
      </input_file>
      <input_file id="fl-47">
         <path>C:\ti\ccs2020\ccs\tools\compiler\ti-cgt-armllvm_4.0.3.LTS\lib\armv7em-ti-none-eabihf\c\</path>
         <kind>archive</kind>
         <file>libc.a</file>
         <name>_lock.c.obj</name>
      </input_file>
      <input_file id="fl-48">
         <path>C:\ti\ccs2020\ccs\tools\compiler\ti-cgt-armllvm_4.0.3.LTS\lib\armv7em-ti-none-eabihf\c\</path>
         <kind>archive</kind>
         <file>libc.a</file>
         <name>defs.c.obj</name>
      </input_file>
      <input_file id="fl-49">
         <path>C:\ti\ccs2020\ccs\tools\compiler\ti-cgt-armllvm_4.0.3.LTS\lib\armv7em-ti-none-eabihf\c\</path>
         <kind>archive</kind>
         <file>libc.a</file>
         <name>memory.c.obj</name>
      </input_file>
      <input_file id="fl-4a">
         <path>C:\ti\ccs2020\ccs\tools\compiler\ti-cgt-armllvm_4.0.3.LTS\lib\armv7em-ti-none-eabihf\c\</path>
         <kind>archive</kind>
         <file>libc.a</file>
         <name>autoinit.c.obj</name>
      </input_file>
      <input_file id="fl-4b">
         <path>C:\ti\ccs2020\ccs\tools\compiler\ti-cgt-armllvm_4.0.3.LTS\lib\armv7em-ti-none-eabihf\c\</path>
         <kind>archive</kind>
         <file>libc.a</file>
         <name>cpy_tbl.c.obj</name>
      </input_file>
      <input_file id="fl-4c">
         <path>C:\ti\ccs2020\ccs\tools\compiler\ti-cgt-armllvm_4.0.3.LTS\lib\armv7em-ti-none-eabihf\c\</path>
         <kind>archive</kind>
         <file>libc.a</file>
         <name>fflush.c.obj</name>
      </input_file>
      <input_file id="fl-4d">
         <path>C:\ti\ccs2020\ccs\tools\compiler\ti-cgt-armllvm_4.0.3.LTS\lib\armv7em-ti-none-eabihf\c\</path>
         <kind>archive</kind>
         <file>libc.a</file>
         <name>fopen.c.obj</name>
      </input_file>
      <input_file id="fl-4e">
         <path>C:\ti\ccs2020\ccs\tools\compiler\ti-cgt-armllvm_4.0.3.LTS\lib\armv7em-ti-none-eabihf\c\</path>
         <kind>archive</kind>
         <file>libc.a</file>
         <name>fseek.c.obj</name>
      </input_file>
      <input_file id="fl-4f">
         <path>C:\ti\ccs2020\ccs\tools\compiler\ti-cgt-armllvm_4.0.3.LTS\lib\armv7em-ti-none-eabihf\c\</path>
         <kind>archive</kind>
         <file>libc.a</file>
         <name>s_floor.c.obj</name>
      </input_file>
      <input_file id="fl-50">
         <path>C:\ti\ccs2020\ccs\tools\compiler\ti-cgt-armllvm_4.0.3.LTS\lib\armv7em-ti-none-eabihf\c\</path>
         <kind>archive</kind>
         <file>libc.a</file>
         <name>aeabi_portable.c.obj</name>
      </input_file>
      <input_file id="fl-51">
         <path>C:\ti\ccs2020\ccs\tools\compiler\ti-cgt-armllvm_4.0.3.LTS\lib\armv7em-ti-none-eabihf\c\</path>
         <kind>archive</kind>
         <file>libc.a</file>
         <name>assert.c.obj</name>
      </input_file>
      <input_file id="fl-52">
         <path>C:\ti\ccs2020\ccs\tools\compiler\ti-cgt-armllvm_4.0.3.LTS\lib\armv7em-ti-none-eabihf\c\</path>
         <kind>archive</kind>
         <file>libc.a</file>
         <name>sprintf.c.obj</name>
      </input_file>
      <input_file id="fl-53">
         <path>C:\ti\ccs2020\ccs\tools\compiler\ti-cgt-armllvm_4.0.3.LTS\lib\armv7em-ti-none-eabihf\c\</path>
         <kind>archive</kind>
         <file>libc.a</file>
         <name>fclose.c.obj</name>
      </input_file>
      <input_file id="fl-54">
         <path>C:\ti\ccs2020\ccs\tools\compiler\ti-cgt-armllvm_4.0.3.LTS\lib\armv7em-ti-none-eabihf\c\</path>
         <kind>archive</kind>
         <file>libc.a</file>
         <name>fputs.c.obj</name>
      </input_file>
      <input_file id="fl-55">
         <path>C:\ti\ccs2020\ccs\tools\compiler\ti-cgt-armllvm_4.0.3.LTS\lib\armv7em-ti-none-eabihf\c\</path>
         <kind>archive</kind>
         <file>libc.a</file>
         <name>_printfi.c.obj</name>
      </input_file>
      <input_file id="fl-56">
         <path>C:\ti\ccs2020\ccs\tools\compiler\ti-cgt-armllvm_4.0.3.LTS\lib\armv7em-ti-none-eabihf\c\</path>
         <kind>archive</kind>
         <file>libc.a</file>
         <name>s_frexp.c.obj</name>
      </input_file>
      <input_file id="fl-57">
         <path>C:\ti\ccs2020\ccs\tools\compiler\ti-cgt-armllvm_4.0.3.LTS\lib\armv7em-ti-none-eabihf\c\</path>
         <kind>archive</kind>
         <file>libc.a</file>
         <name>s_scalbn.c.obj</name>
      </input_file>
      <input_file id="fl-58">
         <path>C:\ti\ccs2020\ccs\tools\compiler\ti-cgt-armllvm_4.0.3.LTS\lib\armv7em-ti-none-eabihf\c\</path>
         <kind>archive</kind>
         <file>libc.a</file>
         <name>wcslen.c.obj</name>
      </input_file>
      <input_file id="fl-59">
         <path>C:\ti\ccs2020\ccs\tools\compiler\ti-cgt-armllvm_4.0.3.LTS\lib\armv7em-ti-none-eabihf\c\</path>
         <kind>archive</kind>
         <file>libc.a</file>
         <name>_ltoa.c.obj</name>
      </input_file>
      <input_file id="fl-5a">
         <path>C:\ti\ccs2020\ccs\tools\compiler\ti-cgt-armllvm_4.0.3.LTS\lib\armv7em-ti-none-eabihf\c\</path>
         <kind>archive</kind>
         <file>libc.a</file>
         <name>atoi.c.obj</name>
      </input_file>
      <input_file id="fl-5b">
         <path>C:\ti\ccs2020\ccs\tools\compiler\ti-cgt-armllvm_4.0.3.LTS\lib\armv7em-ti-none-eabihf\c\</path>
         <kind>archive</kind>
         <file>libc.a</file>
         <name>memccpy.c.obj</name>
      </input_file>
      <input_file id="fl-5c">
         <path>C:\ti\ccs2020\ccs\tools\compiler\ti-cgt-armllvm_4.0.3.LTS\lib\armv7em-ti-none-eabihf\c\</path>
         <kind>archive</kind>
         <file>libc.a</file>
         <name>aeabi_ctype.S.obj</name>
      </input_file>
      <input_file id="fl-fc">
         <path>C:\ti\ccs2020\ccs\tools\compiler\ti-cgt-armllvm_4.0.3.LTS\lib\armv7em-ti-none-eabihf\c\</path>
         <kind>archive</kind>
         <file>libsysbm.a</file>
         <name>hostexit.c.obj</name>
      </input_file>
      <input_file id="fl-fd">
         <path>C:\ti\ccs2020\ccs\tools\compiler\ti-cgt-armllvm_4.0.3.LTS\lib\armv7em-ti-none-eabihf\c\</path>
         <kind>archive</kind>
         <file>libsysbm.a</file>
         <name>write.c.obj</name>
      </input_file>
      <input_file id="fl-fe">
         <path>C:\ti\ccs2020\ccs\tools\compiler\ti-cgt-armllvm_4.0.3.LTS\lib\armv7em-ti-none-eabihf\c\</path>
         <kind>archive</kind>
         <file>libsysbm.a</file>
         <name>host_device.c.obj</name>
      </input_file>
      <input_file id="fl-ff">
         <path>C:\ti\ccs2020\ccs\tools\compiler\ti-cgt-armllvm_4.0.3.LTS\lib\armv7em-ti-none-eabihf\c\</path>
         <kind>archive</kind>
         <file>libsysbm.a</file>
         <name>remove.c.obj</name>
      </input_file>
      <input_file id="fl-100">
         <path>C:\ti\ccs2020\ccs\tools\compiler\ti-cgt-armllvm_4.0.3.LTS\lib\armv7em-ti-none-eabihf\c\</path>
         <kind>archive</kind>
         <file>libsysbm.a</file>
         <name>open.c.obj</name>
      </input_file>
      <input_file id="fl-101">
         <path>C:\ti\ccs2020\ccs\tools\compiler\ti-cgt-armllvm_4.0.3.LTS\lib\armv7em-ti-none-eabihf\c\</path>
         <kind>archive</kind>
         <file>libsysbm.a</file>
         <name>lseek.c.obj</name>
      </input_file>
      <input_file id="fl-102">
         <path>C:\ti\ccs2020\ccs\tools\compiler\ti-cgt-armllvm_4.0.3.LTS\lib\armv7em-ti-none-eabihf\c\</path>
         <kind>archive</kind>
         <file>libsysbm.a</file>
         <name>close.c.obj</name>
      </input_file>
      <input_file id="fl-103">
         <path>C:\ti\ccs2020\ccs\tools\compiler\ti-cgt-armllvm_4.0.3.LTS\lib\armv7em-ti-none-eabihf\c\</path>
         <kind>archive</kind>
         <file>libsysbm.a</file>
         <name>unlink.c.obj</name>
      </input_file>
      <input_file id="fl-104">
         <path>C:\ti\ccs2020\ccs\tools\compiler\ti-cgt-armllvm_4.0.3.LTS\lib\armv7em-ti-none-eabihf\c\</path>
         <kind>archive</kind>
         <file>libsysbm.a</file>
         <name>hostclose.c.obj</name>
      </input_file>
      <input_file id="fl-105">
         <path>C:\ti\ccs2020\ccs\tools\compiler\ti-cgt-armllvm_4.0.3.LTS\lib\armv7em-ti-none-eabihf\c\</path>
         <kind>archive</kind>
         <file>libsysbm.a</file>
         <name>hostlseek.c.obj</name>
      </input_file>
      <input_file id="fl-106">
         <path>C:\ti\ccs2020\ccs\tools\compiler\ti-cgt-armllvm_4.0.3.LTS\lib\armv7em-ti-none-eabihf\c\</path>
         <kind>archive</kind>
         <file>libsysbm.a</file>
         <name>hostopen.c.obj</name>
      </input_file>
      <input_file id="fl-107">
         <path>C:\ti\ccs2020\ccs\tools\compiler\ti-cgt-armllvm_4.0.3.LTS\lib\armv7em-ti-none-eabihf\c\</path>
         <kind>archive</kind>
         <file>libsysbm.a</file>
         <name>hostread.c.obj</name>
      </input_file>
      <input_file id="fl-108">
         <path>C:\ti\ccs2020\ccs\tools\compiler\ti-cgt-armllvm_4.0.3.LTS\lib\armv7em-ti-none-eabihf\c\</path>
         <kind>archive</kind>
         <file>libsysbm.a</file>
         <name>hostrename.c.obj</name>
      </input_file>
      <input_file id="fl-109">
         <path>C:\ti\ccs2020\ccs\tools\compiler\ti-cgt-armllvm_4.0.3.LTS\lib\armv7em-ti-none-eabihf\c\</path>
         <kind>archive</kind>
         <file>libsysbm.a</file>
         <name>hostunlink.c.obj</name>
      </input_file>
      <input_file id="fl-10a">
         <path>C:\ti\ccs2020\ccs\tools\compiler\ti-cgt-armllvm_4.0.3.LTS\lib\armv7em-ti-none-eabihf\c\</path>
         <kind>archive</kind>
         <file>libsysbm.a</file>
         <name>hostwrite.c.obj</name>
      </input_file>
      <input_file id="fl-10b">
         <path>C:\ti\ccs2020\ccs\tools\compiler\ti-cgt-armllvm_4.0.3.LTS\lib\armv7em-ti-none-eabihf\c\</path>
         <kind>archive</kind>
         <file>libsysbm.a</file>
         <name>trgmsg.c.obj</name>
      </input_file>
      <input_file id="fl-10c">
         <path>C:\ti\ccs2020\ccs\tools\compiler\ti-cgt-armllvm_4.0.3.LTS\lib\armv7em-ti-none-eabihf\</path>
         <kind>archive</kind>
         <file>libclang_rt.builtins.a</file>
         <name>adddf3.S.obj</name>
      </input_file>
      <input_file id="fl-10d">
         <path>C:\ti\ccs2020\ccs\tools\compiler\ti-cgt-armllvm_4.0.3.LTS\lib\armv7em-ti-none-eabihf\</path>
         <kind>archive</kind>
         <file>libclang_rt.builtins.a</file>
         <name>muldf3.S.obj</name>
      </input_file>
      <input_file id="fl-10e">
         <path>C:\ti\ccs2020\ccs\tools\compiler\ti-cgt-armllvm_4.0.3.LTS\lib\armv7em-ti-none-eabihf\</path>
         <kind>archive</kind>
         <file>libclang_rt.builtins.a</file>
         <name>divdf3.S.obj</name>
      </input_file>
      <input_file id="fl-10f">
         <path>C:\ti\ccs2020\ccs\tools\compiler\ti-cgt-armllvm_4.0.3.LTS\lib\armv7em-ti-none-eabihf\</path>
         <kind>archive</kind>
         <file>libclang_rt.builtins.a</file>
         <name>fixdfsi.S.obj</name>
      </input_file>
      <input_file id="fl-110">
         <path>C:\ti\ccs2020\ccs\tools\compiler\ti-cgt-armllvm_4.0.3.LTS\lib\armv7em-ti-none-eabihf\</path>
         <kind>archive</kind>
         <file>libclang_rt.builtins.a</file>
         <name>fixunsdfsi.S.obj</name>
      </input_file>
      <input_file id="fl-111">
         <path>C:\ti\ccs2020\ccs\tools\compiler\ti-cgt-armllvm_4.0.3.LTS\lib\armv7em-ti-none-eabihf\</path>
         <kind>archive</kind>
         <file>libclang_rt.builtins.a</file>
         <name>floatsidf.S.obj</name>
      </input_file>
      <input_file id="fl-112">
         <path>C:\ti\ccs2020\ccs\tools\compiler\ti-cgt-armllvm_4.0.3.LTS\lib\armv7em-ti-none-eabihf\</path>
         <kind>archive</kind>
         <file>libclang_rt.builtins.a</file>
         <name>floatunsidf.S.obj</name>
      </input_file>
      <input_file id="fl-113">
         <path>C:\ti\ccs2020\ccs\tools\compiler\ti-cgt-armllvm_4.0.3.LTS\lib\armv7em-ti-none-eabihf\</path>
         <kind>archive</kind>
         <file>libclang_rt.builtins.a</file>
         <name>comparedf2.c.obj</name>
      </input_file>
      <input_file id="fl-114">
         <path>C:\ti\ccs2020\ccs\tools\compiler\ti-cgt-armllvm_4.0.3.LTS\lib\armv7em-ti-none-eabihf\</path>
         <kind>archive</kind>
         <file>libclang_rt.builtins.a</file>
         <name>aeabi_dcmp.S.obj</name>
      </input_file>
      <input_file id="fl-115">
         <path>C:\ti\ccs2020\ccs\tools\compiler\ti-cgt-armllvm_4.0.3.LTS\lib\armv7em-ti-none-eabihf\</path>
         <kind>archive</kind>
         <file>libclang_rt.builtins.a</file>
         <name>aeabi_memcpy.S.obj</name>
      </input_file>
      <input_file id="fl-116">
         <path>C:\ti\ccs2020\ccs\tools\compiler\ti-cgt-armllvm_4.0.3.LTS\lib\armv7em-ti-none-eabihf\</path>
         <kind>archive</kind>
         <file>libclang_rt.builtins.a</file>
         <name>aeabi_memset.S.obj</name>
      </input_file>
      <input_file id="fl-117">
         <path>C:\ti\ccs2020\ccs\tools\compiler\ti-cgt-armllvm_4.0.3.LTS\lib\armv7em-ti-none-eabihf\</path>
         <kind>archive</kind>
         <file>libclang_rt.builtins.a</file>
         <name>aeabi_uldivmod.S.obj</name>
      </input_file>
      <input_file id="fl-118">
         <path>C:\ti\ccs2020\ccs\tools\compiler\ti-cgt-armllvm_4.0.3.LTS\lib\armv7em-ti-none-eabihf\</path>
         <kind>archive</kind>
         <file>libclang_rt.builtins.a</file>
         <name>udivmoddi4.S.obj</name>
      </input_file>
      <input_file id="fl-119">
         <path>C:\ti\ccs2020\ccs\tools\compiler\ti-cgt-armllvm_4.0.3.LTS\lib\armv7em-ti-none-eabihf\</path>
         <kind>archive</kind>
         <file>libclang_rt.builtins.a</file>
         <name>aeabi_div0.c.obj</name>
      </input_file>
      <input_file id="fl-11a">
         <path>C:\ti\ccs2020\ccs\tools\compiler\ti-cgt-armllvm_4.0.3.LTS\lib\armv7em-ti-none-eabihf\c\</path>
         <kind>archive</kind>
         <file>libc.a</file>
         <name>getdevice.c.obj</name>
      </input_file>
      <input_file id="fl-11b">
         <path>C:\ti\ccs2020\ccs\tools\compiler\ti-cgt-armllvm_4.0.3.LTS\lib\armv7em-ti-none-eabihf\c\</path>
         <kind>archive</kind>
         <file>libc.a</file>
         <name>memcpy_t2.S.obj</name>
      </input_file>
      <input_file id="fl-11c">
         <path>C:\ti\ccs2020\ccs\tools\compiler\ti-cgt-armllvm_4.0.3.LTS\lib\armv7em-ti-none-eabihf\c\</path>
         <kind>archive</kind>
         <file>libc.a</file>
         <name>memset_t2.S.obj</name>
      </input_file>
      <input_file id="fl-11d">
         <path>C:\ti\ccs2020\ccs\tools\compiler\ti-cgt-armllvm_4.0.3.LTS\lib\armv7em-ti-none-eabihf\c\</path>
         <kind>archive</kind>
         <file>libc.a</file>
         <name>strcmp_t2.S.obj</name>
      </input_file>
      <input_file id="fl-11e">
         <path>C:\ti\MMWAVE_L_SDK_05_05_03_00\source\kernel\nortos\lib\</path>
         <kind>archive</kind>
         <file>nortos.xwrL64xx.m4f.ti-arm-clang.debug.lib</file>
         <name>TaskP_nortos.obj</name>
      </input_file>
   </input_file_list>
   <object_component_list>
      <object_component id="oc-f">
         <name>.vectors</name>
         <load_address>0x400000</load_address>
         <readwrite>true</readwrite>
         <run_address>0x400000</run_address>
         <size>0x140</size>
         <alignment>0x20</alignment>
         <input_file_ref idref="fl-20"/>
      </object_component>
      <object_component id="oc-1ba">
         <name>.bss.gUartObjects</name>
         <uninitialized>true</uninitialized>
         <readwrite>true</readwrite>
         <run_address>0x400480</run_address>
         <size>0x21c</size>
         <alignment>0x4</alignment>
         <input_file_ref idref="fl-2"/>
      </object_component>
      <object_component id="oc-16f">
         <name>.bss.gEdmaObjects</name>
         <uninitialized>true</uninitialized>
         <readwrite>true</readwrite>
         <run_address>0x40085c</run_address>
         <size>0x58</size>
         <alignment>0x4</alignment>
         <input_file_ref idref="fl-2"/>
      </object_component>
      <object_component id="oc-327">
         <name>.bss.__TI_tmpnams</name>
         <uninitialized>true</uninitialized>
         <readwrite>true</readwrite>
         <run_address>0x4007bc</run_address>
         <size>0xa0</size>
         <alignment>0x1</alignment>
         <input_file_ref idref="fl-48"/>
      </object_component>
      <object_component id="oc-31c">
         <name>.bss.sys_free</name>
         <uninitialized>true</uninitialized>
         <readwrite>true</readwrite>
         <run_address>0x4008b4</run_address>
         <size>0x4</size>
         <alignment>0x4</alignment>
         <input_file_ref idref="fl-49"/>
      </object_component>
      <object_component id="oc-331">
         <name>.bss.parmbuf</name>
         <uninitialized>true</uninitialized>
         <readwrite>true</readwrite>
         <run_address>0x4008f0</run_address>
         <size>0x8</size>
         <alignment>0x1</alignment>
         <input_file_ref idref="fl-106"/>
      </object_component>
      <object_component id="oc-351">
         <name>.bss:_CIOBUF_</name>
         <uninitialized>true</uninitialized>
         <readwrite>true</readwrite>
         <run_address>0x40069c</run_address>
         <size>0x120</size>
         <alignment>0x4</alignment>
         <input_file_ref idref="fl-10b"/>
      </object_component>
      <object_component id="oc-17d">
         <name>.common:gEdmaHandle</name>
         <uninitialized>true</uninitialized>
         <readwrite>true</readwrite>
         <run_address>0x4008f8</run_address>
         <size>0x4</size>
         <alignment>0x4</alignment>
      </object_component>
      <object_component id="oc-183">
         <name>.common:gUartHandle</name>
         <uninitialized>true</uninitialized>
         <readwrite>true</readwrite>
         <run_address>0x4008fc</run_address>
         <size>0x4</size>
         <alignment>0x4</alignment>
      </object_component>
      <object_component id="oc-121">
         <name>.common:gClockCtrl</name>
         <uninitialized>true</uninitialized>
         <readwrite>true</readwrite>
         <run_address>0x4008b8</run_address>
         <size>0x38</size>
         <alignment>0x8</alignment>
      </object_component>
      <object_component id="oc-3d">
         <name>.common:gHwiCtrl</name>
         <uninitialized>true</uninitialized>
         <readwrite>true</readwrite>
         <run_address>0x400200</run_address>
         <size>0x280</size>
         <alignment>0x4</alignment>
      </object_component>
      <object_component id="oc-189">
         <name>.text._vsnprintf</name>
         <load_address>0x400900</load_address>
         <readonly>true</readonly>
         <executable>true</executable>
         <run_address>0x400900</run_address>
         <size>0xa30</size>
         <alignment>0x4</alignment>
         <input_file_ref idref="fl-1e"/>
      </object_component>
      <object_component id="oc-1dc">
         <name>.text._etoa</name>
         <load_address>0x401330</load_address>
         <readonly>true</readonly>
         <executable>true</executable>
         <run_address>0x401330</run_address>
         <size>0x640</size>
         <alignment>0x8</alignment>
         <input_file_ref idref="fl-1e"/>
      </object_component>
      <object_component id="oc-1db">
         <name>.text._ftoa</name>
         <load_address>0x401970</load_address>
         <readonly>true</readonly>
         <executable>true</executable>
         <run_address>0x401970</run_address>
         <size>0x580</size>
         <alignment>0x8</alignment>
         <input_file_ref idref="fl-1e"/>
      </object_component>
      <object_component id="oc-1ab">
         <name>.text.SOC_rcmEnablePeripheralClock</name>
         <load_address>0x401ef0</load_address>
         <readonly>true</readonly>
         <executable>true</executable>
         <run_address>0x401ef0</run_address>
         <size>0x4f4</size>
         <alignment>0x4</alignment>
         <input_file_ref idref="fl-29"/>
      </object_component>
      <object_component id="oc-77">
         <name>.text.hwi</name>
         <load_address>0x4023e4</load_address>
         <readonly>true</readonly>
         <executable>true</executable>
         <run_address>0x4023e4</run_address>
         <size>0x4ca</size>
         <alignment>0x2</alignment>
         <input_file_ref idref="fl-1f"/>
      </object_component>
      <object_component id="oc-107">
         <name>.text.EDMAInitialize</name>
         <load_address>0x4028ae</load_address>
         <readonly>true</readonly>
         <executable>true</executable>
         <run_address>0x4028ae</run_address>
         <size>0x32c</size>
         <alignment>0x2</alignment>
         <input_file_ref idref="fl-25"/>
      </object_component>
      <object_component id="oc-c2">
         <name>.text.Board_driversClose</name>
         <load_address>0x402bda</load_address>
         <readonly>true</readonly>
         <executable>true</executable>
         <run_address>0x402bda</run_address>
         <size>0x2</size>
         <alignment>0x2</alignment>
         <input_file_ref idref="fl-7"/>
      </object_component>
      <object_component id="oc-159">
         <name>.text.SOC_rcmGetClkSrcAndDivValue</name>
         <load_address>0x402bdc</load_address>
         <readonly>true</readonly>
         <executable>true</executable>
         <run_address>0x402bdc</run_address>
         <size>0x2f8</size>
         <alignment>0x4</alignment>
         <input_file_ref idref="fl-29"/>
      </object_component>
      <object_component id="oc-a3">
         <name>.text.Board_driversOpen</name>
         <load_address>0x402ed4</load_address>
         <readonly>true</readonly>
         <executable>true</executable>
         <run_address>0x402ed4</run_address>
         <size>0xc</size>
         <alignment>0x2</alignment>
         <input_file_ref idref="fl-7"/>
      </object_component>
      <object_component id="oc-360">
         <name>.text:strcmp</name>
         <load_address>0x402ee0</load_address>
         <readonly>true</readonly>
         <executable>true</executable>
         <run_address>0x402ee0</run_address>
         <size>0x2dc</size>
         <alignment>0x20</alignment>
         <input_file_ref idref="fl-11d"/>
      </object_component>
      <object_component id="oc-1ce">
         <name>.text.UART_edmaChannelConfig</name>
         <load_address>0x4031bc</load_address>
         <readonly>true</readonly>
         <executable>true</executable>
         <run_address>0x4031bc</run_address>
         <size>0x2ce</size>
         <alignment>0x2</alignment>
         <input_file_ref idref="fl-2b"/>
      </object_component>
      <object_component id="oc-185">
         <name>.text.UART_open</name>
         <load_address>0x40348a</load_address>
         <readonly>true</readonly>
         <executable>true</executable>
         <run_address>0x40348a</run_address>
         <size>0x29c</size>
         <alignment>0x2</alignment>
         <input_file_ref idref="fl-2a"/>
      </object_component>
      <object_component id="oc-5c">
         <name>.text.Board_init</name>
         <load_address>0x403726</load_address>
         <readonly>true</readonly>
         <executable>true</executable>
         <run_address>0x403726</run_address>
         <size>0x2</size>
         <alignment>0x2</alignment>
         <input_file_ref idref="fl-6"/>
      </object_component>
      <object_component id="oc-29b">
         <name>.text.allocResource</name>
         <load_address>0x403728</load_address>
         <readonly>true</readonly>
         <executable>true</executable>
         <run_address>0x403728</run_address>
         <size>0x25a</size>
         <alignment>0x4</alignment>
         <input_file_ref idref="fl-25"/>
      </object_component>
      <object_component id="oc-3f">
         <name>.text.mpu</name>
         <load_address>0x403982</load_address>
         <readonly>true</readonly>
         <executable>true</executable>
         <run_address>0x403982</run_address>
         <size>0x23e</size>
         <alignment>0x2</alignment>
         <input_file_ref idref="fl-22"/>
      </object_component>
      <object_component id="oc-1cd">
         <name>.text.UART_controllerIsr</name>
         <load_address>0x403bc0</load_address>
         <readonly>true</readonly>
         <executable>true</executable>
         <run_address>0x403bc0</run_address>
         <size>0x23c</size>
         <alignment>0x2</alignment>
         <input_file_ref idref="fl-2a"/>
      </object_component>
      <object_component id="oc-232">
         <name>.text._ntoa_format</name>
         <load_address>0x403dfc</load_address>
         <readonly>true</readonly>
         <executable>true</executable>
         <run_address>0x403dfc</run_address>
         <size>0x23c</size>
         <alignment>0x2</alignment>
         <input_file_ref idref="fl-1e"/>
      </object_component>
      <object_component id="oc-1cc">
         <name>.text.UART_configInstance</name>
         <load_address>0x404038</load_address>
         <readonly>true</readonly>
         <executable>true</executable>
         <run_address>0x404038</run_address>
         <size>0x1c8</size>
         <alignment>0x8</alignment>
         <input_file_ref idref="fl-2a"/>
      </object_component>
      <object_component id="oc-20c">
         <name>.text.adddf3_subdf3</name>
         <load_address>0x404200</load_address>
         <readonly>true</readonly>
         <executable>true</executable>
         <run_address>0x404200</run_address>
         <size>0x1b6</size>
         <alignment>0x4</alignment>
         <input_file_ref idref="fl-10c"/>
      </object_component>
      <object_component id="oc-2b5">
         <name>.text.UART_writeDma</name>
         <load_address>0x4043b6</load_address>
         <readonly>true</readonly>
         <executable>true</executable>
         <run_address>0x4043b6</run_address>
         <size>0x1aa</size>
         <alignment>0x2</alignment>
         <input_file_ref idref="fl-2b"/>
      </object_component>
      <object_component id="oc-281">
         <name>.text.EDMA_freeResource</name>
         <load_address>0x404560</load_address>
         <readonly>true</readonly>
         <executable>true</executable>
         <run_address>0x404560</run_address>
         <size>0x1a8</size>
         <alignment>0x4</alignment>
         <input_file_ref idref="fl-25"/>
      </object_component>
      <object_component id="oc-194">
         <name>.text.UART_close</name>
         <load_address>0x404708</load_address>
         <readonly>true</readonly>
         <executable>true</executable>
         <run_address>0x404708</run_address>
         <size>0x1a8</size>
         <alignment>0x2</alignment>
         <input_file_ref idref="fl-2a"/>
      </object_component>
      <object_component id="oc-1c4">
         <name>.text.EDMA_transferCompletionMasterIsrFxn</name>
         <load_address>0x4048b0</load_address>
         <readonly>true</readonly>
         <executable>true</executable>
         <run_address>0x4048b0</run_address>
         <size>0x196</size>
         <alignment>0x2</alignment>
         <input_file_ref idref="fl-25"/>
      </object_component>
      <object_component id="oc-17f">
         <name>.text.EDMA_open</name>
         <load_address>0x404a46</load_address>
         <readonly>true</readonly>
         <executable>true</executable>
         <run_address>0x404a46</run_address>
         <size>0x186</size>
         <alignment>0x2</alignment>
         <input_file_ref idref="fl-25"/>
      </object_component>
      <object_component id="oc-28a">
         <name>.text.UART_write</name>
         <load_address>0x404bcc</load_address>
         <readonly>true</readonly>
         <executable>true</executable>
         <run_address>0x404bcc</run_address>
         <size>0x174</size>
         <alignment>0x2</alignment>
         <input_file_ref idref="fl-2a"/>
      </object_component>
      <object_component id="oc-1d9">
         <name>.text._ntoa_long_long</name>
         <load_address>0x404d40</load_address>
         <readonly>true</readonly>
         <executable>true</executable>
         <run_address>0x404d40</run_address>
         <size>0x138</size>
         <alignment>0x2</alignment>
         <input_file_ref idref="fl-1e"/>
      </object_component>
      <object_component id="oc-224">
         <name>.text.EDMA_registerIntr</name>
         <load_address>0x404e78</load_address>
         <readonly>true</readonly>
         <executable>true</executable>
         <run_address>0x404e78</run_address>
         <size>0x136</size>
         <alignment>0x2</alignment>
         <input_file_ref idref="fl-25"/>
      </object_component>
      <object_component id="oc-25b">
         <name>.text.TaskP_yield</name>
         <load_address>0x404fae</load_address>
         <readonly>true</readonly>
         <executable>true</executable>
         <run_address>0x404fae</run_address>
         <size>0x2</size>
         <alignment>0x2</alignment>
         <input_file_ref idref="fl-11e"/>
      </object_component>
      <object_component id="oc-24f">
         <name>.text.__divdf3</name>
         <load_address>0x404fb0</load_address>
         <readonly>true</readonly>
         <executable>true</executable>
         <run_address>0x404fb0</run_address>
         <size>0x136</size>
         <alignment>0x4</alignment>
         <input_file_ref idref="fl-10e"/>
      </object_component>
      <object_component id="oc-1de">
         <name>.text.__aeabi_ldiv0</name>
         <load_address>0x4050e6</load_address>
         <readonly>true</readonly>
         <executable>true</executable>
         <run_address>0x4050e6</run_address>
         <size>0x2</size>
         <alignment>0x2</alignment>
         <input_file_ref idref="fl-119"/>
      </object_component>
      <object_component id="oc-275">
         <name>.text.EDMA_allocResource</name>
         <load_address>0x4050e8</load_address>
         <readonly>true</readonly>
         <executable>true</executable>
         <run_address>0x4050e8</run_address>
         <size>0x132</size>
         <alignment>0x4</alignment>
         <input_file_ref idref="fl-25"/>
      </object_component>
      <object_component id="oc-24">
         <name>.text.hwi</name>
         <load_address>0x40521a</load_address>
         <readonly>true</readonly>
         <executable>true</executable>
         <run_address>0x40521a</run_address>
         <size>0x12e</size>
         <alignment>0x2</alignment>
         <input_file_ref idref="fl-20"/>
      </object_component>
      <object_component id="oc-1f4">
         <name>.text.SOC_rcmGetClkSrcAndDivReg</name>
         <load_address>0x405348</load_address>
         <readonly>true</readonly>
         <executable>true</executable>
         <run_address>0x405348</run_address>
         <size>0x128</size>
         <alignment>0x4</alignment>
         <input_file_ref idref="fl-29"/>
      </object_component>
      <object_component id="oc-267">
         <name>.text.floor</name>
         <load_address>0x405470</load_address>
         <readonly>true</readonly>
         <executable>true</executable>
         <run_address>0x405470</run_address>
         <size>0x120</size>
         <alignment>0x8</alignment>
         <input_file_ref idref="fl-4f"/>
      </object_component>
      <object_component id="oc-e5">
         <name>.text.ClockP_init</name>
         <load_address>0x405590</load_address>
         <readonly>true</readonly>
         <executable>true</executable>
         <run_address>0x405590</run_address>
         <size>0x11c</size>
         <alignment>0x2</alignment>
         <input_file_ref idref="fl-1d"/>
      </object_component>
      <object_component id="oc-1da">
         <name>.text._ntoa_long</name>
         <load_address>0x4056ac</load_address>
         <readonly>true</readonly>
         <executable>true</executable>
         <run_address>0x4056ac</run_address>
         <size>0x114</size>
         <alignment>0x2</alignment>
         <input_file_ref idref="fl-1e"/>
      </object_component>
      <object_component id="oc-145">
         <name>.text.SysTickTimerP_setup</name>
         <load_address>0x4057c0</load_address>
         <readonly>true</readonly>
         <executable>true</executable>
         <run_address>0x4057c0</run_address>
         <size>0x10e</size>
         <alignment>0x2</alignment>
         <input_file_ref idref="fl-21"/>
      </object_component>
      <object_component id="oc-12d">
         <name>.text._nop</name>
         <load_address>0x4058ce</load_address>
         <readonly>true</readonly>
         <executable>true</executable>
         <run_address>0x4058ce</run_address>
         <size>0x2</size>
         <alignment>0x2</alignment>
         <input_file_ref idref="fl-47"/>
      </object_component>
      <object_component id="oc-2f1">
         <name>.text.aligned_alloc</name>
         <load_address>0x4058d0</load_address>
         <readonly>true</readonly>
         <executable>true</executable>
         <run_address>0x4058d0</run_address>
         <size>0x10c</size>
         <alignment>0x4</alignment>
         <input_file_ref idref="fl-49"/>
      </object_component>
      <object_component id="oc-24b">
         <name>.text.__muldf3</name>
         <load_address>0x4059dc</load_address>
         <readonly>true</readonly>
         <executable>true</executable>
         <run_address>0x4059dc</run_address>
         <size>0xfc</size>
         <alignment>0x4</alignment>
         <input_file_ref idref="fl-10d"/>
      </object_component>
      <object_component id="oc-192">
         <name>.text.SemaphoreP_pend</name>
         <load_address>0x405ad8</load_address>
         <readonly>true</readonly>
         <executable>true</executable>
         <run_address>0x405ad8</run_address>
         <size>0xf6</size>
         <alignment>0x2</alignment>
         <input_file_ref idref="fl-24"/>
      </object_component>
      <object_component id="oc-af">
         <name>.text.AddrTranslateP_getLocalAddr</name>
         <load_address>0x405bce</load_address>
         <readonly>true</readonly>
         <executable>true</executable>
         <run_address>0x405bce</run_address>
         <size>0xe8</size>
         <alignment>0x2</alignment>
         <input_file_ref idref="fl-23"/>
      </object_component>
      <object_component id="oc-1ec">
         <name>.text.UART_flushTxFifo</name>
         <load_address>0x405cb6</load_address>
         <readonly>true</readonly>
         <executable>true</executable>
         <run_address>0x405cb6</run_address>
         <size>0xde</size>
         <alignment>0x2</alignment>
         <input_file_ref idref="fl-2a"/>
      </object_component>
      <object_component id="oc-2d6">
         <name>.text.free</name>
         <load_address>0x405d94</load_address>
         <readonly>true</readonly>
         <executable>true</executable>
         <run_address>0x405d94</run_address>
         <size>0xdc</size>
         <alignment>0x4</alignment>
         <input_file_ref idref="fl-49"/>
      </object_component>
      <object_component id="oc-2b3">
         <name>.text.UART_writeInterrupt</name>
         <load_address>0x405e70</load_address>
         <readonly>true</readonly>
         <executable>true</executable>
         <run_address>0x405e70</run_address>
         <size>0xda</size>
         <alignment>0x2</alignment>
         <input_file_ref idref="fl-2a"/>
      </object_component>
      <object_component id="oc-2b4">
         <name>.text.UART_writePolling</name>
         <load_address>0x405f4a</load_address>
         <readonly>true</readonly>
         <executable>true</executable>
         <run_address>0x405f4a</run_address>
         <size>0xd8</size>
         <alignment>0x2</alignment>
         <input_file_ref idref="fl-2a"/>
      </object_component>
      <object_component id="oc-2bb">
         <name>.text.setvbuf</name>
         <load_address>0x406024</load_address>
         <readonly>true</readonly>
         <executable>true</executable>
         <run_address>0x406024</run_address>
         <size>0xd8</size>
         <alignment>0x4</alignment>
         <input_file_ref idref="fl-44"/>
      </object_component>
      <object_component id="oc-1ac">
         <name>.text.SOC_rcmSetPeripheralClock</name>
         <load_address>0x4060fc</load_address>
         <readonly>true</readonly>
         <executable>true</executable>
         <run_address>0x4060fc</run_address>
         <size>0xce</size>
         <alignment>0x2</alignment>
         <input_file_ref idref="fl-29"/>
      </object_component>
      <object_component id="oc-276">
         <name>.text.EDMAEnableChInShadowRegRegion</name>
         <load_address>0x4061ca</load_address>
         <readonly>true</readonly>
         <executable>true</executable>
         <run_address>0x4061ca</run_address>
         <size>0xcc</size>
         <alignment>0x2</alignment>
         <input_file_ref idref="fl-25"/>
      </object_component>
      <object_component id="oc-206">
         <name>.text.round</name>
         <load_address>0x406298</load_address>
         <readonly>true</readonly>
         <executable>true</executable>
         <run_address>0x406298</run_address>
         <size>0xc4</size>
         <alignment>0x8</alignment>
         <input_file_ref idref="fl-45"/>
      </object_component>
      <object_component id="oc-277">
         <name>.text.EDMAMapChToEvtQ</name>
         <load_address>0x40635c</load_address>
         <readonly>true</readonly>
         <executable>true</executable>
         <run_address>0x40635c</run_address>
         <size>0xc0</size>
         <alignment>0x2</alignment>
         <input_file_ref idref="fl-25"/>
      </object_component>
      <object_component id="oc-23a">
         <name>.text._out_rev</name>
         <load_address>0x40641c</load_address>
         <readonly>true</readonly>
         <executable>true</executable>
         <run_address>0x40641c</run_address>
         <size>0xc0</size>
         <alignment>0x2</alignment>
         <input_file_ref idref="fl-1e"/>
      </object_component>
      <object_component id="oc-258">
         <name>.text.ClockP_stop</name>
         <load_address>0x4064dc</load_address>
         <readonly>true</readonly>
         <executable>true</executable>
         <run_address>0x4064dc</run_address>
         <size>0xba</size>
         <alignment>0x2</alignment>
         <input_file_ref idref="fl-1c"/>
      </object_component>
      <object_component id="oc-221">
         <name>.text.EDMAConfigureChannelRegion</name>
         <load_address>0x406596</load_address>
         <readonly>true</readonly>
         <executable>true</executable>
         <run_address>0x406596</run_address>
         <size>0xb6</size>
         <alignment>0x2</alignment>
         <input_file_ref idref="fl-25"/>
      </object_component>
      <object_component id="oc-fb">
         <name>.text.SOC_rcmGetPeripheralClock</name>
         <load_address>0x40664c</load_address>
         <readonly>true</readonly>
         <executable>true</executable>
         <run_address>0x40664c</run_address>
         <size>0xb4</size>
         <alignment>0x2</alignment>
         <input_file_ref idref="fl-29"/>
      </object_component>
      <object_component id="oc-61">
         <name>.text.gpio_led_blink_main</name>
         <load_address>0x406700</load_address>
         <readonly>true</readonly>
         <executable>true</executable>
         <run_address>0x406700</run_address>
         <size>0xb4</size>
         <alignment>0x2</alignment>
         <input_file_ref idref="fl-8"/>
      </object_component>
      <object_component id="oc-147">
         <name>.text.ClockP_timerTickIsr</name>
         <load_address>0x4067b4</load_address>
         <readonly>true</readonly>
         <executable>true</executable>
         <run_address>0x4067b4</run_address>
         <size>0xb2</size>
         <alignment>0x2</alignment>
         <input_file_ref idref="fl-1c"/>
      </object_component>
      <object_component id="oc-fc">
         <name>.text.UART_init</name>
         <load_address>0x406866</load_address>
         <readonly>true</readonly>
         <executable>true</executable>
         <run_address>0x406866</run_address>
         <size>0xb0</size>
         <alignment>0x2</alignment>
         <input_file_ref idref="fl-2a"/>
      </object_component>
      <object_component id="oc-18c">
         <name>.text</name>
         <load_address>0x406918</load_address>
         <readonly>true</readonly>
         <executable>true</executable>
         <run_address>0x406918</run_address>
         <size>0xb0</size>
         <alignment>0x4</alignment>
         <input_file_ref idref="fl-118"/>
      </object_component>
      <object_component id="oc-10c">
         <name>.text.Drivers_uartOpen</name>
         <load_address>0x4069c8</load_address>
         <readonly>true</readonly>
         <executable>true</executable>
         <run_address>0x4069c8</run_address>
         <size>0xaa</size>
         <alignment>0x2</alignment>
         <input_file_ref idref="fl-3"/>
      </object_component>
      <object_component id="oc-195">
         <name>.text.EDMA_close</name>
         <load_address>0x406a72</load_address>
         <readonly>true</readonly>
         <executable>true</executable>
         <run_address>0x406a72</run_address>
         <size>0xaa</size>
         <alignment>0x2</alignment>
         <input_file_ref idref="fl-25"/>
      </object_component>
      <object_component id="oc-1a5">
         <name>.text.ClockP_addToList</name>
         <load_address>0x406b1c</load_address>
         <readonly>true</readonly>
         <executable>true</executable>
         <run_address>0x406b1c</run_address>
         <size>0xa8</size>
         <alignment>0x2</alignment>
         <input_file_ref idref="fl-1c"/>
      </object_component>
      <object_component id="oc-1e9">
         <name>.text.ClockP_destruct</name>
         <load_address>0x406bc4</load_address>
         <readonly>true</readonly>
         <executable>true</executable>
         <run_address>0x406bc4</run_address>
         <size>0xa8</size>
         <alignment>0x2</alignment>
         <input_file_ref idref="fl-1c"/>
      </object_component>
      <object_component id="oc-10a">
         <name>.text.Drivers_edmaOpen</name>
         <load_address>0x406c6c</load_address>
         <readonly>true</readonly>
         <executable>true</executable>
         <run_address>0x406c6c</run_address>
         <size>0xa6</size>
         <alignment>0x2</alignment>
         <input_file_ref idref="fl-3"/>
      </object_component>
      <object_component id="oc-228">
         <name>.text.UART_txEdmaIsrFxn</name>
         <load_address>0x406d12</load_address>
         <readonly>true</readonly>
         <executable>true</executable>
         <run_address>0x406d12</run_address>
         <size>0xa6</size>
         <alignment>0x2</alignment>
         <input_file_ref idref="fl-2b"/>
      </object_component>
      <object_component id="oc-17c">
         <name>.text.EDMASetPaRAM</name>
         <load_address>0x406db8</load_address>
         <readonly>true</readonly>
         <executable>true</executable>
         <run_address>0x406db8</run_address>
         <size>0xa2</size>
         <alignment>0x2</alignment>
         <input_file_ref idref="fl-25"/>
      </object_component>
      <object_component id="oc-223">
         <name>.text.UART_rxEdmaIsrFxn</name>
         <load_address>0x406e5a</load_address>
         <readonly>true</readonly>
         <executable>true</executable>
         <run_address>0x406e5a</run_address>
         <size>0xa0</size>
         <alignment>0x2</alignment>
         <input_file_ref idref="fl-2b"/>
      </object_component>
      <object_component id="oc-1a7">
         <name>.text.SOC_rcmEnableADPLLClock</name>
         <load_address>0x406efa</load_address>
         <readonly>true</readonly>
         <executable>true</executable>
         <run_address>0x406efa</run_address>
         <size>0x92</size>
         <alignment>0x2</alignment>
         <input_file_ref idref="fl-29"/>
      </object_component>
      <object_component id="oc-170">
         <name>.text.ClockP_getTimeUsec</name>
         <load_address>0x406f8c</load_address>
         <readonly>true</readonly>
         <executable>true</executable>
         <run_address>0x406f8c</run_address>
         <size>0x90</size>
         <alignment>0x2</alignment>
         <input_file_ref idref="fl-1c"/>
      </object_component>
      <object_component id="oc-2cb">
         <name>.text.UART_writeCancelNoCB</name>
         <load_address>0x40701c</load_address>
         <readonly>true</readonly>
         <executable>true</executable>
         <run_address>0x40701c</run_address>
         <size>0x90</size>
         <alignment>0x2</alignment>
         <input_file_ref idref="fl-2a"/>
      </object_component>
      <object_component id="oc-2cf">
         <name>.text.EDMAEnableTransferRegion</name>
         <load_address>0x4070ac</load_address>
         <readonly>true</readonly>
         <executable>true</executable>
         <run_address>0x4070ac</run_address>
         <size>0x8c</size>
         <alignment>0x2</alignment>
         <input_file_ref idref="fl-25"/>
      </object_component>
      <object_component id="oc-95">
         <name>.text.EDMA_init</name>
         <load_address>0x407138</load_address>
         <readonly>true</readonly>
         <executable>true</executable>
         <run_address>0x407138</run_address>
         <size>0x8c</size>
         <alignment>0x2</alignment>
         <input_file_ref idref="fl-25"/>
      </object_component>
      <object_component id="oc-283">
         <name>.text.fputc</name>
         <load_address>0x4071c4</load_address>
         <readonly>true</readonly>
         <executable>true</executable>
         <run_address>0x4071c4</run_address>
         <size>0x88</size>
         <alignment>0x4</alignment>
         <input_file_ref idref="fl-42"/>
      </object_component>
      <object_component id="oc-94">
         <name>.text.Drivers_uartInit</name>
         <load_address>0x40724c</load_address>
         <readonly>true</readonly>
         <executable>true</executable>
         <run_address>0x40724c</run_address>
         <size>0x80</size>
         <alignment>0x2</alignment>
         <input_file_ref idref="fl-2"/>
      </object_component>
      <object_component id="oc-106">
         <name>.text._DebugP_assert</name>
         <load_address>0x4072cc</load_address>
         <readonly>true</readonly>
         <executable>true</executable>
         <run_address>0x4072cc</run_address>
         <size>0x7c</size>
         <alignment>0x2</alignment>
         <input_file_ref idref="fl-1a"/>
      </object_component>
      <object_component id="oc-1b9">
         <name>.text.SOC_rcmGetFreqLeafNode</name>
         <load_address>0x407348</load_address>
         <readonly>true</readonly>
         <executable>true</executable>
         <run_address>0x407348</run_address>
         <size>0x76</size>
         <alignment>0x2</alignment>
         <input_file_ref idref="fl-29"/>
      </object_component>
      <object_component id="oc-1cb">
         <name>.text.UART_checkOpenParams</name>
         <load_address>0x4073be</load_address>
         <readonly>true</readonly>
         <executable>true</executable>
         <run_address>0x4073be</run_address>
         <size>0x76</size>
         <alignment>0x2</alignment>
         <input_file_ref idref="fl-2a"/>
      </object_component>
      <object_component id="oc-17b">
         <name>.text.EDMACCPaRAMEntry_init</name>
         <load_address>0x407434</load_address>
         <readonly>true</readonly>
         <executable>true</executable>
         <run_address>0x407434</run_address>
         <size>0x74</size>
         <alignment>0x2</alignment>
         <input_file_ref idref="fl-25"/>
      </object_component>
      <object_component id="oc-175">
         <name>.text.EDMAClrMissEvtRegion</name>
         <load_address>0x4074a8</load_address>
         <readonly>true</readonly>
         <executable>true</executable>
         <run_address>0x4074a8</run_address>
         <size>0x72</size>
         <alignment>0x2</alignment>
         <input_file_ref idref="fl-25"/>
      </object_component>
      <object_component id="oc-1e6">
         <name>.text.ClockP_construct</name>
         <load_address>0x40751a</load_address>
         <readonly>true</readonly>
         <executable>true</executable>
         <run_address>0x40751a</run_address>
         <size>0x70</size>
         <alignment>0x2</alignment>
         <input_file_ref idref="fl-1c"/>
      </object_component>
      <object_component id="oc-2f2">
         <name>.text.__TI_closefile</name>
         <load_address>0x40758c</load_address>
         <readonly>true</readonly>
         <executable>true</executable>
         <run_address>0x40758c</run_address>
         <size>0x70</size>
         <alignment>0x4</alignment>
         <input_file_ref idref="fl-53"/>
      </object_component>
      <object_component id="oc-31d">
         <name>.text.split</name>
         <load_address>0x4075fc</load_address>
         <readonly>true</readonly>
         <executable>true</executable>
         <run_address>0x4075fc</run_address>
         <size>0x6c</size>
         <alignment>0x4</alignment>
         <input_file_ref idref="fl-49"/>
      </object_component>
      <object_component id="oc-21c">
         <name>.text.EDMA_getBaseAddr</name>
         <load_address>0x407668</load_address>
         <readonly>true</readonly>
         <executable>true</executable>
         <run_address>0x407668</run_address>
         <size>0x68</size>
         <alignment>0x2</alignment>
         <input_file_ref idref="fl-25"/>
      </object_component>
      <object_component id="oc-2d2">
         <name>.text.fseeko</name>
         <load_address>0x4076d0</load_address>
         <readonly>true</readonly>
         <executable>true</executable>
         <run_address>0x4076d0</run_address>
         <size>0x68</size>
         <alignment>0x4</alignment>
         <input_file_ref idref="fl-4e"/>
      </object_component>
      <object_component id="oc-354">
         <name>.text.getdevice</name>
         <load_address>0x407738</load_address>
         <readonly>true</readonly>
         <executable>true</executable>
         <run_address>0x407738</run_address>
         <size>0x68</size>
         <alignment>0x4</alignment>
         <input_file_ref idref="fl-11a"/>
      </object_component>
      <object_component id="oc-313">
         <name>.text.HOSTrename</name>
         <load_address>0x4077a0</load_address>
         <readonly>true</readonly>
         <executable>true</executable>
         <run_address>0x4077a0</run_address>
         <size>0x64</size>
         <alignment>0x4</alignment>
         <input_file_ref idref="fl-108"/>
      </object_component>
      <object_component id="oc-1f5">
         <name>.text.SOC_rcmInsert16</name>
         <load_address>0x407804</load_address>
         <readonly>true</readonly>
         <executable>true</executable>
         <run_address>0x407804</run_address>
         <size>0x62</size>
         <alignment>0x2</alignment>
         <input_file_ref idref="fl-29"/>
      </object_component>
      <object_component id="oc-23b">
         <name>.text.__aeabi_dcmp</name>
         <load_address>0x407868</load_address>
         <readonly>true</readonly>
         <executable>true</executable>
         <run_address>0x407868</run_address>
         <size>0x62</size>
         <alignment>0x4</alignment>
         <input_file_ref idref="fl-114"/>
      </object_component>
      <object_component id="oc-29e">
         <name>.text.__TI_wrt_ok</name>
         <load_address>0x4078ca</load_address>
         <readonly>true</readonly>
         <executable>true</executable>
         <run_address>0x4078ca</run_address>
         <size>0x60</size>
         <alignment>0x2</alignment>
         <input_file_ref idref="fl-43"/>
      </object_component>
      <object_component id="oc-31f">
         <name>.text.close</name>
         <load_address>0x40792c</load_address>
         <readonly>true</readonly>
         <executable>true</executable>
         <run_address>0x40792c</run_address>
         <size>0x60</size>
         <alignment>0x4</alignment>
         <input_file_ref idref="fl-102"/>
      </object_component>
      <object_component id="oc-1d4">
         <name>.text.SemaphoreP_post</name>
         <load_address>0x40798c</load_address>
         <readonly>true</readonly>
         <executable>true</executable>
         <run_address>0x40798c</run_address>
         <size>0x5e</size>
         <alignment>0x2</alignment>
         <input_file_ref idref="fl-24"/>
      </object_component>
      <object_component id="oc-eb">
         <name>.text.Module_clockSetFrequency</name>
         <load_address>0x4079ea</load_address>
         <readonly>true</readonly>
         <executable>true</executable>
         <run_address>0x4079ea</run_address>
         <size>0x5c</size>
         <alignment>0x2</alignment>
         <input_file_ref idref="fl-5"/>
      </object_component>
      <object_component id="oc-b4">
         <name>.text.GPIO_setDirMode</name>
         <load_address>0x407a46</load_address>
         <readonly>true</readonly>
         <executable>true</executable>
         <run_address>0x407a46</run_address>
         <size>0x5a</size>
         <alignment>0x2</alignment>
         <input_file_ref idref="fl-26"/>
      </object_component>
      <object_component id="oc-30b">
         <name>.text.HOSTlseek</name>
         <load_address>0x407aa0</load_address>
         <readonly>true</readonly>
         <executable>true</executable>
         <run_address>0x407aa0</run_address>
         <size>0x58</size>
         <alignment>0x4</alignment>
         <input_file_ref idref="fl-105"/>
      </object_component>
      <object_component id="oc-2fb">
         <name>.text.HOSTopen</name>
         <load_address>0x407af8</load_address>
         <readonly>true</readonly>
         <executable>true</executable>
         <run_address>0x407af8</run_address>
         <size>0x58</size>
         <alignment>0x4</alignment>
         <input_file_ref idref="fl-106"/>
      </object_component>
      <object_component id="oc-2ce">
         <name>.text.SOC_virtToPhy</name>
         <load_address>0x407b50</load_address>
         <readonly>true</readonly>
         <executable>true</executable>
         <run_address>0x407b50</run_address>
         <size>0x58</size>
         <alignment>0x2</alignment>
         <input_file_ref idref="fl-28"/>
      </object_component>
      <object_component id="oc-28d">
         <name>.text.__ledf2</name>
         <load_address>0x407ba8</load_address>
         <readonly>true</readonly>
         <executable>true</executable>
         <run_address>0x407ba8</run_address>
         <size>0x58</size>
         <alignment>0x4</alignment>
         <input_file_ref idref="fl-113"/>
      </object_component>
      <object_component id="oc-21b">
         <name>.text.EDMA_getHandle</name>
         <load_address>0x407c00</load_address>
         <readonly>true</readonly>
         <executable>true</executable>
         <run_address>0x407c00</run_address>
         <size>0x56</size>
         <alignment>0x2</alignment>
         <input_file_ref idref="fl-25"/>
      </object_component>
      <object_component id="oc-303">
         <name>.text.HOSTread</name>
         <load_address>0x407c58</load_address>
         <readonly>true</readonly>
         <executable>true</executable>
         <run_address>0x407c58</run_address>
         <size>0x54</size>
         <alignment>0x4</alignment>
         <input_file_ref idref="fl-107"/>
      </object_component>
      <object_component id="oc-307">
         <name>.text.HOSTwrite</name>
         <load_address>0x407cac</load_address>
         <readonly>true</readonly>
         <executable>true</executable>
         <run_address>0x407cac</run_address>
         <size>0x54</size>
         <alignment>0x4</alignment>
         <input_file_ref idref="fl-10a"/>
      </object_component>
      <object_component id="oc-1f3">
         <name>.text.SOC_rcmGetModuleClkDivVal</name>
         <load_address>0x407d00</load_address>
         <readonly>true</readonly>
         <executable>true</executable>
         <run_address>0x407d00</run_address>
         <size>0x54</size>
         <alignment>0x2</alignment>
         <input_file_ref idref="fl-29"/>
      </object_component>
      <object_component id="oc-28e">
         <name>.text.__gedf2</name>
         <load_address>0x407d54</load_address>
         <readonly>true</readonly>
         <executable>true</executable>
         <run_address>0x407d54</run_address>
         <size>0x54</size>
         <alignment>0x4</alignment>
         <input_file_ref idref="fl-113"/>
      </object_component>
      <object_component id="oc-2d1">
         <name>.text.EDMAReadIntrStatusRegion</name>
         <load_address>0x407da8</load_address>
         <readonly>true</readonly>
         <executable>true</executable>
         <run_address>0x407da8</run_address>
         <size>0x52</size>
         <alignment>0x2</alignment>
         <input_file_ref idref="fl-25"/>
      </object_component>
      <object_component id="oc-f3">
         <name>.text.Pinmux_config</name>
         <load_address>0x407dfa</load_address>
         <readonly>true</readonly>
         <executable>true</executable>
         <run_address>0x407dfa</run_address>
         <size>0x52</size>
         <alignment>0x2</alignment>
         <input_file_ref idref="fl-27"/>
      </object_component>
      <object_component id="oc-1b1">
         <name>.text.SOC_rcmGetClkSrcFromClkSelVal</name>
         <load_address>0x407e4c</load_address>
         <readonly>true</readonly>
         <executable>true</executable>
         <run_address>0x407e4c</run_address>
         <size>0x52</size>
         <alignment>0x2</alignment>
         <input_file_ref idref="fl-29"/>
      </object_component>
      <object_component id="oc-1bc">
         <name>.text.SemaphoreP_construct</name>
         <load_address>0x407e9e</load_address>
         <readonly>true</readonly>
         <executable>true</executable>
         <run_address>0x407e9e</run_address>
         <size>0x52</size>
         <alignment>0x2</alignment>
         <input_file_ref idref="fl-24"/>
      </object_component>
      <object_component id="oc-57">
         <name>.text.System_init</name>
         <load_address>0x407ef0</load_address>
         <readonly>true</readonly>
         <executable>true</executable>
         <run_address>0x407ef0</run_address>
         <size>0x52</size>
         <alignment>0x2</alignment>
         <input_file_ref idref="fl-2"/>
      </object_component>
      <object_component id="oc-12a">
         <name>.text.Drivers_edmaClose</name>
         <load_address>0x407f42</load_address>
         <readonly>true</readonly>
         <executable>true</executable>
         <run_address>0x407f42</run_address>
         <size>0x50</size>
         <alignment>0x2</alignment>
         <input_file_ref idref="fl-3"/>
      </object_component>
      <object_component id="oc-129">
         <name>.text.Drivers_uartClose</name>
         <load_address>0x407f92</load_address>
         <readonly>true</readonly>
         <executable>true</executable>
         <run_address>0x407f92</run_address>
         <size>0x50</size>
         <alignment>0x2</alignment>
         <input_file_ref idref="fl-3"/>
      </object_component>
      <object_component id="oc-ea">
         <name>.text.Module_clockEnable</name>
         <load_address>0x407fe2</load_address>
         <readonly>true</readonly>
         <executable>true</executable>
         <run_address>0x407fe2</run_address>
         <size>0x50</size>
         <alignment>0x2</alignment>
         <input_file_ref idref="fl-5"/>
      </object_component>
      <object_component id="oc-2a8">
         <name>.text.__TI_doflush</name>
         <load_address>0x408032</load_address>
         <readonly>true</readonly>
         <executable>true</executable>
         <run_address>0x408032</run_address>
         <size>0x50</size>
         <alignment>0x2</alignment>
         <input_file_ref idref="fl-4c"/>
      </object_component>
      <object_component id="oc-174">
         <name>.text.EDMAClrEvtRegion</name>
         <load_address>0x408082</load_address>
         <readonly>true</readonly>
         <executable>true</executable>
         <run_address>0x408082</run_address>
         <size>0x4e</size>
         <alignment>0x2</alignment>
         <input_file_ref idref="fl-25"/>
      </object_component>
      <object_component id="oc-177">
         <name>.text.EDMAClrIntrRegion</name>
         <load_address>0x4080d0</load_address>
         <readonly>true</readonly>
         <executable>true</executable>
         <run_address>0x4080d0</run_address>
         <size>0x4e</size>
         <alignment>0x2</alignment>
         <input_file_ref idref="fl-25"/>
      </object_component>
      <object_component id="oc-173">
         <name>.text.EDMADisableDmaEvtRegion</name>
         <load_address>0x40811e</load_address>
         <readonly>true</readonly>
         <executable>true</executable>
         <run_address>0x40811e</run_address>
         <size>0x4e</size>
         <alignment>0x2</alignment>
         <input_file_ref idref="fl-25"/>
      </object_component>
      <object_component id="oc-176">
         <name>.text.EDMADisableEvtIntrRegion</name>
         <load_address>0x40816c</load_address>
         <readonly>true</readonly>
         <executable>true</executable>
         <run_address>0x40816c</run_address>
         <size>0x4e</size>
         <alignment>0x2</alignment>
         <input_file_ref idref="fl-25"/>
      </object_component>
      <object_component id="oc-2e9">
         <name>.text.EDMAEnableDmaEvtRegion</name>
         <load_address>0x4081ba</load_address>
         <readonly>true</readonly>
         <executable>true</executable>
         <run_address>0x4081ba</run_address>
         <size>0x4e</size>
         <alignment>0x2</alignment>
         <input_file_ref idref="fl-25"/>
      </object_component>
      <object_component id="oc-2e7">
         <name>.text.EDMASetEvtRegion</name>
         <load_address>0x408208</load_address>
         <readonly>true</readonly>
         <executable>true</executable>
         <run_address>0x408208</run_address>
         <size>0x4e</size>
         <alignment>0x2</alignment>
         <input_file_ref idref="fl-25"/>
      </object_component>
      <object_component id="oc-280">
         <name>.text.EDMAEnableEvtIntrRegion</name>
         <load_address>0x408256</load_address>
         <readonly>true</readonly>
         <executable>true</executable>
         <run_address>0x408256</run_address>
         <size>0x4c</size>
         <alignment>0x2</alignment>
         <input_file_ref idref="fl-25"/>
      </object_component>
      <object_component id="oc-279">
         <name>.text.EDMAMapQdmaChToPaRAM</name>
         <load_address>0x4082a2</load_address>
         <readonly>true</readonly>
         <executable>true</executable>
         <run_address>0x4082a2</run_address>
         <size>0x4c</size>
         <alignment>0x2</alignment>
         <input_file_ref idref="fl-25"/>
      </object_component>
      <object_component id="oc-1ca">
         <name>.text.UART_Params_init</name>
         <load_address>0x4082ee</load_address>
         <readonly>true</readonly>
         <executable>true</executable>
         <run_address>0x4082ee</run_address>
         <size>0x4c</size>
         <alignment>0x2</alignment>
         <input_file_ref idref="fl-2a"/>
      </object_component>
      <object_component id="oc-288">
         <name>.text.UART_getHandle</name>
         <load_address>0x40833a</load_address>
         <readonly>true</readonly>
         <executable>true</executable>
         <run_address>0x40833a</run_address>
         <size>0x4c</size>
         <alignment>0x2</alignment>
         <input_file_ref idref="fl-2a"/>
      </object_component>
      <object_component id="oc-11">
         <name>.text:_c_int00</name>
         <load_address>0x408386</load_address>
         <readonly>true</readonly>
         <executable>true</executable>
         <run_address>0x408386</run_address>
         <size>0x4a</size>
         <alignment>0x2</alignment>
         <input_file_ref idref="fl-18"/>
      </object_component>
      <object_component id="oc-1a8">
         <name>.text.SOC_rcmSetM4ClockSrc</name>
         <load_address>0x4083d0</load_address>
         <readonly>true</readonly>
         <executable>true</executable>
         <run_address>0x4083d0</run_address>
         <size>0x48</size>
         <alignment>0x2</alignment>
         <input_file_ref idref="fl-29"/>
      </object_component>
      <object_component id="oc-242">
         <name>.text.__fixdfsi</name>
         <load_address>0x408418</load_address>
         <readonly>true</readonly>
         <executable>true</executable>
         <run_address>0x408418</run_address>
         <size>0x48</size>
         <alignment>0x4</alignment>
         <input_file_ref idref="fl-10f"/>
      </object_component>
      <object_component id="oc-216">
         <name>.text.UART_rxChar</name>
         <load_address>0x408460</load_address>
         <readonly>true</readonly>
         <executable>true</executable>
         <run_address>0x408460</run_address>
         <size>0x46</size>
         <alignment>0x2</alignment>
         <input_file_ref idref="fl-2a"/>
      </object_component>
      <object_component id="oc-30f">
         <name>.text.HOSTunlink</name>
         <load_address>0x4084a8</load_address>
         <readonly>true</readonly>
         <executable>true</executable>
         <run_address>0x4084a8</run_address>
         <size>0x44</size>
         <alignment>0x4</alignment>
         <input_file_ref idref="fl-109"/>
      </object_component>
      <object_component id="oc-154">
         <name>.text.SOC_controlModuleUnlockMMR</name>
         <load_address>0x4084ec</load_address>
         <readonly>true</readonly>
         <executable>true</executable>
         <run_address>0x4084ec</run_address>
         <size>0x44</size>
         <alignment>0x2</alignment>
         <input_file_ref idref="fl-28"/>
      </object_component>
      <object_component id="oc-1af">
         <name>.text.SOC_rcmExtract16</name>
         <load_address>0x408530</load_address>
         <readonly>true</readonly>
         <executable>true</executable>
         <run_address>0x408530</run_address>
         <size>0x44</size>
         <alignment>0x2</alignment>
         <input_file_ref idref="fl-29"/>
      </object_component>
      <object_component id="oc-ef">
         <name>.text.SOC_rcmExtract8</name>
         <load_address>0x408574</load_address>
         <readonly>true</readonly>
         <executable>true</executable>
         <run_address>0x408574</run_address>
         <size>0x44</size>
         <alignment>0x2</alignment>
         <input_file_ref idref="fl-29"/>
      </object_component>
      <object_component id="oc-264">
         <name>.text.SOC_rcmMake16</name>
         <load_address>0x4085b8</load_address>
         <readonly>true</readonly>
         <executable>true</executable>
         <run_address>0x4085b8</run_address>
         <size>0x44</size>
         <alignment>0x2</alignment>
         <input_file_ref idref="fl-29"/>
      </object_component>
      <object_component id="oc-219">
         <name>.text.UART_txChar</name>
         <load_address>0x4085fc</load_address>
         <readonly>true</readonly>
         <executable>true</executable>
         <run_address>0x4085fc</run_address>
         <size>0x44</size>
         <alignment>0x2</alignment>
         <input_file_ref idref="fl-2a"/>
      </object_component>
      <object_component id="oc-a9">
         <name>.text._DebugP_logZone</name>
         <load_address>0x408640</load_address>
         <readonly>true</readonly>
         <executable>true</executable>
         <run_address>0x408640</run_address>
         <size>0x44</size>
         <alignment>0x2</alignment>
         <input_file_ref idref="fl-1b"/>
      </object_component>
      <object_component id="oc-210">
         <name>.text.__fixunsdfsi</name>
         <load_address>0x408684</load_address>
         <readonly>true</readonly>
         <executable>true</executable>
         <run_address>0x408684</run_address>
         <size>0x44</size>
         <alignment>0x4</alignment>
         <input_file_ref idref="fl-110"/>
      </object_component>
      <object_component id="oc-1dd">
         <name>.text._strnlen_s</name>
         <load_address>0x4086c8</load_address>
         <readonly>true</readonly>
         <executable>true</executable>
         <run_address>0x4086c8</run_address>
         <size>0x44</size>
         <alignment>0x2</alignment>
         <input_file_ref idref="fl-1e"/>
      </object_component>
[...]
      </symbol>
      <symbol id="sm-2ce">
         <name>EDMA_allocTcc</name>
         <value>0x40915d</value>
         <object_component_ref idref="oc-21f"/>
      </symbol>
      <symbol id="sm-2cf">
         <name>EDMA_allocParam</name>
         <value>0x409147</value>
         <object_component_ref idref="oc-220"/>
      </symbol>
      <symbol id="sm-2d0">
         <name>EDMA_freeDmaChannel</name>
         <value>0x409173</value>
         <object_component_ref idref="oc-225"/>
      </symbol>
      <symbol id="sm-2d1">
         <name>EDMA_freeTcc</name>
         <value>0x40919f</value>
         <object_component_ref idref="oc-226"/>
      </symbol>
      <symbol id="sm-2d2">
         <name>EDMA_freeParam</name>
         <value>0x409189</value>
         <object_component_ref idref="oc-227"/>
      </symbol>
      <symbol id="sm-2e7">
         <name>GPIO_moduleEnable</name>
         <value>0x409205</value>
         <object_component_ref idref="oc-182"/>
      </symbol>
      <symbol id="sm-2e8">
         <name>GPIO_setDirMode</name>
         <value>0x407a47</value>
         <object_component_ref idref="oc-b4"/>
      </symbol>
      <symbol id="sm-2e9">
         <name>GPIO_pinWriteHigh</name>
         <value>0x408a61</value>
         <object_component_ref idref="oc-b9"/>
      </symbol>
      <symbol id="sm-2ea">
         <name>GPIO_pinWriteLow</name>
         <value>0x408a91</value>
         <object_component_ref idref="oc-bf"/>
      </symbol>
      <symbol id="sm-2f6">
         <name>Pinmux_config</name>
         <value>0x407dfb</value>
         <object_component_ref idref="oc-f3"/>
      </symbol>
      <symbol id="sm-30c">
         <name>SOC_clocksEnable</name>
         <value>0x409069</value>
         <object_component_ref idref="oc-14b"/>
      </symbol>
      <symbol id="sm-30d">
         <name>SOC_moduleClockEnable</name>
         <value>0x409013</value>
         <object_component_ref idref="oc-151"/>
      </symbol>
      <symbol id="sm-30e">
         <name>SOC_moduleSetClockFrequency</name>
         <value>0x409083</value>
         <object_component_ref idref="oc-153"/>
      </symbol>
      <symbol id="sm-30f">
         <name>SOC_controlModuleLockMMR</name>
         <value>0x40880d</value>
         <object_component_ref idref="oc-156"/>
      </symbol>
      <symbol id="sm-310">
         <name>SOC_controlModuleUnlockMMR</name>
         <value>0x4084ed</value>
         <object_component_ref idref="oc-154"/>
      </symbol>
      <symbol id="sm-311">
         <name>SOC_virtToPhy</name>
         <value>0x407b51</value>
         <object_component_ref idref="oc-2ce"/>
      </symbol>
      <symbol id="sm-386">
         <name>SOC_rcmEnableADPLLClock</name>
         <value>0x406efb</value>
         <object_component_ref idref="oc-1a7"/>
      </symbol>
      <symbol id="sm-387">
         <name>SOC_rcmSetM4ClockSrc</name>
         <value>0x4083d1</value>
         <object_component_ref idref="oc-1a8"/>
      </symbol>
      <symbol id="sm-388">
         <name>SOC_rcmSetPeripheralClock</name>
         <value>0x4060fd</value>
         <object_component_ref idref="oc-1ac"/>
      </symbol>
      <symbol id="sm-389">
         <name>SOC_rcmGetPeripheralClock</name>
         <value>0x40664d</value>
         <object_component_ref idref="oc-fb"/>
      </symbol>
      <symbol id="sm-38a">
         <name>SOC_rcmEnablePeripheralClock</name>
         <value>0x401ef1</value>
         <object_component_ref idref="oc-1ab"/>
      </symbol>
      <symbol id="sm-38b">
         <name>SOC_getEfusePgVersion</name>
         <value>0x408d0b</value>
         <object_component_ref idref="oc-8b"/>
      </symbol>
      <symbol id="sm-3f5">
         <name>UART_init</name>
         <value>0x406867</value>
         <object_component_ref idref="oc-fc"/>
      </symbol>
      <symbol id="sm-3f6">
         <name>UART_open</name>
         <value>0x40348b</value>
         <object_component_ref idref="oc-185"/>
      </symbol>
      <symbol id="sm-3f7">
         <name>UART_close</name>
         <value>0x404709</value>
         <object_component_ref idref="oc-194"/>
      </symbol>
      <symbol id="sm-3f8">
         <name>UART_flushTxFifo</name>
         <value>0x405cb7</value>
         <object_component_ref idref="oc-1ec"/>
      </symbol>
      <symbol id="sm-3f9">
         <name>UART_getHandle</name>
         <value>0x40833b</value>
         <object_component_ref idref="oc-288"/>
      </symbol>
      <symbol id="sm-3fa">
         <name>UART_write</name>
         <value>0x404bcd</value>
         <object_component_ref idref="oc-28a"/>
      </symbol>
      <symbol id="sm-41b">
         <name>UART_edmaChannelConfig</name>
         <value>0x4031bd</value>
         <object_component_ref idref="oc-1ce"/>
      </symbol>
      <symbol id="sm-41c">
         <name>UART_writeDma</name>
         <value>0x4043b7</value>
         <object_component_ref idref="oc-2b5"/>
      </symbol>
      <symbol id="sm-42a">
         <name>fputc</name>
         <value>0x4071c5</value>
         <object_component_ref idref="oc-283"/>
      </symbol>
      <symbol id="sm-42b">
         <name>putchar</name>
         <value>0x409439</value>
         <object_component_ref idref="oc-22b"/>
      </symbol>
      <symbol id="sm-435">
         <name>__TI_wrt_ok</name>
         <value>0x4078cb</value>
         <object_component_ref idref="oc-29e"/>
      </symbol>
      <symbol id="sm-43f">
         <name>setvbuf</name>
         <value>0x406025</value>
         <object_component_ref idref="oc-2bb"/>
      </symbol>
      <symbol id="sm-453">
         <name>round</name>
         <value>0x406299</value>
         <object_component_ref idref="oc-206"/>
      </symbol>
      <symbol id="sm-454">
         <name>roundl</name>
         <value>0x406299</value>
         <object_component_ref idref="oc-206"/>
      </symbol>
      <symbol id="sm-462">
         <name>abort</name>
         <value>0x409485</value>
         <object_component_ref idref="oc-67"/>
      </symbol>
      <symbol id="sm-463">
         <name>__TI_cleanup_ptr</name>
         <value>0x409f58</value>
         <object_component_ref idref="oc-ce"/>
      </symbol>
      <symbol id="sm-464">
         <name>__TI_dtors_ptr</name>
         <value>0x409f5c</value>
         <object_component_ref idref="oc-ce"/>
      </symbol>
      <symbol id="sm-465">
         <name>exit</name>
         <value>0x408b21</value>
         <object_component_ref idref="oc-6c"/>
      </symbol>
      <symbol id="sm-46e">
         <name>_nop</name>
         <value>0x4058cf</value>
         <object_component_ref idref="oc-12d"/>
      </symbol>
      <symbol id="sm-46f">
         <name>_lock</name>
         <value>0x409f7c</value>
         <object_component_ref idref="oc-cc"/>
      </symbol>
      <symbol id="sm-470">
         <name>_unlock</name>
         <value>0x409f80</value>
         <object_component_ref idref="oc-cf"/>
      </symbol>
      <symbol id="sm-475">
         <name>_ftable</name>
         <value>0x409c10</value>
         <object_component_ref idref="oc-284"/>
      </symbol>
      <symbol id="sm-476">
         <name>__TI_ft_end</name>
         <value>0x409f78</value>
         <object_component_ref idref="oc-2f8"/>
      </symbol>
      <symbol id="sm-477">
         <name>__TI_tmpnams</name>
         <value>0x4007bc</value>
         <object_component_ref idref="oc-327"/>
      </symbol>
      <symbol id="sm-49a">
         <name>malloc</name>
         <value>0x40947d</value>
         <object_component_ref idref="oc-2d8"/>
      </symbol>
      <symbol id="sm-49b">
         <name>aligned_alloc</name>
         <value>0x4058d1</value>
         <object_component_ref idref="oc-2f1"/>
      </symbol>
      <symbol id="sm-49c">
         <name>free</name>
         <value>0x405d95</value>
         <object_component_ref idref="oc-2d6"/>
      </symbol>
      <symbol id="sm-49d">
         <name>_sys_memory</name>
         <value>0x45a000</value>
         <object_component_ref idref="oc-22"/>
      </symbol>
      <symbol id="sm-49e">
         <name>memalign</name>
         <value>0x4058d1</value>
         <object_component_ref idref="oc-2f1"/>
      </symbol>
      <symbol id="sm-4a9">
         <name>__TI_auto_init_nobinit_nopinit</name>
         <value>0x4088f1</value>
         <object_component_ref idref="oc-4a"/>
      </symbol>
      <symbol id="sm-4b4">
         <name>__TI_doflush</name>
         <value>0x408033</value>
         <object_component_ref idref="oc-2a8"/>
      </symbol>
      <symbol id="sm-4bf">
         <name>__TI_cleanup</name>
         <value>0x408995</value>
         <object_component_ref idref="oc-2d9"/>
      </symbol>
      <symbol id="sm-4cc">
         <name>fseek</name>
         <value>0x40948f</value>
         <object_component_ref idref="oc-2b6"/>
      </symbol>
      <symbol id="sm-4cd">
         <name>fseeko</name>
         <value>0x4076d1</value>
         <object_component_ref idref="oc-2d2"/>
      </symbol>
      <symbol id="sm-4de">
         <name>floor</name>
         <value>0x405471</value>
         <object_component_ref idref="oc-267"/>
      </symbol>
      <symbol id="sm-4df">
         <name>floorl</name>
         <value>0x405471</value>
         <object_component_ref idref="oc-267"/>
      </symbol>
      <symbol id="sm-4ed">
         <name>__TI_closefile</name>
         <value>0x40758d</value>
         <object_component_ref idref="oc-2f2"/>
      </symbol>
      <symbol id="sm-4fd">
         <name>HOSTexit</name>
         <value>0x40948b</value>
         <object_component_ref idref="oc-c6"/>
      </symbol>
      <symbol id="sm-4fe">
         <name>C$$EXIT</name>
         <value>0x40948a</value>
         <object_component_ref idref="oc-c6"/>
      </symbol>
      <symbol id="sm-508">
         <name>write</name>
         <value>0x408cb5</value>
         <object_component_ref idref="oc-2a4"/>
      </symbol>
      <symbol id="sm-50d">
         <name>_device</name>
         <value>0x409d00</value>
         <object_component_ref idref="oc-2e2"/>
      </symbol>
      <symbol id="sm-50e">
         <name>_stream</name>
         <value>0x409ddc</value>
         <object_component_ref idref="oc-2c1"/>
      </symbol>
      <symbol id="sm-516">
         <name>remove</name>
         <value>0x409493</value>
         <object_component_ref idref="oc-323"/>
      </symbol>
      <symbol id="sm-521">
         <name>lseek</name>
         <value>0x408c5d</value>
         <object_component_ref idref="oc-2ea"/>
      </symbol>
      <symbol id="sm-52b">
         <name>close</name>
         <value>0x40792d</value>
         <object_component_ref idref="oc-31f"/>
      </symbol>
      <symbol id="sm-535">
         <name>unlink</name>
         <value>0x408c89</value>
         <object_component_ref idref="oc-34b"/>
      </symbol>
      <symbol id="sm-53f">
         <name>HOSTclose</name>
         <value>0x4087d1</value>
         <object_component_ref idref="oc-2ff"/>
      </symbol>
      <symbol id="sm-549">
         <name>HOSTlseek</name>
         <value>0x407aa1</value>
         <object_component_ref idref="oc-30b"/>
      </symbol>
      <symbol id="sm-553">
         <name>HOSTopen</name>
         <value>0x407af9</value>
         <object_component_ref idref="oc-2fb"/>
      </symbol>
      <symbol id="sm-554">
         <name>parmbuf</name>
         <value>0x4008f0</value>
         <object_component_ref idref="oc-331"/>
      </symbol>
      <symbol id="sm-55e">
         <name>HOSTread</name>
         <value>0x407c59</value>
         <object_component_ref idref="oc-303"/>
      </symbol>
      <symbol id="sm-56f">
         <name>HOSTrename</name>
         <value>0x4077a1</value>
         <object_component_ref idref="oc-313"/>
      </symbol>
      <symbol id="sm-579">
         <name>HOSTunlink</name>
         <value>0x4084a9</value>
         <object_component_ref idref="oc-30f"/>
      </symbol>
      <symbol id="sm-583">
         <name>HOSTwrite</name>
         <value>0x407cad</value>
         <object_component_ref idref="oc-307"/>
      </symbol>
      <symbol id="sm-591">
         <name>C$$IO$$</name>
         <value>0x4089f3</value>
         <object_component_ref idref="oc-32a"/>
      </symbol>
      <symbol id="sm-592">
         <name>__TI_writemsg</name>
         <value>0x4089c9</value>
         <object_component_ref idref="oc-32a"/>
      </symbol>
      <symbol id="sm-593">
         <name>__CIOBUF_</name>
         <value>0x40069c</value>
         <object_component_ref idref="oc-351"/>
      </symbol>
      <symbol id="sm-594">
         <name>__TI_readmsg</name>
         <value>0x408ac1</value>
         <object_component_ref idref="oc-330"/>
      </symbol>
      <symbol id="sm-595">
         <name>_CIOBUF_</name>
         <value>0x40069c</value>
         <object_component_ref idref="oc-351"/>
      </symbol>
      <symbol id="sm-59b">
         <name>__aeabi_dadd</name>
         <value>0x40420b</value>
         <object_component_ref idref="oc-20c"/>
      </symbol>
      <symbol id="sm-59c">
         <name>__adddf3</name>
         <value>0x40420b</value>
         <object_component_ref idref="oc-20c"/>
      </symbol>
      <symbol id="sm-59d">
         <name>__aeabi_dsub</name>
         <value>0x404201</value>
         <object_component_ref idref="oc-20c"/>
      </symbol>
      <symbol id="sm-59e">
         <name>__subdf3</name>
         <value>0x404201</value>
         <object_component_ref idref="oc-20c"/>
      </symbol>
      <symbol id="sm-5a4">
         <name>__aeabi_dmul</name>
         <value>0x4059dd</value>
         <object_component_ref idref="oc-24b"/>
      </symbol>
      <symbol id="sm-5a5">
         <name>__muldf3</name>
         <value>0x4059dd</value>
         <object_component_ref idref="oc-24b"/>
      </symbol>
      <symbol id="sm-5ab">
         <name>__aeabi_ddiv</name>
         <value>0x404fb1</value>
         <object_component_ref idref="oc-24f"/>
      </symbol>
      <symbol id="sm-5ac">
         <name>__divdf3</name>
         <value>0x404fb1</value>
         <object_component_ref idref="oc-24f"/>
      </symbol>
      <symbol id="sm-5b2">
         <name>__aeabi_d2iz</name>
         <value>0x408419</value>
         <object_component_ref idref="oc-242"/>
      </symbol>
      <symbol id="sm-5b3">
         <name>__fixdfsi</name>
         <value>0x408419</value>
         <object_component_ref idref="oc-242"/>
      </symbol>
      <symbol id="sm-5b9">
         <name>__aeabi_d2uiz</name>
         <value>0x408685</value>
         <object_component_ref idref="oc-210"/>
      </symbol>
      <symbol id="sm-5ba">
         <name>__fixunsdfsi</name>
         <value>0x408685</value>
         <object_component_ref idref="oc-210"/>
      </symbol>
      <symbol id="sm-5c0">
         <name>__aeabi_i2d</name>
         <value>0x408b51</value>
         <object_component_ref idref="oc-246"/>
      </symbol>
      <symbol id="sm-5c1">
         <name>__floatsidf</name>
         <value>0x408b51</value>
         <object_component_ref idref="oc-246"/>
      </symbol>
      <symbol id="sm-5c7">
         <name>__aeabi_ui2d</name>
         <value>0x408fd5</value>
         <object_component_ref idref="oc-202"/>
      </symbol>
      <symbol id="sm-5c8">
         <name>__floatunsidf</name>
         <value>0x408fd5</value>
         <object_component_ref idref="oc-202"/>
      </symbol>
      <symbol id="sm-5d9">
         <name>__ledf2</name>
         <value>0x407ba9</value>
         <object_component_ref idref="oc-28d"/>
      </symbol>
      <symbol id="sm-5da">
         <name>__gedf2</name>
         <value>0x407d55</value>
         <object_component_ref idref="oc-28e"/>
      </symbol>
      <symbol id="sm-5db">
         <name>__unorddf2</name>
         <value>0x408af1</value>
         <object_component_ref idref="oc-233"/>
      </symbol>
      <symbol id="sm-5dc">
         <name>__cmpdf2</name>
         <value>0x407ba9</value>
         <object_component_ref idref="oc-28d"/>
      </symbol>
      <symbol id="sm-5dd">
         <name>__eqdf2</name>
         <value>0x407ba9</value>
         <object_component_ref idref="oc-28d"/>
      </symbol>
      <symbol id="sm-5de">
         <name>__ltdf2</name>
         <value>0x407ba9</value>
         <object_component_ref idref="oc-28d"/>
      </symbol>
      <symbol id="sm-5df">
         <name>__nedf2</name>
         <value>0x407ba9</value>
         <object_component_ref idref="oc-28d"/>
      </symbol>
      <symbol id="sm-5e0">
         <name>__gtdf2</name>
         <value>0x407d55</value>
         <object_component_ref idref="oc-28e"/>
      </symbol>
      <symbol id="sm-5e1">
         <name>__aeabi_dcmpun</name>
         <value>0x408af1</value>
         <object_component_ref idref="oc-233"/>
      </symbol>
      <symbol id="sm-5e7">
         <name>__aeabi_dcmpeq</name>
         <value>0x407869</value>
         <object_component_ref idref="oc-23b"/>
      </symbol>
      <symbol id="sm-5e8">
         <name>__aeabi_dcmplt</name>
         <value>0x40787d</value>
         <object_component_ref idref="oc-23b"/>
      </symbol>
      <symbol id="sm-5e9">
         <name>__aeabi_dcmple</name>
         <value>0x407891</value>
         <object_component_ref idref="oc-23b"/>
      </symbol>
      <symbol id="sm-5ea">
         <name>__aeabi_dcmpge</name>
         <value>0x4078a5</value>
         <object_component_ref idref="oc-23b"/>
      </symbol>
      <symbol id="sm-5eb">
         <name>__aeabi_dcmpgt</name>
         <value>0x4078b9</value>
         <object_component_ref idref="oc-23b"/>
      </symbol>
      <symbol id="sm-5f2">
         <name>__aeabi_memclr</name>
         <value>0x40946d</value>
         <object_component_ref idref="oc-45"/>
      </symbol>
      <symbol id="sm-5f3">
         <name>__aeabi_memclr4</name>
         <value>0x40946d</value>
         <object_component_ref idref="oc-45"/>
      </symbol>
      <symbol id="sm-5f4">
         <name>__aeabi_memclr8</name>
         <value>0x40946d</value>
         <object_component_ref idref="oc-45"/>
      </symbol>
      <symbol id="sm-5fa">
         <name>__aeabi_uldivmod</name>
         <value>0x4091f1</value>
         <object_component_ref idref="oc-122"/>
      </symbol>
      <symbol id="sm-600">
         <name>__udivmoddi4</name>
         <value>0x406919</value>
         <object_component_ref idref="oc-18c"/>
      </symbol>
      <symbol id="sm-60a">
         <name>__aeabi_ldiv0</name>
         <value>0x4050e7</value>
         <object_component_ref idref="oc-1de"/>
      </symbol>
      <symbol id="sm-618">
         <name>finddevice</name>
         <value>0x408c31</value>
         <object_component_ref idref="oc-35d"/>
      </symbol>
      <symbol id="sm-619">
         <name>getdevice</name>
         <value>0x407739</value>
         <object_component_ref idref="oc-354"/>
      </symbol>
      <symbol id="sm-621">
         <name>TI_memset_small</name>
         <value>0x4093d5</value>
         <object_component_ref idref="oc-d2"/>
      </symbol>
      <symbol id="sm-628">
         <name>strcmp</name>
         <value>0x402ee9</value>
         <object_component_ref idref="oc-360"/>
      </symbol>
      <symbol id="sm-630">
         <name>TaskP_yield</name>
         <value>0x404faf</value>
         <object_component_ref idref="oc-25b"/>
      </symbol>
      <symbol id="sm-631">
         <name>_system_post_cinit</name>
         <value>0x0</value>
      </symbol>
      <symbol id="sm-632">
         <name>__TI_Handler_Table_Limit</name>
         <value>0x0</value>
      </symbol>
      <symbol id="sm-633">
         <name>__TI_Handler_Table_Base</name>
         <value>0x0</value>
      </symbol>
      <symbol id="sm-634">
         <name>__TI_CINIT_Base</name>
         <value>0x0</value>
      </symbol>
      <symbol id="sm-635">
         <name>__TI_CINIT_Limit</name>
         <value>0x0</value>
      </symbol>
   </symbol_table>
   <title>Link successful</title>
</link_info>
