******************************************************************************
            TI ARM Clang Linker PC v4.0.3                      
******************************************************************************
>> Linked Mon Jun 16 19:16:21 2025

OUTPUT FILE NAME:   <motion_and_presence_detection_demo_AOP.out>
ENTRY POINT SYMBOL: "_c_int00"  address: 0047ddf7


MEMORY CONFIGURATION

         name            origin    length      used     unused   attr    fill
----------------------  --------  ---------  --------  --------  ----  --------
  M4F_VECS              00400000   00000200  00000140  000000c0  RWIX
  M4F_RAM12             00400200   0001fe00  0001fe00  00000000  RWIX
  M4F_RAM2              00420000   00038000  0003509f  00002f61  RWIX
  M4F_RBL               00458000   00008000  00004000  00004000  RWIX
  M4F_RAM3              00460000   00020000  00020000  00000000  RWIX
  HWASS_SHM_MEM         60000000   00080000  00068000  00018000  RWIX


SEGMENT ALLOCATION MAP

run origin  load origin   length   init length attrs members
----------  ----------- ---------- ----------- ----- -------
00400000    00400000    00000140   00000140    rw-
  00400000    00400000    00000140   00000140    rw- .vectors
00400200    00400200    0001fe00   0001fe00    r-x
  00400200    00400200    0001fe00   0001fe00    r-x .text.1
00420000    00420000    00020640   00000000    rw-
  00420000    00420000    00020640   00000000    rw- .bss
00440640    00440640    00001e84   00001e84    r-x
  00440640    00440640    00001e84   00001e84    r-x .text.2
004424c8    004424c8    00000008   00000008    rw-
  004424c8    004424c8    00000008   00000008    rw- .data.1
004424d0    004424d0    0000e40e   0000e40e    r--
  004424d0    004424d0    0000e40e   0000e40e    r-- .rodata
004508e0    004508e0    000047c5   000047c5    rw-
  004508e0    004508e0    000047c5   000047c5    rw- .data.2
00458000    00458000    00004000   00000000    rw-
  00458000    00458000    00002000   00000000    rw- .stack
  0045a000    0045a000    00002000   00000000    rw- .sysmem
00460000    00460000    00020000   00020000    r-x
  00460000    00460000    00020000   00020000    r-x .text.3
60000000    60000000    00068000   00000000    rw-
  60000000    60000000    00068000   00000000    rw- .l3


SECTION ALLOCATION MAP

 output                                  attributes/
section   page    origin      length       input sections
--------  ----  ----------  ----------   ----------------
.vectors   0    00400000    00000140     
                  00400000    00000140     freertos.xwrL64xx.m4f.ti-arm-clang.debug.lib : HwiP_armv7m_handlers_freertos.obj (.vectors)

.bss       0    00420000    00020640     UNINITIALIZED
                  00420000    00008000     (.common:gDpcTaskStack)
                  00428000    00004000     control.xwrL64xx.m4f.ti-arm-clang.debug.lib : mmwave_fullcfg.obj (.bss.gMmwHeapMem)
                  0042c000    00004000     (.common:gCliTskStack)
                  00430000    00004000     (.common:gMainTaskStack)
                  00434000    00002000     (.common:gTlvTaskStack)
                  00436000    000013ec     (.common:distances)
                  004373ec    00001000     freertos.xwrL64xx.m4f.ti-arm-clang.debug.lib : port.obj (.bss.uxIdleTaskStack)
                  004383ec    00000014                                                  : timers.obj (.bss.xActiveTimerList1)
                  00438400    00001000     (.common:gAdcFileTaskStack)
                  00439400    00001000     (.common:gPowerTaskStack)
                  0043a400    00001000     (.common:gmmwinitTaskStack)
                  0043b400    00000800     (.common:gMmwCoreLocMem3)
                  0043bc00    000007e4     mpdproc.o (.bss.gMpdProcHeapMem)
                  0043c3e4    000007e4     (.common:mpdProcDpuCfg)
                  0043cbc8    00000400     freertos.xwrL64xx.m4f.ti-arm-clang.debug.lib : port.obj (.bss.uxTimerTaskStack)
                  0043cfc8    00000354     (.common:gCLI)
                  0043d31c    000002a0     (.common:gMMWave_MCB)
                  0043d5bc    00000280     (.common:gHwiCtrl)
                  0043d83c    0000021c     ti_drivers_config.o (.bss.gUartObjects)
                  0043da58    0000020c     (.common:doaProcDpuCfg)
                  0043dc64    000001f0     (.common:appSceneryParamTable)
                  0043de54    00000028     (.common:intrObj_rangeProc)
                  0043de7c    00000004     control.xwrL64xx.m4f.ti-arm-clang.debug.lib : mmwave_link_xWRLx4xx.obj (.bss.MMWave_openLink.clpcTxcodes)
                  0043de80    000001e4     cfarprochwa.o (.bss.gCfarProcHeapMem)
                  0043e064    000001e0     (.common:aoasvcProcDpuCfg)
                  0043e244    00000004     freertos.xwrL64xx.m4f.ti-arm-clang.debug.lib : timers.obj (.bss.pxCurrentTimerList)
                  0043e248    00000038     (.common:gClockCtrl)
                  0043e280    000001d8     (.common:guDopProcHeapMem)
                  0043e458    00000028     (.common:rangeCompCfg)
                  0043e480    00000198     aoasvcproc.o (.bss.gAoasvcProcHeapMem)
                  0043e618    00000194     ti_drivers_config.o (.bss.gQspiObjects)
                  0043e7ac    00000194     (.common:gAntennaSymbolsGenLoopTime)
                  0043e940    00000194     (.common:gAoaosvcCpuCycles)
                  0043ead4    00000024     (.common:i2cTransaction)
                  0043eaf8    00000008     libsysbm.a : hostopen.c.obj (.bss.parmbuf)
                  0043eb00    00000188     doaproc.o (.bss.gDoaProcHeapMem)
                  0043ec88    00000188     (.common:uDopProcDpuCfg)
                  0043ee10    00000020     (.common:gHwiFrameStartHwiObject)
                  0043ee30    00000010     (.common:gFlashObject_MX25V1635F)
                  0043ee40    00000164     datapath_tracker3d.xwrL64xx.m4f.ti-arm-clang.debug.lib : rangeprochwa.obj (.bss.gRangeProcHeapMem)
                  0043efa4    00000014     freertos.xwrL64xx.m4f.ti-arm-clang.debug.lib : timers.obj (.bss.xActiveTimerList2)
                  0043efb8    00000008     (.common:demoEndTime)
                  0043efc0    00000154     datapath_tracker3d.xwrL64xx.m4f.ti-arm-clang.debug.lib : trackerproc.obj (.bss.gTrackerProcHeapMem)
                  0043f114    00000140     freertos.xwrL64xx.m4f.ti-arm-clang.debug.lib : tasks.obj (.bss.pxReadyTasksLists)
                  0043f254    0000012c     (.common:Power_contextSave)
                  0043f380    00000128     (.common:rangeProcDpuCfg)
                  0043f4a8    00000120     libsysbm.a : trgmsg.c.obj (.bss:_CIOBUF_)
                  0043f5c8    00000118     ti_drivers_config.o (.bss.gI2cObjects)
                  0043f6e0    00000100     freertos.xwrL64xx.m4f.ti-arm-clang.debug.lib : timers.obj (.bss.prvCheckForValidListAndQueue.ucStaticTimerQueueStorage)
                  0043f7e0    00000100     (.common:HwaParamsetIntr)
                  0043f8e0    00000100     (.common:xQueueRegistry)
                  0043f9e0    000000d4     (.common:cfarProcDpuCfg)
                  0043fab4    000000b0     ti_drivers_config.o (.bss.gEdmaObjects)
                  0043fb64    000000a0     libc.a : defs.c.obj (.bss.__TI_tmpnams)
                  0043fc04    00000094     mmwavelink_m4.lib : rl_device.o (.bss.z_FeDriverData)
                  0043fc98    0000007c     freertos.xwrL64xx.m4f.ti-arm-clang.debug.lib : port.obj (.bss.xIdleTaskTCB)
                  0043fd14    0000007c                                                  : port.obj (.bss.xTimerTaskTCB)
                  0043fd90    0000007c     (.common:gAdcFileTaskObj)
                  0043fe0c    0000007c     (.common:gCliTaskObj)
                  0043fe88    0000007c     (.common:gDpcTaskObj)
                  0043ff04    0000007c     (.common:gMainTaskObj)
                  0043ff80    0000007c     (.common:gPowerTaskObj)
                  0043fffc    0000007c     (.common:gTlvTaskObj)
                  00440078    0000007c     (.common:gmmwinitTaskObj)
                  004400f4    00000004                                                  : tasks.obj (.bss.pxDelayedTaskList)
                  004400f8    00000070     (.common:gHwaObject)
                  00440168    00000060                                                  : DebugP_freertos.obj (.bss.gDebugLogLockObj)
                  004401c8    00000060     (.common:gMmwOsalMutex)
                  00440228    00000060     (.common:gMmwOsalSem)
                  00440288    00000048                                                  : timers.obj (.bss.prvCheckForValidListAndQueue.xStaticTimerQueue)
                  004402d0    00000048     (.common:gPowerSemObj)
                  00440318    00000048     (.common:gRovDummyQueue)
                  00440360    00000048     (.common:gmmwinitObj)
                  004403a8    00000040     control.xwrL64xx.m4f.ti-arm-clang.debug.lib : mmwave_fullcfg.obj (.bss.gMmwHeapObj)
                  004403e8    00000040     (.common:AppDebugData)
                  00440428    00000020     (.common:gTimerHwiObj)
                  00440448    00000020     (.common:idleHwiObj)
                  00440468    00000014     freertos.xwrL64xx.m4f.ti-arm-clang.debug.lib : tasks.obj (.bss.xDelayedTaskList1)
                  0044047c    00000014                                                  : tasks.obj (.bss.xDelayedTaskList2)
                  00440490    00000014                                                  : tasks.obj (.bss.xPendingReadyList)
                  004404a4    00000014                                                  : tasks.obj (.bss.xSuspendedTaskList)
                  004404b8    00000014                                                  : tasks.obj (.bss.xTasksWaitingTermination)
                  004404cc    00000014     (.common:gStVecCorPrfile)
                  004404e0    00000014     (.common:idleHwiPrms)
                  004404f4    00000014     (.common:intrObj_cfarProc)
                  00440508    00000014     (.common:intrObj_doaProc)
                  0044051c    00000014     (.common:intrObj_uDopProc)
                  00440530    00000010     (.common:rxData)
                  00440540    00000010     datapath_tracker3d.xwrL64xx.m4f.ti-arm-clang.debug.lib : trackerproc.obj (.bss.gTrackerProcDescrpHdlHeapMem)
                  00440550    00000010     (.common:txData)
                  00440560    00000010     (.common:zDopDiffFramesObj)
                  00440570    0000000c     (.common:rangeSlopeCfg)
                  0044057c    0000000a     (.common:tempStats)
                  00440586    00000001     control.xwrL64xx.m4f.ti-arm-clang.debug.lib : mmwave_link_xWRLx4xx.obj (.bss.MMWave_openLink.clpcCalTemp)
                  00440587    00000001     (.common:pgVersion)
                  00440588    00000008     (.common:demoTimeus)
                  00440590    00000008     (.common:frmPrdus)
                  00440598    00000008     (.common:gEdmaHandle)
                  004405a0    00000008     (.common:gMmwDemoFlash)
                  004405a8    00000008     (.common:slpTimeus)
                  004405b0    00000008     (.common:test)
                  004405b8    00000008     (.common:ullIdleTime)
                  004405c0    00000008     (.common:ullSleepTime)
                  004405c8    00000004     freertos.xwrL64xx.m4f.ti-arm-clang.debug.lib : tasks.obj (.bss.pxOverflowDelayedTaskList)
                  004405cc    00000004                                                  : timers.obj (.bss.pxOverflowTimerList)
                  004405d0    00000004     libc.a : memory.c.obj (.bss.sys_free)
                  004405d4    00000004     (.common:gAdcFileTask)
                  004405d8    00000004     (.common:gCliTask)
                  004405dc    00000004     (.common:gDpcTask)
                  004405e0    00000004     (.common:gFlashHandle)
                  004405e4    00000004     (.common:gI2cHandle)
                  004405e8    00000004     (.common:gMainTask)
                  004405ec    00000004     (.common:gPowerSem)
                  004405f0    00000004     (.common:gPowerTask)
                  004405f4    00000004     (.common:gPreStoredAdcTestBuff)
                  004405f8    00000004     (.common:gQspiHandle)
                  004405fc    00000004     (.common:gTimerBaseAddr)
                  00440600    00000004     (.common:gTlvTask)
                  00440604    00000004     (.common:gUartHandle)
                  00440608    00000004     (.common:gmmwinit)
                  0044060c    00000004     (.common:gmmwinitTask)
                  00440610    00000004     (.common:gpioBaseAddrLed)
                  00440614    00000004     (.common:hwRes)
                  00440618    00000004     (.common:hwaHandle)
                  0044061c    00000004     (.common:pinNumLed)
                  00440620    00000020     --HOLE--

.stack     0    00458000    00002000     UNINITIALIZED
                  00458000    00000004     freertos.xwrL64xx.m4f.ti-arm-clang.debug.lib : boot_armv7m.obj (.stack)
                  00458004    00001ffc     --HOLE--

.sysmem    0    0045a000    00002000     UNINITIALIZED
                  0045a000    00000010     libc.a : memory.c.obj (.sysmem)
                  0045a010    00001ff0     --HOLE--

.l3        0    60000000    00068000     UNINITIALIZED
                  60000000    00068000     motion_detect.o (.l3)

__llvm_prf_cnts 
*          0    00400200    00000000     UNINITIALIZED

__llvm_prf_bits 
*          0    00400200    00000000     UNINITIALIZED

.text.1    0    00400200    0001fe00     
                  00400200    00001258     cfarprochwa.o (.text.CFAR_DET_HWA_cfarRangeDoppler_ProcList)
                  00401458    00001228     motion_detect.o (.text.mmwDemo_TransmitProcessedOutputTask)
                  00402680    00000d88     alg_gtrack3d.xwrL64xx.m4f.ti-arm-clang.debug.lib : gtrack_unit_update.obj (.text.gtrack_unitUpdate)
                  00403408    00000ca8                                                      : gtrack_create.obj (.text.gtrack_create)
                  004040b0    00000c96     doaproc.o (.text.doaProc_configHwa)
                  00404d46    00000002     ti_board_config.o (.text.Board_init)
                  00404d48    00000c60     cfarprochwa.o (.text.CFAR_DET_HWA_cfarRange_ProcList)
                  004059a8    00000c04     libc.a : _scanfi.c.obj (.text.__TI_scanfi)
                  004065ac    00000b2a     mmw_cli.o (.text.CLI_init)
                  004070d6    00000002     drivers.xwrL64xx.m4f.ti-arm-clang.debug.lib : hwa.obj (.text.HWA_init)
                  004070d8    00000ab0     dpc.o (.text.CfarProc_configParser)
                  00407b88    00000a80     libc.a : e_pow.c.obj (.text.pow)
                  00408608    00000a66     doaproc.o (.text.doaProc_configHwa_v2)
                  0040906e    00000002     freertos.xwrL64xx.m4f.ti-arm-clang.debug.lib : power_xwrLx4xx_freertos.obj (.text.Power_initPolicy)
                  00409070    00000a30                                                  : printf.obj (.text._vsnprintf)
                  00409aa0    00000a02     dpc.o (.text.DPC_Execute)
                  0040a4a2    00000006     libc.a : atof.c.obj (.text.atof)
                  0040a4a8    000009d4            : _printfi.c.obj (.text:__TI_printfi)
                  0040ae7c    000009aa     datapath_tracker3d.xwrL64xx.m4f.ti-arm-clang.debug.lib : udopproc.obj (.text.uDopProc_configHwa)
                  0040b826    000008d6     drivers.xwrL64xx.m4f.ti-arm-clang.debug.lib : hwa.obj (.text.HWA_configCommon)
                  0040c0fc    0000086c     dpc.o (.text.DoaProc_configParser)
                  0040c968    0000086c     ADC_testbuf.o (.text.mmwDemo_adcFileReadTask)
                  0040d1d4    0000079a     alg_gtrack3d.xwrL64xx.m4f.ti-arm-clang.debug.lib : gtrack_utilities_3d.obj (.text.gtrack_matrixInv)
                  0040d96e    00000002     libclang_rt.builtins.a : aeabi_div0.c.obj (.text.__aeabi_ldiv0)
                  0040d970    00000770     dpc.o (.text.uDopProc_configParser)
                  0040e0e0    0000074e     alg_gtrack3d.xwrL64xx.m4f.ti-arm-clang.debug.lib : gtrack_module.obj (.text.gtrack_moduleAllocate)
                  0040e82e    00000002     libc.a : _lock.c.obj (.text._nop)
                  0040e830    00000736     mpdproc.o (.text.assignPointsToZones)
                  0040ef66    00000002     power_management.o (.text.power_LPDSentryhook)
                  0040ef68    00000724     libc.a : k_rem_pio2.c.obj (.text.__kernel_rem_pio2)
                  0040f68c    00000004     libsysbm.a : hostexit.c.obj (.text.HOSTexit)
                  0040f690    000006e8     datapath_tracker3d.xwrL64xx.m4f.ti-arm-clang.debug.lib : udopproc.obj (.text.uDopProc_ConfigTriggerHwa)
                  0040fd78    000006ac     drivers.xwrL64xx.m4f.ti-arm-clang.debug.lib : hwa.obj (.text.HWA_configParamSet)
                  00410424    0000069c     doaproc.o (.text.doaProc_configEdma)
                  00410ac0    00000668     alg_gtrack3d.xwrL64xx.m4f.ti-arm-clang.debug.lib : gtrack_unit_score.obj (.text.gtrack_unitScore)
                  00411128    00000640     freertos.xwrL64xx.m4f.ti-arm-clang.debug.lib : printf.obj (.text._etoa)
                  00411768    00000620     mpdproc.o (.text.stateMachine)
                  00411d88    000005c8     cfarprochwa.o (.text.CFAR_DET_HWA_cfarRange_ProcList_1tx_1rx)
                  00412350    000005ae     datapath_tracker3d.xwrL64xx.m4f.ti-arm-clang.debug.lib : rangeprochwa.obj (.text.rangeProcHWA_ConfigHWA)
                  004128fe    00000002     freertos.xwrL64xx.m4f.ti-arm-clang.debug.lib : port.obj (.text.vPortConfigTimerForRunTimeStats)
                  00412900    00000594     libc.a : e_powf.c.obj (.text.powf)
                  00412e94    00000004     control.xwrL64xx.m4f.ti-arm-clang.debug.lib : mmwave_link_xWRLx4xx.obj (.text.MMWave_TimeStamp)
                  00412e98    00000580     freertos.xwrL64xx.m4f.ti-arm-clang.debug.lib : printf.obj (.text._ftoa)
                  00413418    00000568     control.xwrL64xx.m4f.ti-arm-clang.debug.lib : mmwave_link_common.obj (.text.MMWave_configureProfileChirp)
                  00413980    00000528     libc.a : s_cos.c.obj (.text.cos)
                  00413ea8    00000528            : s_sin.c.obj (.text.sin)
                  004143d0    0000051c     aoasvcproc.o (.text.aoasvcProc_SteeringVecCorrection)
                  004148ec    00000004     drivers.xwrL64xx.m4f.ti-arm-clang.debug.lib : prcm.obj (.text.PRCM_asmWfi)
                  004148f0    00000510     dpc.o (.text.AoasvcProc_configParser)
                  00414e00    00000506     datapath_tracker3d.xwrL64xx.m4f.ti-arm-clang.debug.lib : rangeprochwa.obj (.text.rangeProcHWA_ConfigEDMA_DataOut)
                  00415306    00000002     --HOLE-- [fill = 0]
                  00415308    000004f8     dpc.o (.text.DPC_Config)
                  00415800    000004f6     dpc.o (.text.RangeProc_configParser)
                  00415cf6    00000002     --HOLE-- [fill = 0]
                  00415cf8    000004f4     drivers.xwrL64xx.m4f.ti-arm-clang.debug.lib : soc_rcm.obj (.text.SOC_rcmEnablePeripheralClock)
                  004161ec    000004ca     freertos.xwrL64xx.m4f.ti-arm-clang.debug.lib : HwiP_armv7m.obj (.text.hwi)
                  004166b6    00000488     mmwave_control_config.o (.text.Mmwave_populateDefaultChirpControlCfg)
                  00416b3e    00000002     --HOLE-- [fill = 0]
                  00416b40    00000484     alg_gtrack3d.xwrL64xx.m4f.ti-arm-clang.debug.lib : gtrack_utilities.obj (.text.gtrack_computeJacobian)
                  00416fc4    00000004     drivers.xwrL64xx.m4f.ti-arm-clang.debug.lib : power_xwrLx4xx.obj (.text.Power_asmWfi)
                  00416fc8    00000480     mmw_cli.o (.text.CLI_MMWaveSensorStart)
                  00417448    00000480     drivers.xwrL64xx.m4f.ti-arm-clang.debug.lib : i2c_v0.obj (.text.I2C_primeTransfer)
                  004178c8    0000047e     cfarprochwa.o (.text.CFAR_DET_HWA_config_HWA)
                  00417d46    00000002     --HOLE-- [fill = 0]
                  00417d48    00000474     libc.a : strtod.c.obj (.text.strtod)
                  004181bc    00000004     libclang_rt.builtins.a : aeabi_memcpy.S.obj (.text.__aeabi_memcpy)
                  004181c0    00000470     range_phase_bias_measurement.o (.text.mmwDemo_rangeBiasRxChPhaseMeasure)
                  00418630    00000446     alg_classifier.xwrL64xx.m4f.ti-arm-clang.debug.lib : classifier_layers.obj (.text.conv2_op)
                  00418a76    00000440     dpc.o (.text.MmwDemo_cfgDopplerParamMapping)
                  00418eb6    00000002     --HOLE-- [fill = 0]
                  00418eb8    00000428     factory_cal.o (.text.mmwDemo_factoryCal)
                  004192e0    00000418     control.xwrL64xx.m4f.ti-arm-clang.debug.lib : mmwave_link_xWRLx4xx.obj (.text.MMWave_openLink)
                  004196f8    00000416     dpedma.o (.text.DPEDMA_configSyncTransfer)
                  00419b0e    00000402     aoasvcproc.o (.text.aoasvcProc_configHwa)
                  00419f10    000003f8     range_comp.o (.text.CFAR_DET_HWA_RangeComp_SNRNeededToKeepPoint)
                  0041a308    000003e4     datapath_tracker3d.xwrL64xx.m4f.ti-arm-clang.debug.lib : udopproc.obj (.text.DPU_uDopProc_process)
                  0041a6ec    000003ce     dpedma.o (.text.DPEDMA_configSyncAB)
                  0041aaba    000003aa     freertos.xwrL64xx.m4f.ti-arm-clang.debug.lib : power_xwrLx4xx_freertos.obj (.text.Power_sleepPolicy)
                  0041ae64    000003aa     datapath_tracker3d.xwrL64xx.m4f.ti-arm-clang.debug.lib : rangeprochwa.obj (.text.rangeProcHWA_ConfigEDMA_evtDecim)
                  0041b20e    00000002     --HOLE-- [fill = 0]
                  0041b210    000003a8                                                            : udopproc.obj (.text.DPU_uDopProc_config)
                  0041b5b8    000003a8     alg_gtrack3d.xwrL64xx.m4f.ti-arm-clang.debug.lib : gtrack_step.obj (.text.gtrack_step)
                  0041b960    00000396                                                      : gtrack_unit_event.obj (.text.gtrack_unitEvent)
                  0041bcf6    00000388     dpedma.o (.text.DPEDMA_configSyncA_singleFrame)
                  0041c07e    00000360     drivers.xwrL64xx.m4f.ti-arm-clang.debug.lib : hwa.obj (.text.HWA_validateParamSetConfig)
                  0041c3de    0000035a                                                 : hwa.obj (.text.HWA_open)
                  0041c738    00000358     datapath_tracker3d.xwrL64xx.m4f.ti-arm-clang.debug.lib : trackerproc.obj (.text.DPU_TrackerProc_config)
                  0041ca90    00000358     drivers.xwrL64xx.m4f.ti-arm-clang.debug.lib : i2c_v0.obj (.text.I2C_open)
                  0041cde8    00000354     libc.a : s_atan.c.obj (.text.atan)
                  0041d13c    00000348     datapath_tracker3d.xwrL64xx.m4f.ti-arm-clang.debug.lib : rangeprochwa.obj (.text.rangeProcHWA_ConfigEDMA_DataIn)
                  0041d484    0000033c     drivers.xwrL64xx.m4f.ti-arm-clang.debug.lib : i2c_v0.obj (.text.I2C_hwiFxnTarget)
                  0041d7c0    00000330     datapath_tracker3d.xwrL64xx.m4f.ti-arm-clang.debug.lib : udopproc.obj (.text.uDopProc_FeatExtraction)
                  0041daf0    0000032c     drivers.xwrL64xx.m4f.ti-arm-clang.debug.lib : edma.obj (.text.EDMAInitialize)
                  0041de1c    0000031e     motion_detect.o (.text.motion_detect)
                  0041e13a    0000031a     doaproc.o (.text.DPU_DoaProc_config)
                  0041e454    00000004     libc.a : printf.c.obj (.text._outc)
                  0041e458    00000308     power_management.o (.text.powerManagementTask)
                  0041e760    00000304     mmw_cli.o (.text.MmwDemo_CLIrangeSNRCompensation)
                  0041ea64    00000304     dbscan.o (.text.expandCluster)
                  0041ed68    000002f8     drivers.xwrL64xx.m4f.ti-arm-clang.debug.lib : soc_rcm.obj (.text.SOC_rcmGetClkSrcAndDivValue)
                  0041f060    000002f0     libc.a : e_log10.c.obj (.text.log10)
                  0041f350    000002ec     datapath_tracker3d.xwrL64xx.m4f.ti-arm-clang.debug.lib : trackerproc.obj (.text.DPU_TrackerProc_process)
                  0041f63c    000002e6     drivers.xwrL64xx.m4f.ti-arm-clang.debug.lib : qspi_edma.obj (.text.QSPI_edmaTransfer)
                  0041f922    00000006     alg_classifier.xwrL64xx.m4f.ti-arm-clang.debug.lib : classifier_layers.obj (.text.classifier_bytes_needed)
                  0041f928    000002e0     range_phase_bias_measurement.o (.text.mmwDemo_rangeBiasRxChPhaseMeasureConfig)
                  0041fc08    000002e0     datapath_tracker3d.xwrL64xx.m4f.ti-arm-clang.debug.lib : udopproc.obj (.text.uDopProc_configEdma_loopBack)
                  0041fee8    00000118     mmw_cli.o (.text.CLI_MmwDemo_AntGeometryCfg)

.text.2    0    00440640    00001e84     
                  00440640    0000002e     alg_gtrack3d.xwrL64xx.m4f.ti-arm-clang.debug.lib : gtrack_unit_get.obj (.text.gtrack_unitGetSpread)
                  0044066e    0000002e     freertos.xwrL64xx.m4f.ti-arm-clang.debug.lib : queue.obj (.text.prvIsQueueFull)
                  0044069c    0000002e                                                  : list.obj (.text.vListInitialise)
                  004406ca    0000002c                                                  : DebugP_log.obj (.text.DebugP_logZoneEnable)
                  004406f6    0000002c     drivers.xwrL64xx.m4f.ti-arm-clang.debug.lib : i2c_v0.obj (.text.I2CModeControl)
                  00440722    0000002c     control.xwrL64xx.m4f.ti-arm-clang.debug.lib : mmwave_fullcfg.obj (.text.MMWave_internalDelChirp)
                  0044074e    0000002c                                                 : mmwave_osal.obj (.text.MMWave_osalMutexLock)
                  0044077a    0000002c                                                 : mmwave_osal.obj (.text.MMWave_osalSemWait)
                  004407a6    0000002c     drivers.xwrL64xx.m4f.ti-arm-clang.debug.lib : prcm.obj (.text.PRCMLPDSIntervalSet)
                  004407d2    0000002c                                                 : prcm.obj (.text.PRCMLPDSWakeUpSPISelect)
                  004407fe    0000002c                                                 : prcm.obj (.text.PRCMLPDSWakeUpUartRxSelect)
                  0044082a    0000002c                                                 : qspi.obj (.text.QSPI_setAddressByteCount)
                  00440856    0000002c                                                 : qspi.obj (.text.QSPI_setDummyBitCount)
                  00440882    0000002c                                                 : qspi.obj (.text.QSPI_setRxLines)
                  004408ae    0000002c                                                 : qspi.obj (.text.QSPI_transaction_init)
                  004408da    0000002c                                                 : soc.obj (.text.SOC_memoryInit)
                  00440906    0000002c     freertos.xwrL64xx.m4f.ti-arm-clang.debug.lib : SysTickTimerP.obj (.text.SysTickTimerP_Params_init)
                  00440932    00000002     --HOLE-- [fill = 0]
                  00440934    0000002c     libclang_rt.builtins.a : floatundidf.S.obj (.text.__floatundidf)
                  00440960    0000002c     libc.a : fclose.c.obj (.text.fclose)
                  0044098c    0000002c            : getdevice.c.obj (.text.finddevice)
                  004409b8    0000002c     libsysbm.a : lseek.c.obj (.text.lseek)
                  004409e4    0000002c     utils.xwrL64xx.m4f.ti-arm-clang.debug.lib : mathutils.obj (.text.mathUtils_ceilLog2)
                  00440a10    0000002c     freertos.xwrL64xx.m4f.ti-arm-clang.debug.lib : queue.obj (.text.prvInitialiseMutex)
                  00440a3c    0000002c                                                  : tasks.obj (.text.pvTaskIncrementMutexHeldCount)
                  00440a68    0000002c     libsysbm.a : read.c.obj (.text.read)
                  00440a94    0000002c     mmwavelink_m4.lib : rl_device.o (.text.rl_mmWaveLinkDeInit)
                  00440ac0    0000002c     libsysbm.a : unlink.c.obj (.text.unlink)
                  00440aec    0000002c     freertos.xwrL64xx.m4f.ti-arm-clang.debug.lib : port.obj (.text.vApplicationGetIdleTaskMemory)
                  00440b18    0000002c                                                  : port.obj (.text.vApplicationGetTimerTaskMemory)
                  00440b44    0000002c     libsysbm.a : write.c.obj (.text.write)
                  00440b70    0000002a     drivers.xwrL64xx.m4f.ti-arm-clang.debug.lib : prcm.obj (.text.PRCMLPDSWakeupSourceDisable)
                  00440b9a    0000002a                                                 : prcm.obj (.text.PRCMLPDSWakeupSourceEnable)
                  00440bc4    0000002a                                                 : qspi.obj (.text.QSPI_setMemAddrSpace)
                  00440bee    0000002a                                                 : soc_rcm.obj (.text.SOC_getEfusePgVersion)
                  00440c18    0000002a                                                 : soc_rcm.obj (.text.SOC_rcmGetPeripheralClockFrequency)
                  00440c42    0000002a     mmw_cli.o (.text.UART_Transaction_init)
                  00440c6c    0000002a     motion_detect.o (.text.UART_Transaction_init)
                  00440c96    0000002a     alg_classifier.xwrL64xx.m4f.ti-arm-clang.debug.lib : classifier_layers.obj (.text.relu_func)
                  00440cc0    00000028     drivers.xwrL64xx.m4f.ti-arm-clang.debug.lib : prcm.obj (.text.PRCMIsRdrStateIdle)
                  00440ce8    00000028                                                 : power_xwrLx4xx.obj (.text.Power_disablePolicy)
                  00440d10    00000028                                                 : soc_rcm.obj (.text.SOC_isDeviceAOP)
                  00440d38    00000028     libc.a : memory.c.obj (.text.free_list_insert)
                  00440d60    00000028     freertos.xwrL64xx.m4f.ti-arm-clang.debug.lib : queue.obj (.text.prvIsQueueEmpty)
                  00440d88    00000028     libc.a : strncpy.c.obj (.text.strncpy)
                  00440db0    00000028     freertos.xwrL64xx.m4f.ti-arm-clang.debug.lib : queue.obj (.text.vQueueDelete)
                  00440dd8    00000028                                                  : printf.obj (.text.vprintf_)
                  00440e00    00000026     drivers.xwrL64xx.m4f.ti-arm-clang.debug.lib : edma.obj (.text.EDMADisableQdmaEvtRegion)
                  00440e26    00000026                                                 : edma.obj (.text.EDMAEnableQdmaEvtRegion)
                  00440e4c    00000026                                                 : edma.obj (.text.EDMAGetIntrStatusRegion)
                  00440e72    00000026                                                 : edma.obj (.text.EDMAIntrStatusHighGetRegion)
                  00440e98    00000026                                                 : edma.obj (.text.EDMA_validateIntrObject)
                  00440ebe    00000026     control.xwrL64xx.m4f.ti-arm-clang.debug.lib : mmwave_fullcfg.obj (.text.MMWave_internalDelProfile)
                  00440ee4    00000026     drivers.xwrL64xx.m4f.ti-arm-clang.debug.lib : power_xwrLx4xx.obj (.text.Power_idleWicIsr)
                  00440f0a    00000026     mmw_demo_utils.o (.text._MmwDemo_debugAssert)
                  00440f30    00000026     motion_detect.o (.text.mmw_UartWrite)
                  00440f56    00000026     freertos.xwrL64xx.m4f.ti-arm-clang.debug.lib : queue.obj (.text.prvGetDisinheritPriorityAfterTimeout)
                  00440f7c    00000026                                                  : port.obj (.text.prvTaskExitError)
                  00440fa2    00000026     datapath_tracker3d.xwrL64xx.m4f.ti-arm-clang.debug.lib : rangeprochwa.obj (.text.rangeProcHWADoneIsrCallback)
                  00440fc8    00000026                                                            : rangeprochwa.obj (.text.rangeProcHWA_HardwareConfig)
                  00440fee    00000026     freertos.xwrL64xx.m4f.ti-arm-clang.debug.lib : HeapP_internal.obj (.text.vHeapCreateStatic)
                  00441014    00000026                                                  : port.obj (.text.vPortExitCritical)
                  0044103a    00000026                                                  : tasks.obj (.text.vTaskPlaceOnEventList)
                  00441060    00000024                                                  : HwiP_armv7m.obj (.text.HwiP_inISR)
                  00441084    00000024     drivers.xwrL64xx.m4f.ti-arm-clang.debug.lib : i2c_v0.obj (.text.I2CControllerEnable)
                  004410a8    00000024                                                 : i2c_v0.obj (.text.I2C_Transaction_init)
                  004410cc    00000024                                                 : i2c_v0.obj (.text.I2C_transferCallback)
                  004410f0    00000024                                                 : power_xwrLx4xx.obj (.text.Power_afterLPDS)
                  00441114    00000024     ti_dpl_config.o (.text.TimerP_isr0)
                  00441138    00000024     freertos.xwrL64xx.m4f.ti-arm-clang.debug.lib : DebugP_log.obj (.text._DebugP_assertNoLog)
                  0044115c    00000024                                                  : printf.obj (.text._out_char)
                  00441180    00000024                                                  : boot_armv7m.obj (.text._system_pre_init)
                  004411a4    00000024     dpc.o (.text.featExtract_memUsage)
                  004411c8    00000024     alg_gtrack3d.xwrL64xx.m4f.ti-arm-clang.debug.lib : gtrack_unit_get.obj (.text.gtrack_unitGetMCenter)
                  004411ec    00000004     --HOLE-- [fill = 0]
                  004411f0    00000024     freertos.xwrL64xx.m4f.ti-arm-clang.debug.lib : port.obj (.text.vPortSVCHandler)
                  00441214    00000024                                                  : tasks.obj (.text.vTaskInternalSetTimeOutState)
                  00441238    00000022     drivers.xwrL64xx.m4f.ti-arm-clang.debug.lib : edma.obj (.text.EDMAChannelToParamMap)
                  0044125a    00000022                                                 : soc_rcm.obj (.text.SOC_rcmGetFixedRootClkFout)
                  0044127c    00000022     utils.xwrL64xx.m4f.ti-arm-clang.debug.lib : mathutils.obj (.text.mathUtils_pow2roundup)
                  0044129e    00000022     libc.a : memccpy.c.obj (.text.memccpy)
                  004412c0    00000022            : memcmp.c.obj (.text.memcmp)
                  004412e2    00000022     power_management.o (.text.mmwreinitTask)
                  00441304    00000022     freertos.xwrL64xx.m4f.ti-arm-clang.debug.lib : boot_armv7m.obj (.text.stack_init)
                  00441326    00000022     libc.a : strspn.c.obj (.text.strspn)
                  00441348    00000022     datapath_tracker3d.xwrL64xx.m4f.ti-arm-clang.debug.lib : udopproc.obj (.text.uDopProc_getPrevFrmNum)
                  0044136a    00000020     freertos.xwrL64xx.m4f.ti-arm-clang.debug.lib : ClockP_freertos.obj (.text.ClockP_usecToTicks)
                  0044138a    00000020     ti_dpl_config.o (.text.Dpl_init)
                  004413aa    00000020     drivers.xwrL64xx.m4f.ti-arm-clang.debug.lib : hwa.obj (.text.HWA_doReset)
                  004413ca    00000020     freertos.xwrL64xx.m4f.ti-arm-clang.debug.lib : HeapP_freertos.obj (.text.HeapP_alloc)
                  004413ea    00000020     control.xwrL64xx.m4f.ti-arm-clang.debug.lib : mmwave_link_xWRLx4xx.obj (.text.MMWave_SysDelay)
                  0044140a    00000002     --HOLE-- [fill = 0]
                  0044140c    00000020     libclang_rt.builtins.a : floatunsidf.S.obj (.text.__floatunsidf)
                  0044142c    00000020     dpc.o (.text.featExtract_heapConstruct)
                  0044144c    00000020     libc.a : strcspn.c.obj (.text.strcspn)
                  0044146c    00000020     freertos.xwrL64xx.m4f.ti-arm-clang.debug.lib : heap_3.obj (.text.vPortFree)
                  0044148c    0000001e     drivers.xwrL64xx.m4f.ti-arm-clang.debug.lib : i2c_v0.obj (.text.I2CTargetEnable)
                  004414aa    0000001e     control.xwrL64xx.m4f.ti-arm-clang.debug.lib : mmwave_monitors.obj (.text.MMWaveMon_RxSatLiveCfg)
                  004414c8    0000001e     motion_detect.o (.text.classifier_free)
                  004414e6    0000001e     dpc.o (.text.featExtract_free)
                  00441504    0000001e     motion_detect.o (.text.mmwDemo_INAMeasNull)
                  00441522    0000001e     motion_detect.o (.text.mmwDemo_dpcTask)
                  00441540    0000001e     freertos.xwrL64xx.m4f.ti-arm-clang.debug.lib : timers.obj (.text.prvTimerTask)
                  0044155e    0000001e     datapath_tracker3d.xwrL64xx.m4f.ti-arm-clang.debug.lib : udopproc.obj (.text.uDopProc_getNextFrmNum)
                  0044157c    0000001c     ti_board_open_close.o (.text.Board_driversOpen)
                  00441598    0000001c     freertos.xwrL64xx.m4f.ti-arm-clang.debug.lib : HeapP_freertos.obj (.text.HeapP_free)
                  004415b4    0000001c                                                  : HeapP_freertos.obj (.text.HeapP_getHeapStats)
                  004415d0    0000001c     libc.a : k_rem_pio2.c.obj (.text.OUTLINED_FUNCTION_0)
                  004415ec    0000001c     drivers.xwrL64xx.m4f.ti-arm-clang.debug.lib : soc.obj (.text.SOC_moduleClockEnable)
                  00441608    0000001c     motion_detect.o (.text.classifier_malloc)
                  00441624    0000001c     dpc.o (.text.featExtract_malloc)
                  00441640    0000001c     libc.a : memory.c.obj (.text.free_list_remove)
                  0044165c    0000001c            : strrchr.c.obj (.text.strrchr)
                  00441678    0000001a     cfarprochwa.o (.text.CFAR_DET_HWA_edmaDoneIsrCallback)
                  00441692    0000001a     drivers.xwrL64xx.m4f.ti-arm-clang.debug.lib : i2c_v0.obj (.text.I2C_Params_init)
                  004416ac    0000001a                                                 : soc.obj (.text.SOC_clocksEnable)
                  004416c6    0000001a                                                 : soc.obj (.text.SOC_moduleSetClockFrequency)
                  004416e0    0000001a     freertos.xwrL64xx.m4f.ti-arm-clang.debug.lib : SysTickTimerP.obj (.text.SysTickTimerP_start)
                  004416fa    0000001a                                                  : SysTickTimerP.obj (.text.SysTickTimerP_stop)
                  00441714    0000001a     doaproc.o (.text.doaProc_edmaDoneIsrCallback)
                  0044172e    0000001a     datapath_tracker3d.xwrL64xx.m4f.ti-arm-clang.debug.lib : udopproc.obj (.text.uDopProc_edmaDoneIsrCallback)
                  00441748    00000018     cfarprochwa.o (.text.CFARCAHWADoneIsrCallback)
                  00441760    00000018     ti_drivers_open_close.o (.text.Drivers_open)
                  00441778    00000018     drivers.xwrL64xx.m4f.ti-arm-clang.debug.lib : edma.obj (.text.EDMAClrCCErr)
                  00441790    00000018                                                 : edma.obj (.text.EDMA_isInterruptEnabled)
                  004417a8    00000018                                                 : i2c_v0.obj (.text.I2CControllerDataPut)
                  004417c0    00000018                                                 : i2c_v0.obj (.text.I2CControllerErr)
                  004417d8    00000018                                                 : i2c_v0.obj (.text.I2CControllerIntDisableEx)
                  004417f0    00000018                                                 : i2c_v0.obj (.text.I2CControllerIntEnableEx)
                  00441808    00000018     mmwave_control_config.o (.text.Mmwave_populateDefaultCalibrationCfg)
                  00441820    00000018     drivers.xwrL64xx.m4f.ti-arm-clang.debug.lib : power_xwrLx4xx.obj (.text.Power_setLowPowModeTaken)
                  00441838    00000018                                                 : qspi.obj (.text.QSPI_isr)
                  00441850    00000018                                                 : soc_rcm.obj (.text.SOC_rcmReadSynthTrimValidEfuse)
                  00441868    00000018     freertos.xwrL64xx.m4f.ti-arm-clang.debug.lib : TaskP_freertos.obj (.text.TaskP_yield)
                  00441880    00000018     drivers.xwrL64xx.m4f.ti-arm-clang.debug.lib : uart_sci_edma.obj (.text.UART_disableRxDma)
                  00441898    00000018                                                 : uart_sci_edma.obj (.text.UART_enableRxDma)
                  004418b0    00000018     libc.a : vsnprintf.c.obj (.text._outc)
                  004418c8    00000018            : sprintf.c.obj (.text._outs)
                  004418e0    00000018     aoasvcproc.o (.text.aoasvcProc_hwaDoneIsrCallback)
                  004418f8    00000018     doaproc.o (.text.doaProc_hwaDoneIsrCallback)
                  00441910    00000018     main.o (.text.freertos_main)
                  00441928    00000018     freertos.xwrL64xx.m4f.ti-arm-clang.debug.lib : tasks.obj (.text.vTaskStepTick)
                  00441940    00000016     drivers.xwrL64xx.m4f.ti-arm-clang.debug.lib : edma.obj (.text.EDMA_allocDmaChannel)
                  00441956    00000016                                                 : edma.obj (.text.EDMA_allocParam)
                  0044196c    00000016                                                 : edma.obj (.text.EDMA_allocTcc)
                  00441982    00000016                                                 : edma.obj (.text.EDMA_freeDmaChannel)
                  00441998    00000016                                                 : edma.obj (.text.EDMA_freeParam)
                  004419ae    00000016                                                 : edma.obj (.text.EDMA_freeTcc)
                  004419c4    00000016                                                 : i2c_v0.obj (.text.I2CControllerDisable)
                  004419da    00000016                                                 : i2c_v0.obj (.text.I2CControllerIntStatusEx)
                  004419f0    00000016                                                 : i2c_v0.obj (.text.I2CControllerStart)
                  00441a06    00000016                                                 : i2c_v0.obj (.text.I2CControllerStop)
                  00441a1c    00000016     control.xwrL64xx.m4f.ti-arm-clang.debug.lib : mmwave_link_xWRLx4xx.obj (.text.MMWave_deregisterInterruptHandler)
                  00441a32    00000016                                                 : mmwave_link_xWRLx4xx.obj (.text.MMWave_maskHostIRQ)
                  00441a48    00000016                                                 : mmwave_osal.obj (.text.MMWave_osalMutexDelete)
                  00441a5e    00000016                                                 : mmwave_osal.obj (.text.MMWave_osalSemDelete)
                  00441a74    00000016                                                 : mmwave_link_xWRLx4xx.obj (.text.MMWave_unmaskHostIRQ)
                  00441a8a    00000016     freertos.xwrL64xx.m4f.ti-arm-clang.debug.lib : SemaphoreP_freertos.obj (.text.SemaphoreP_destruct)
                  00441aa0    00000016                                                  : TimerP_rti.obj (.text.TimerP_start)
                  00441ab6    00000016                                                  : TimerP_rti.obj (.text.TimerP_stop)
                  00441acc    00000016     alg_gtrack3d.xwrL64xx.m4f.ti-arm-clang.debug.lib : gtrack_listlib.obj (.text.gtrack_listInit)
                  00441ae2    00000014     board.xwrL64xx.m4f.ti-arm-clang.debug.lib : cpu.obj (.text.CPUcpsid)
                  00441af6    00000014                                               : cpu.obj (.text.CPUcpsie)
                  00441b0a    00000014     dpc.o (.text.DPC_ObjDet_MemPoolReset)
                  00441b1e    00000014     ti_drivers_open_close.o (.text.Drivers_close)
                  00441b32    00000014     board.xwrL64xx.m4f.ti-arm-clang.debug.lib : flash_nor_qspi.obj (.text.Flash_norQspiClose)
                  00441b46    00000014     drivers.xwrL64xx.m4f.ti-arm-clang.debug.lib : edma.obj (.text.HW_WR_REG16_RAW)
                  00441b5a    00000014                                                 : i2c_v0.obj (.text.I2CControllerIntClearEx)
                  00441b6e    00000014                                                 : i2c_v0.obj (.text.I2CControllerTargetAddrSet)
                  00441b82    00000014                                                 : i2c_v0.obj (.text.I2CIntVectGet)
                  00441b96    00000014                                                 : i2c_v0.obj (.text.I2COwnAddressSet)
                  00441baa    00000014                                                 : i2c_v0.obj (.text.I2CSetDataCount)
                  00441bbe    00000014     libc.a : k_rem_pio2.c.obj (.text.OUTLINED_FUNCTION_1)
                  00441bd2    00000014     drivers.xwrL64xx.m4f.ti-arm-clang.debug.lib : prcm.obj (.text.PRCMMCUInit)
                  00441be6    00000014                                                 : soc_rcm.obj (.text.SOC_rcmGetModuleClkDivFromRegVal)
                  00441bfa    00000014                                                 : soc_rcm.obj (.text.SOC_rcmReadSynthTrimValid)
                  00441c0e    00000014     freertos.xwrL64xx.m4f.ti-arm-clang.debug.lib : TimerP_rti.obj (.text.TimerP_clearOverflowInt)
                  00441c22    00000014     drivers.xwrL64xx.m4f.ti-arm-clang.debug.lib : uart_sci.obj (.text.UART_rxIntrEnable)
                  00441c36    00000014                                                 : uart_sci.obj (.text.UART_txIntrEnable)
                  00441c4a    00000002     --HOLE-- [fill = 0]
                  00441c4c    00000014     libclang_rt.builtins.a : aeabi_uldivmod.S.obj (.text.__aeabi_uldivmod)
                  00441c60    00000014     libc.a : sscanf.c.obj (.text._inpchar)
                  00441c74    00000014     alg_gtrack3d.xwrL64xx.m4f.ti-arm-clang.debug.lib : gtrack_unit_delete.obj (.text.gtrack_unitDelete)
                  00441c88    00000014     libc.a : fwrite.c.obj (.text.memchr)
                  00441c9c    00000014     ti_dpl_config.o (.text.putchar_)
                  00441cb0    00000014     freertos.xwrL64xx.m4f.ti-arm-clang.debug.lib : port.obj (.text.vPortEnableVFP)
                  00441cc4    00000014                                                  : tasks.obj (.text.xTaskGetCurrentTaskHandle)
                  00441cd8    00000014                                                  : tasks.obj (.text.xTaskGetTickCount)
                  00441cec    00000012     mmw_demo_utils.o (.text.Cycleprofiler_getTimeStamp)
                  00441cfe    00000012     drivers.xwrL64xx.m4f.ti-arm-clang.debug.lib : gpio.obj (.text.GPIO_moduleEnable)
                  00441d10    00000012                                                 : i2c_v0.obj (.text.I2CControllerDataGet)
                  00441d22    00000012                                                 : power_xwrLx4xx.obj (.text.List_empty)
                  00441d34    00000012     control.xwrL64xx.m4f.ti-arm-clang.debug.lib : mmwave_osal.obj (.text.MMWave_osalMutexUnlock)
                  00441d46    00000012                                                 : mmwave_osal.obj (.text.MMWave_osalSemSignal)
                  00441d58    00000012     libc.a : _scanfi.c.obj (.text.OUTLINED_FUNCTION_1)
                  00441d6a    00000012     ti_pinmux_config.o (.text.Pinmux_init)
                  00441d7c    00000012     freertos.xwrL64xx.m4f.ti-arm-clang.debug.lib : SysTickTimerP.obj (.text.SysTickTimerP_getCount)
                  00441d8e    00000012                                                  : SysTickTimerP.obj (.text.SysTickTimerP_getReloadCount)
                  00441da0    00000012     utils.xwrL64xx.m4f.ti-arm-clang.debug.lib : mathutils.obj (.text.mathUtils_floorLog2)
                  00441db2    00000012     libc.a : _printfi.c.obj (.text.strchr)
                  00441dc4    00000012            : memcpy_t2.S.obj (.text:TI_memcpy_small)
                  00441dd6    00000010     drivers.xwrL64xx.m4f.ti-arm-clang.debug.lib : gpio.obj (.text.CSL_REG32_WR_RAW)
                  00441de6    00000010                                                 : pinmux.obj (.text.CSL_REG32_WR_RAW)
                  00441df6    00000010                                                 : power_xwrLx4xx.obj (.text.CSL_REG32_WR_RAW)
                  00441e06    00000010                                                 : qspi.obj (.text.CSL_REG32_WR_RAW)
                  00441e16    00000010                                                 : soc.obj (.text.CSL_REG32_WR_RAW)
                  00441e26    00000010                                                 : soc_rcm.obj (.text.CSL_REG32_WR_RAW)
                  00441e36    00000010     mmw_cli.o (.text.CSL_REG32_WR_RAW)
                  00441e46    00000010     power_management.o (.text.CSL_REG32_WR_RAW)
                  00441e56    00000010     ti_dpl_config.o (.text.CSL_REG32_WR_RAW)
                  00441e66    00000010     freertos.xwrL64xx.m4f.ti-arm-clang.debug.lib : ClockP_freertos.obj (.text.ClockP_sleepTicks)
                  00441e76    00000010     dpc.o (.text.DPC_ObjDet_MemPoolGetMaxUsage)
                  00441e86    00000010     ti_drivers_open_close.o (.text.Drivers_gpioOpen)
                  00441e96    00000010     drivers.xwrL64xx.m4f.ti-arm-clang.debug.lib : edma.obj (.text.HW_RD_REG32_RAW)
                  00441ea6    00000010                                                 : power_xwrLx4xx.obj (.text.HW_RD_REG32_RAW)
                  00441eb6    00000010                                                 : prcm.obj (.text.HW_RD_REG32_RAW)
                  00441ec6    00000010                                                 : soc_rcm.obj (.text.HW_RD_REG32_RAW)
                  00441ed6    00000010     mmw_cli.o (.text.HW_RD_REG32_RAW)
                  00441ee6    00000010     power_management.o (.text.HW_RD_REG32_RAW)
                  00441ef6    00000010     dpc.o (.text.HW_WR_REG32_RAW)
                  00441f06    00000010     drivers.xwrL64xx.m4f.ti-arm-clang.debug.lib : edma.obj (.text.HW_WR_REG32_RAW)
                  00441f16    00000010                                                 : hwa.obj (.text.HW_WR_REG32_RAW)
                  00441f26    00000010                                                 : power_xwrLx4xx.obj (.text.HW_WR_REG32_RAW)
                  00441f36    00000010                                                 : prcm.obj (.text.HW_WR_REG32_RAW)
                  00441f46    00000010                                                 : soc_rcm.obj (.text.HW_WR_REG32_RAW)
                  00441f56    00000010     mmw_cli.o (.text.HW_WR_REG32_RAW)
                  00441f66    00000010     control.xwrL64xx.m4f.ti-arm-clang.debug.lib : mmwave_link_xWRLx4xx.obj (.text.MMWave_ExitCriticalRegion)
                  00441f76    00000010     libc.a : memory.c.obj (.text.OUTLINED_FUNCTION_0)
                  00441f86    00000010            : s_round.c.obj (.text.OUTLINED_FUNCTION_0)
                  00441f96    00000010            : strtoll.c.obj (.text.OUTLINED_FUNCTION_0)
                  00441fa6    00000010            : s_cos.c.obj (.text.OUTLINED_FUNCTION_1)
                  00441fb6    00000010            : s_round.c.obj (.text.OUTLINED_FUNCTION_1)
                  00441fc6    00000010            : s_sin.c.obj (.text.OUTLINED_FUNCTION_1)
                  00441fd6    00000010            : s_cos.c.obj (.text.OUTLINED_FUNCTION_2)
                  00441fe6    00000010            : s_sin.c.obj (.text.OUTLINED_FUNCTION_2)
                  00441ff6    00000010            : k_rem_pio2.c.obj (.text.OUTLINED_FUNCTION_3)
                  00442006    00000010     drivers.xwrL64xx.m4f.ti-arm-clang.debug.lib : power_xwrLx4xx.obj (.text.Power_enablePolicy)
                  00442016    00000010                                                 : uart_sci_edma.obj (.text.UART_disableTxDma)
                  00442026    00000010                                                 : uart_sci_edma.obj (.text.UART_enableTxDma)
                  00442036    00000010                                                 : uart_sci.obj (.text.UART_isRxIntrEnabled)
                  00442046    00000010                                                 : uart_sci.obj (.text.UART_isRxRdy)
                  00442056    00000010                                                 : uart_sci.obj (.text.UART_isTxIntrEnabled)
                  00442066    00000010                                                 : uart_sci.obj (.text.UART_isTxRdy)
                  00442076    00000010                                                 : uart_sci.obj (.text.UART_rxIntrDisable)
                  00442086    00000010                                                 : uart_sci.obj (.text.UART_txIntrDisable)
                  00442096    00000010     freertos.xwrL64xx.m4f.ti-arm-clang.debug.lib : printf.obj (.text._out_null)
                  004420a6    00000010     libc.a : s_lroundf.c.obj (.text.lroundf)
                  004420b6    00000010     freertos.xwrL64xx.m4f.ti-arm-clang.debug.lib : tasks.obj (.text.vTaskSuspendAll)
                  004420c6    00000010     libc.a : wcslen.c.obj (.text.wcslen)
                  004420d6    0000000e     freertos.xwrL64xx.m4f.ti-arm-clang.debug.lib : ClockP_freertos_m4.obj (.text.ClockP_getTimerCount)
                  004420e4    0000000e     dpc.o (.text.DPC_ObjDet_HwaDmaTrigSrcChanPoolReset)
                  004420f2    0000000e     control.xwrL64xx.m4f.ti-arm-clang.debug.lib : mmwave.obj (.text.MMWave_decodeErrorLevel)
                  00442100    0000000e     libc.a : strtoull.c.obj (.text.OUTLINED_FUNCTION_0)
                  0044210e    0000000e            : s_round.c.obj (.text.OUTLINED_FUNCTION_2)
                  0044211c    0000000e            : s_cos.c.obj (.text.OUTLINED_FUNCTION_5)
                  0044212a    0000000e            : s_sin.c.obj (.text.OUTLINED_FUNCTION_5)
                  00442138    0000000e            : strcpy.c.obj (.text.strcpy)
                  00442146    0000000e     libsysbm.a : hostrename.c.obj (.text.strcpy)
                  00442154    0000000e     libc.a : _printfi.c.obj (.text.strlen)
                  00442162    0000000e            : strlen.c.obj (.text.strlen)
                  00442170    0000000e     libsysbm.a : hostrename.c.obj (.text.strlen)
                  0044217e    0000000e     freertos.xwrL64xx.m4f.ti-arm-clang.debug.lib : list.obj (.text.vListInitialiseItem)
                  0044218c    0000000e                                                  : tasks.obj (.text.vTaskMissedYield)
                  0044219a    0000000e     libc.a : memset_t2.S.obj (.text:TI_memset_small)
                  004421a8    0000000c     drivers.xwrL64xx.m4f.ti-arm-clang.debug.lib : gpio.obj (.text.CSL_REG32_RD_RAW)
                  004421b4    0000000c                                                 : power_xwrLx4xx.obj (.text.CSL_REG32_RD_RAW)
                  004421c0    0000000c                                                 : qspi.obj (.text.CSL_REG32_RD_RAW)
                  004421cc    0000000c                                                 : soc_rcm.obj (.text.CSL_REG32_RD_RAW)
                  004421d8    0000000c     freertos.xwrL64xx.m4f.ti-arm-clang.debug.lib : SysTickTimerP.obj (.text.CSL_REG32_RD_RAW)
                  004421e4    0000000c     mmw_cli.o (.text.CSL_REG32_RD_RAW)
                  004421f0    0000000c     power_management.o (.text.CSL_REG32_RD_RAW)
                  004421fc    0000000c     ti_dpl_config.o (.text.CSL_REG32_RD_RAW)
                  00442208    0000000c     freertos.xwrL64xx.m4f.ti-arm-clang.debug.lib : CacheP_null.obj (.text.CacheP_inv)
                  00442214    0000000c                                                  : CacheP_null.obj (.text.CacheP_wb)
                  00442220    0000000c     drivers.xwrL64xx.m4f.ti-arm-clang.debug.lib : power_xwrLx4xx.obj (.text.List_head)
                  0044222c    0000000c                                                 : power_xwrLx4xx.obj (.text.List_next)
                  00442238    0000000c     control.xwrL64xx.m4f.ti-arm-clang.debug.lib : mmwave_link_xWRLx4xx.obj (.text.MMWave_EnterCriticalRegion)
                  00442244    0000000c                                                 : mmwave_listlib.obj (.text.MMWave_listGetHead)
                  00442250    0000000c                                                 : mmwave_listlib.obj (.text.MMWave_listGetNext)
                  0044225c    0000000c     libc.a : e_log10.c.obj (.text.OUTLINED_FUNCTION_0)
                  00442268    0000000c            : k_sin.c.obj (.text.OUTLINED_FUNCTION_0)
                  00442274    0000000c            : s_ceil.c.obj (.text.OUTLINED_FUNCTION_0)
                  00442280    0000000c            : s_cos.c.obj (.text.OUTLINED_FUNCTION_0)
                  0044228c    0000000c            : s_floor.c.obj (.text.OUTLINED_FUNCTION_0)
                  00442298    0000000c            : s_sin.c.obj (.text.OUTLINED_FUNCTION_0)
                  004422a4    0000000c            : s_atan.c.obj (.text.OUTLINED_FUNCTION_1)
                  004422b0    0000000c            : e_pow.c.obj (.text.OUTLINED_FUNCTION_2)
                  004422bc    0000000c            : k_cos.c.obj (.text.OUTLINED_FUNCTION_2)
                  004422c8    0000000c            : s_atan.c.obj (.text.OUTLINED_FUNCTION_2)
                  004422d4    0000000c            : e_pow.c.obj (.text.OUTLINED_FUNCTION_3)
                  004422e0    0000000c            : k_sin.c.obj (.text.OUTLINED_FUNCTION_3)
                  004422ec    0000000c            : k_rem_pio2.c.obj (.text.OUTLINED_FUNCTION_4)
                  004422f8    0000000c            : e_pow.c.obj (.text.OUTLINED_FUNCTION_5)
                  00442304    0000000c            : e_pow.c.obj (.text.OUTLINED_FUNCTION_6)
                  00442310    0000000c            : s_cos.c.obj (.text.OUTLINED_FUNCTION_6)
                  0044231c    0000000c            : s_sin.c.obj (.text.OUTLINED_FUNCTION_6)
                  00442328    0000000c            : e_pow.c.obj (.text.OUTLINED_FUNCTION_8)
                  00442334    0000000c     ti_power_clock_config.o (.text.PowerClock_init)
                  00442340    0000000c     drivers.xwrL64xx.m4f.ti-arm-clang.debug.lib : power_xwrLx4xx.obj (.text.Power_getConstraintMask)
                  0044234c    0000000c                                                 : power_xwrLx4xx.obj (.text.Power_getLowPowModeTaken)
                  00442358    0000000c     alg_gtrack3d.xwrL64xx.m4f.ti-arm-clang.debug.lib : gtrack_listlib.obj (.text.gtrack_listGetFirst)
                  00442364    0000000c                                                      : gtrack_listlib.obj (.text.gtrack_listGetNext)
                  00442370    0000000c     libc.a : fputc.c.obj (.text.putchar)
                  0044237c    0000000a            : _scanfi.c.obj (.text.OUTLINED_FUNCTION_2)
                  00442386    0000000a            : k_cos.c.obj (.text.OUTLINED_FUNCTION_3)
                  00442390    0000000a            : s_cos.c.obj (.text.OUTLINED_FUNCTION_7)
                  0044239a    0000000a            : s_sin.c.obj (.text.OUTLINED_FUNCTION_7)
                  004423a4    0000000a     drivers.xwrL64xx.m4f.ti-arm-clang.debug.lib : prcm.obj (.text.PRCMPeripheralStatusGet)
                  004423ae    00000002     --HOLE-- [fill = 0]
                  004423b0    0000000a     libclang_rt.builtins.a : aeabi_memset.S.obj (.text.__aeabi_memset)
                  004423ba    0000000a     libc.a : sprintf.c.obj (.text._outc)
                  004423c4    00000008     freertos.xwrL64xx.m4f.ti-arm-clang.debug.lib : ClockP_freertos_m4.obj (.text.ClockP_timerClearOverflowInt)
                  004423cc    00000008     libc.a : _scanfi.c.obj (.text.OUTLINED_FUNCTION_0)
                  004423d4    00000008            : e_pow.c.obj (.text.OUTLINED_FUNCTION_0)
                  004423dc    00000008            : k_cos.c.obj (.text.OUTLINED_FUNCTION_0)
                  004423e4    00000008            : s_atan.c.obj (.text.OUTLINED_FUNCTION_0)
                  004423ec    00000008            : strtod.c.obj (.text.OUTLINED_FUNCTION_0)
                  004423f4    00000008            : e_log10.c.obj (.text.OUTLINED_FUNCTION_1)
                  004423fc    00000008            : e_pow.c.obj (.text.OUTLINED_FUNCTION_1)
                  00442404    00000008            : k_cos.c.obj (.text.OUTLINED_FUNCTION_1)
                  0044240c    00000008            : k_sin.c.obj (.text.OUTLINED_FUNCTION_1)
                  00442414    00000008            : s_ceil.c.obj (.text.OUTLINED_FUNCTION_1)
                  0044241c    00000008            : s_floor.c.obj (.text.OUTLINED_FUNCTION_1)
                  00442424    00000008            : e_log10.c.obj (.text.OUTLINED_FUNCTION_2)
                  0044242c    00000008            : k_rem_pio2.c.obj (.text.OUTLINED_FUNCTION_2)
                  00442434    00000008            : k_sin.c.obj (.text.OUTLINED_FUNCTION_2)
                  0044243c    00000008            : s_atan.c.obj (.text.OUTLINED_FUNCTION_3)
                  00442444    00000008            : s_cos.c.obj (.text.OUTLINED_FUNCTION_3)
                  0044244c    00000008            : s_sin.c.obj (.text.OUTLINED_FUNCTION_3)
                  00442454    00000008            : e_pow.c.obj (.text.OUTLINED_FUNCTION_4)
                  0044245c    00000008            : s_cos.c.obj (.text.OUTLINED_FUNCTION_4)
                  00442464    00000008            : s_sin.c.obj (.text.OUTLINED_FUNCTION_4)
                  0044246c    00000008            : k_rem_pio2.c.obj (.text.OUTLINED_FUNCTION_5)
                  00442474    00000008            : k_rem_pio2.c.obj (.text.OUTLINED_FUNCTION_6)
                  0044247c    00000008            : e_pow.c.obj (.text.OUTLINED_FUNCTION_7)
                  00442484    00000008     drivers.xwrL64xx.m4f.ti-arm-clang.debug.lib : soc_rcm.obj (.text.SOC_rcmGetBaseAddressAPPRCM)
                  0044248c    00000008                                                 : soc_rcm.obj (.text.SOC_rcmGetBaseAddressTOPEFUSE)
                  00442494    00000008     libc.a : aeabi_portable.c.obj (.text.__aeabi_errno_addr)
                  0044249c    00000008     libclang_rt.builtins.a : aeabi_memset.S.obj (.text.__aeabi_memclr)
                  004424a4    00000008     libc.a : sscanf.c.obj (.text._uninpchar)
                  004424ac    00000008     ti_dpl_config.o (.text.boot)
                  004424b4    00000008     alg_gtrack3d.xwrL64xx.m4f.ti-arm-clang.debug.lib : gtrack_unit_stop.obj (.text.gtrack_unitStop)
                  004424bc    00000008     libc.a : memory.c.obj (.text.malloc)

.data.1    0    004424c8    00000008     
                  004424c8    00000008     libc.a : exit.c.obj (.data..L_MergedGlobals)

.rodata    0    004424d0    0000e40e     
                  004424d0    00008ef8     aoasv_table.o (.rodata.SteeringVectors)
                  0044b3c8    000005a0     alg_gtrack3d.xwrL64xx.m4f.ti-arm-clang.debug.lib : gtrack_math.obj (.rodata.cosTable)
                  0044b968    000005a0                                                      : gtrack_math.obj (.rodata.sinTable)
                  0044bf08    0000010a     mmw_cli.o (.rodata.str1.6462259499352515086.1)
                  0044c012    00000002     dpc.o (.rodata.str1.10890695369155615366.1)
                  0044c014    00000108     libc.a : k_rem_pio2.c.obj (.rodata.ipio2)
                  0044c11c    00000004     freertos.xwrL64xx.m4f.ti-arm-clang.debug.lib : printf.obj (.rodata.str1.127360175834607756121)
                  0044c120    00000101     libc.a : aeabi_ctype.S.obj (.rodata:__aeabi_ctype_table_)
                  0044c221    00000003     ADC_testbuf.o (.rodata.str1.11158189121404707492.1)
                  0044c224    000000c8     drivers.xwrL64xx.m4f.ti-arm-clang.debug.lib : prcm.obj (.rodata.PRCM_PeriphRegsList)
                  0044c2ec    000000c1     mmw_cli.o (.rodata.str1.2669214116434919517.1)
                  0044c3ad    000000bd     mmw_cli.o (.rodata.str1.12016002718303656281.1)
                  0044c46a    0000009c     mmw_cli.o (.rodata.str1.1074159965412938582.1)
                  0044c506    00000084     mmw_cli.o (.rodata.str1.12335627093486693195.1)
                  0044c58a    00000082     mmw_cli.o (.rodata.str1.8809729416836061800.1)
                  0044c60c    00000004     freertos.xwrL64xx.m4f.ti-arm-clang.debug.lib : printf.obj (.rodata.str1.129146086478572783701)
                  0044c610    00000080     libc.a : strtod.c.obj (.rodata.digits)
                  0044c690    0000007c     alg_gtrack3d.xwrL64xx.m4f.ti-arm-clang.debug.lib : gtrack_create.obj (.rodata.defaultSceneryParams)
                  0044c70c    0000007a     mmw_cli.o (.rodata.str1.1680478748310391108.1)
                  0044c786    00000077     factory_cal.o (.rodata.str1.13442828404870886494.1)
                  0044c7fd    00000077     motion_detect.o (.rodata.str1.8938346383878797174.1)
                  0044c874    00000075     mmw_cli.o (.rodata.str1.810125764330597486.1)
                  0044c8e9    00000074     mmw_cli.o (.rodata.str1.6181054435053064866.1)
                  0044c95d    00000073     mmw_cli.o (.rodata.str1.649100577985748156.1)
                  0044c9d0    00000071     mmw_cli.o (.rodata.str1.5596791298366257860.1)
                  0044ca41    00000062     mmw_cli.o (.rodata.str1.9001891691653520517.1)
                  0044caa3    00000061     mmw_cli.o (.rodata.str1.9922388712484032769.1)
                  0044cb04    00000060     ti_drivers_config.o (.rodata.Power_config)
                  0044cb64    0000005f     mmw_cli.o (.rodata.str1.1897186978757916806.1)
                  0044cbc3    0000005c     mmw_cli.o (.rodata.str1.15375768201416865760.1)
                  0044cc1f    0000005c     freertos.xwrL64xx.m4f.ti-arm-clang.debug.lib : ClockP_freertos_m4.obj (.rodata.str1.93527999352055272301)
                  0044cc7b    00000053     drivers.xwrL64xx.m4f.ti-arm-clang.debug.lib : hwa.obj (.rodata.str1.10046696104999493911)
                  0044ccce    00000052     mmw_cli.o (.rodata.str1.15362591281410446793.1)
                  0044cd20    00000050     freertos.xwrL64xx.m4f.ti-arm-clang.debug.lib : printf.obj (.rodata._ftoa.pow10)
                  0044cd70    00000050     mmw_cli.o (.rodata.str1.14228128978777089629.1)
                  0044cdc0    00000050     dpc.o (.rodata.str1.14758742345162746908.1)
                  0044ce10    0000004f     motion_detect.o (.rodata.str1.11062313732802357078.1)
                  0044ce5f    0000004e     mmwave_control_config.o (.rodata.str1.17480002479440233621.1)
                  0044cead    0000004d     dpc.o (.rodata.str1.6376174279318393532.1)
                  0044cefa    0000004c     mmw_cli.o (.rodata.str1.13182487626292979515.1)
                  0044cf46    0000004c     mmw_cli.o (.rodata.str1.7544408124526856510.1)
                  0044cf92    0000004b     mmwave_control_config.o (.rodata.str1.15505602600388848346.1)
                  0044cfdd    0000004b     mmw_cli.o (.rodata.str1.7279713132276034997.1)
                  0044d028    0000004a     factory_cal.o (.rodata.str1.14231786800572699178.1)
                  0044d072    00000049     mmwave_control_config.o (.rodata.str1.9444970956996127202.1)
                  0044d0bb    00000005     freertos.xwrL64xx.m4f.ti-arm-clang.debug.lib : printf.obj (.rodata.str1.119016125874353717991)
                  0044d0c0    00000048     libc.a : strtod.c.obj (.rodata.powerof10)
                  0044d108    00000047     mmw_cli.o (.rodata.str1.13732130734465774692.1)
                  0044d14f    00000047     freertos.xwrL64xx.m4f.ti-arm-clang.debug.lib : HeapP_internal.obj (.rodata.str1.14492926327145679711)
                  0044d196    00000047     mmwave_control_config.o (.rodata.str1.17287970351118989361.1)
                  0044d1dd    00000047     factory_cal.o (.rodata.str1.2261169383875314615.1)
                  0044d224    00000045     mmwave_control_config.o (.rodata.str1.14557627504139006775.1)
                  0044d269    00000045     mmw_cli.o (.rodata.str1.7071771347474105709.1)
                  0044d2ae    00000045     mmwave_control_config.o (.rodata.str1.7390515084855017282.1)
                  0044d2f3    00000044     mmw_cli.o (.rodata.str1.5250963442097365509.1)
                  0044d337    00000044     factory_cal.o (.rodata.str1.9218447660233047296.1)
                  0044d37b    00000043     factory_cal.o (.rodata.str1.7567688693999047719.1)
                  0044d3be    00000042     mmwave_control_config.o (.rodata.str1.2035509843101732199.1)
                  0044d400    00000042     freertos.xwrL64xx.m4f.ti-arm-clang.debug.lib : HeapP_internal.obj (.rodata.str1.29358471772075290041)
                  0044d442    00000042     mmw_cli.o (.rodata.str1.38648615121623410.1)
                  0044d484    00000041     factory_cal.o (.rodata.str1.13414630893138012982.1)
                  0044d4c5    00000041     mmw_cli.o (.rodata.str1.17626205082522126646.1)
                  0044d506    00000002     mmwave_control_config.o (.rodata.str1.1105250420429090612.1)
                  0044d508    00000040     libc.a : k_rem_pio2.c.obj (.rodata.PIo2)
                  0044d548    00000040            : s_atan.c.obj (.rodata.cst32)
                  0044d588    00000040     dpc.o (.rodata.str1.12669482764298315870.1)
                  0044d5c8    00000040     mmwave_control_config.o (.rodata.str1.17872762923619385759.1)
                  0044d608    0000003f     mmwave_control_config.o (.rodata.str1.1746763484372253407.1)
                  0044d647    0000003f     mmw_cli.o (.rodata.str1.2761578333333075709.1)
                  0044d686    0000003f     control.xwrL64xx.m4f.ti-arm-clang.debug.lib : mmwave_link_common.obj (.rodata.str1.45995489259636872591)
                  0044d6c5    0000003f                                                 : mmwave_link_common.obj (.rodata.str1.95633389495143423201)
                  0044d704    0000003e     mmwave_control_config.o (.rodata.str1.5784363331496253512.1)
                  0044d742    0000003d     control.xwrL64xx.m4f.ti-arm-clang.debug.lib : mmwave_link_common.obj (.rodata.str1.108239251897802622521)
                  0044d77f    0000003d     mmwave_control_config.o (.rodata.str1.16693801283529977026.1)
                  0044d7bc    0000003d     power_management.o (.rodata.str1.1782491405338069446.1)
                  0044d7f9    0000003d     mmwave_control_config.o (.rodata.str1.6246906723011682443.1)
                  0044d836    0000003d     control.xwrL64xx.m4f.ti-arm-clang.debug.lib : mmwave_link_common.obj (.rodata.str1.84582364245452780821)
                  0044d873    00000001     --HOLE-- [fill = 0]
                  0044d874    0000003c     alg_gtrack3d.xwrL64xx.m4f.ti-arm-clang.debug.lib : gtrack_create.obj (.rodata.defaultPresenceParams)
                  0044d8b0    0000003c     control.xwrL64xx.m4f.ti-arm-clang.debug.lib : mmwave_link_common.obj (.rodata.str1.110970753503686260441)
                  0044d8ec    0000003c     motion_detect.o (.rodata.str1.11994651562407961924.1)
                  0044d928    0000003c     control.xwrL64xx.m4f.ti-arm-clang.debug.lib : mmwave_link_common.obj (.rodata.str1.124861646950279782931)
                  0044d964    0000003c     mmw_cli.o (.rodata.str1.12744131687828477554.1)
                  0044d9a0    0000003c     mmw_cli.o (.rodata.str1.14197419288528093568.1)
                  0044d9dc    0000003c     control.xwrL64xx.m4f.ti-arm-clang.debug.lib : mmwave_link_common.obj (.rodata.str1.51990471603059290731)
                  0044da18    0000003c                                                 : mmwave_link_common.obj (.rodata.str1.69160443919749921471)
                  0044da54    0000003c     mmw_cli.o (.rodata.str1.9857307974448633238.1)
                  0044da90    0000003b     mmw_cli.o (.rodata.str1.11650564583990093867.1)
                  0044dacb    0000003b     mmw_cli.o (.rodata.str1.12915249984170028694.1)
                  0044db06    0000003b     mmwave_control_config.o (.rodata.str1.15761103916776832399.1)
                  0044db41    0000003b     drivers.xwrL64xx.m4f.ti-arm-clang.debug.lib : hwa.obj (.rodata.str1.16429509581582831281)
                  0044db7c    0000003a     motion_detect.o (.rodata.str1.11291718973876457959.1)
                  0044dbb6    0000003a     mmw_cli.o (.rodata.str1.13512376417294272885.1)
                  0044dbf0    0000003a     dpc.o (.rodata.str1.3139769190919127665.1)
                  0044dc2a    0000003a     dpc.o (.rodata.str1.5752541009145509704.1)
                  0044dc64    0000003a     motion_detect.o (.rodata.str1.6598420849927136525.1)
                  0044dc9e    00000039     dpc.o (.rodata.str1.10115961831029826898.1)
                  0044dcd7    00000038     freertos.xwrL64xx.m4f.ti-arm-clang.debug.lib : HeapP_internal.obj (.rodata.str1.61511462371862462041)
                  0044dd0f    00000038     mmw_cli.o (.rodata.str1.6421402312635754227.1)
                  0044dd47    00000038     dpc.o (.rodata.str1.8342607368675214167.1)
                  0044dd7f    00000038     factory_cal.o (.rodata.str1.879207662197047769.1)
                  0044ddb7    00000037     freertos.xwrL64xx.m4f.ti-arm-clang.debug.lib : SemaphoreP_freertos.obj (.rodata.str1.101306302737560956511)
                  0044ddee    00000037     mmw_cli.o (.rodata.str1.12534805069060073131.1)
                  0044de25    00000037     dpc.o (.rodata.str1.16825047805609096780.1)
                  0044de5c    00000037     control.xwrL64xx.m4f.ti-arm-clang.debug.lib : mmwave_fullcfg.obj (.rodata.str1.25933196895083554371)
                  0044de93    00000037     motion_detect.o (.rodata.str1.4607394207307703875.1)
                  0044deca    00000037     dpc.o (.rodata.str1.4975791316741567322.1)
                  0044df01    00000037     dpc.o (.rodata.str1.7200477428705320336.1)
                  0044df38    00000036     dpc.o (.rodata.str1.11851876903789699751.1)
                  0044df6e    00000036     dpc.o (.rodata.str1.16730084629067752269.1)
                  0044dfa4    00000036     mmwave_control_config.o (.rodata.str1.204769122936352443.1)
                  0044dfda    00000036     mmw_cli.o (.rodata.str1.233040909264270109.1)
                  0044e010    00000036     ADC_testbuf.o (.rodata.str1.3525146516659275753.1)
                  0044e046    00000036     ti_board_open_close.o (.rodata.str1.760704006985994805.1)
                  0044e07c    00000035     ti_drivers_open_close.o (.rodata.str1.10252002122772422448.1)
                  0044e0b1    00000035     mmw_cli.o (.rodata.str1.17546339266102763762.1)
                  0044e0e6    00000035     dpc.o (.rodata.str1.4449634889710398127.1)
                  0044e11b    00000035     ti_drivers_open_close.o (.rodata.str1.7750254725308216577.1)
                  0044e150    00000035     ti_drivers_open_close.o (.rodata.str1.871795152488895636.1)
                  0044e185    00000034     ti_drivers_open_close.o (.rodata.str1.2554706296470369595.1)
                  0044e1b9    00000033     dpc.o (.rodata.str1.14701823564073459423.1)
                  0044e1ec    00000033     mmw_cli.o (.rodata.str1.8340959215295432722.1)
                  0044e21f    00000032     dpc.o (.rodata.str1.17050679061265015123.1)
                  0044e251    00000032     mmw_cli.o (.rodata.str1.2144271495925132003.1)
                  0044e283    00000032     motion_detect.o (.rodata.str1.9107361407032343862.1)
                  0044e2b5    00000032     dpc.o (.rodata.str1.9214483890376063066.1)
                  0044e2e7    00000031     mmwave_control_config.o (.rodata.str1.13763672593486873731.1)
                  0044e318    00000031     dpc.o (.rodata.str1.5079675281326230614.1)
                  0044e349    00000031     freertos.xwrL64xx.m4f.ti-arm-clang.debug.lib : HeapP_internal.obj (.rodata.str1.93709885423531533851)
                  0044e37a    00000006     libc.a : _scanfi.c.obj (.rodata._sproc_int.barr)
                  0044e380    00000030            : e_pow.c.obj (.rodata.cst16)
                  0044e3b0    00000030     mmw_cli.o (.rodata.str1.10127041273405524083.1)
                  0044e3e0    00000030     mmw_cli.o (.rodata.str1.1398104647782258962.1)
                  0044e410    00000030     mmw_cli.o (.rodata.str1.1538309728395424867.1)
                  0044e440    00000030     mmw_cli.o (.rodata.str1.15775663672599192279.1)
                  0044e470    00000030     mmw_cli.o (.rodata.str1.1970562341783256209.1)
                  0044e4a0    00000030     ADC_testbuf.o (.rodata.str1.3696679686521276924.1)
                  0044e4d0    00000030     mmw_cli.o (.rodata.str1.7848679494811947941.1)
                  0044e500    00000030     mmw_cli.o (.rodata.str1.9473198243998051798.1)
                  0044e530    0000002f     ADC_testbuf.o (.rodata.str1.12225742605922891905.1)
                  0044e55f    0000002f     mmw_cli.o (.rodata.str1.13042629634101152664.1)
                  0044e58e    0000002f     mmw_cli.o (.rodata.str1.14296343402654320788.1)
                  0044e5bd    0000002f     dpc.o (.rodata.str1.5267187927638388593.1)
                  0044e5ec    0000002f     dpc.o (.rodata.str1.9106138204188920147.1)
                  0044e61b    0000002e     dpc.o (.rodata.str1.16311090157816583455.1)
                  0044e649    0000002e     power_management.o (.rodata.str1.5385983891440060941.1)
                  0044e677    0000002e     dpc.o (.rodata.str1.639600111360578228.1)
                  0044e6a5    0000002e     factory_cal.o (.rodata.str1.6552284701940853314.1)
                  0044e6d3    0000002d     dpc.o (.rodata.str1.17909638318585319606.1)
                  0044e700    0000002d     control.xwrL64xx.m4f.ti-arm-clang.debug.lib : mmwave_link_common.obj (.rodata.str1.19081546733048920471)
                  0044e72d    0000002d     ADC_testbuf.o (.rodata.str1.6496131976050503271.1)
                  0044e75a    0000002c     dpc.o (.rodata.str1.346627727781804610.1)
                  0044e786    0000002c     freertos.xwrL64xx.m4f.ti-arm-clang.debug.lib : HeapP_freertos.obj (.rodata.str1.58440133463682020491)
                  0044e7b2    0000002b     mmw_cli.o (.rodata.str1.12566250466439199095.1)
                  0044e7dd    0000002b     mmw_cli.o (.rodata.str1.2657810936902971281.1)
                  0044e808    0000002b     mmw_cli.o (.rodata.str1.5131970155185648862.1)
                  0044e833    0000002b     dpc.o (.rodata.str1.9998922616306585462.1)
                  0044e85e    0000002a     monitors.o (.rodata.str1.408772254460761651.1)
                  0044e888    0000002a     mmw_cli.o (.rodata.str1.5213444037443584150.1)
                  0044e8b2    0000002a     mmw_cli.o (.rodata.str1.7007686744337343427.1)
[...]
004768e5  EDMA_close                                     
0047698f  Power_getTransitionLatency                     
00476a39  xTaskRemoveFromEventList                       
00476b89  Drivers_qspiOpen                               
00476d79  EDMASetPaRAM                                   
00476ebd  MmwDemo_CLIGatingParamCfg                      
004770a1  dbscanOutputDataInit                           
00477141  dense_op                                       
004773bf  PRCMLPDSRestoreInfoSet                         
0047745d  xQueueGenericReset                             
004774fb  MMWave_config                                  
004776d1  floorf                                         
0047776d  sqrtf                                          
004778a3  SemaphoreP_pend                                
004779d7  vHeapGetHeapStats                              
00477a71  xTaskCheckForTimeOut                           
00477b0b  DPEDMA_setup_shadow_link                       
00477ba3  MMWave_getProfileCfg                           
00477c3b  MMWave_stop                                    
00477cd5  __TI_buff_read                                 
00477d6d  mpdProc_dpuInit                                
00477e05  sinf                                           
00477e9d  tanf                                           
00477f35  DPU_RangeProcHWA_process                       
00477fcb  gtrack_computeMahalanobisPartial               
00478061  Power_enterLPDS                                
004780a5  Power_resumeLPDS                               
004780f7  QSPI_init                                      
0047821f  xTimerGenericCommand                           
004782b3  DPEDMA_startTransfer                           
00478345  EDMAUnmapChToEvtQ                              
004783d7  MMWave_delProfile                              
00478469  SOC_rcmEnableADPLLClock                        
004784fb  SemaphoreP_constructBinary                     
0047858d  _DebugP_logZone                                
0047861f  mmwDemo_freeDmaChannels                        
00478861  gav1d                                          
004788f1  HWA_getDMAconfig                               
00478a0d  MmwDemo_CLIStateParamCfg                       
00478b29  EDMADisableTransferRegion                      
00478bb5  EDMAEnableTransferRegion                       
00478c41  EDMA_deinit                                    
00478ccd  EDMA_init                                      
00478d59  MMWave_getNumProfiles                          
00478de5  gtrack_sph2cart                                
00478e71  MMWave_getTemperatureReport                    
0047900d  fputc                                          
00479095  gtrack_cart2sph                                
0047911d  ClockP_getTimeUsec                             
004791a3  MmwDemoCLIMaxAccelerationParamCfg              
004792af  CFAR_DET_HWA_prepareHwaRunTimeScndPass         
00479333  MMWave_deinit                                  
004793b7  gtrack_calcDim                                 
0047943b  mmwDemo_flashEraseOneSector                    
004794bf  CFAR_DET_HWA_prepareHwaRunTime                 
004795c3  featExtract_freqToIndex                        
00479645  magnitude                                      
004797c7  Drivers_uartInit                               
00479847  HWA_enable                                     
004798c7  MMWave_close                                   
00479947  mmwDemo_flashWrite                             
004799c9  uDopProc_featureAverage                        
00479a49  MMWave_getNumChirps                            
00479ac7  classifier_delete                              
00479b45  roundf                                         
00479bc3  _DebugP_assert                                 
00479c3f  gtrack_matrixSetDiag                           
00479d37  SemaphoreP_post                                
00479db1  EDMALinkChannel                                
00479f19  rangeProcHWA_EDMA_transferCompletionCallbackFxn
00479f91  xTimerCreateTimerTask                          
0047a07f  SOC_rcmWaitMemInitTpcc                         
0047a16b  featExtract_vectorEntropy                      
0047a1e1  gtrack_modulePredict                           
0047a33f  ClockP_usleep                                  
0047a3b3  EDMACCPaRAMEntry_init                          
0047a49b  I2C_init                                       
0047a50f  MMWave_deinitLink                              
0047a583  rl_fecssDevPwrOn                               
0047a5f7  EDMAClrMissEvtRegion                           
0047a6db  QSPI_setPreScaler                              
0047a74d  SemaphoreP_constructCounting                   
0047a831  xTaskCreateStatic                              
0047a8a3  HWA_readCFARPeakCountReg                       
0047a985  __TI_closefile                                 
0047a9f5  doaProc_setInputEdma                           
0047aa65  SemaphoreP_constructMutex                      
0047aad5  __aeabi_d2f                                    
0047aad5  __truncdfsf2                                   
0047ab43  gtrack_moduleAssociate                         
0047abb1  DPC_ObjDet_MemPoolAlloc                        
0047ac1d  DPU_RangeProcHWA_control                       
0047ac89  MMWave_initLink                                
0047acf5  MMWave_listRemoveNode                          
0047adcd  aoasvcProc_dpuInit                             
0047ae39  cfarProc_dpuInit                               
0047aea5  doaProc_dpuInit                                
0047af11  featExtract_computeWeightedPower               
0047af7d  mmwDemo_flashRead                              
0047afe9  rangeProc_dpuInit                              
0047b0c1  udopProc_dpuInit                               
0047b197  QSPI_close                                     
0047b201  featExtract_linearInterpolate                  
0047b33f  updateBuffer                                   
0047b3a9  vListInsert                                    
0047b413  EDMA_getBaseAddr                               
0047b47b  HWA_getHWAMemInfo                              
0047b4e9  frexp                                          
0047b4e9  frexpl                                         
0047b551  fseeko                                         
0047b5b9  getdevice                                      
0047b621  gtrack_vectorScalarMulAcc                      
0047b689  mmwDemo_trackerConfig                          
0047b757  DPU_DoaProc_process                            
0047b7bd  gtrack_matrixAdd                               
0047b823  gtrack_matrixSub                               
0047b889  gtrack_moduleReport                            
0047b8ef  CFAR_DET_HWA_prepareEdmaRunTime                
0047b9b9  HOSTrename                                     
0047ba1d  HWA_enableDoneInterrupt                        
0047ba81  SensorConfig                                   
0047bae5  featExtract_computeSpectralEntropy             
0047bb49  featExtract_cumulativeWeightedSum              
0047bbad  softmax_func_approx                            
0047bc11  timerCallbackDefcfg                            
0047bc75  vQueueWaitForMessageRestricted                 
0047bcd9  Board_driversClose                             
0047bce1  xPortPendSVHandler                             
0047be09  Flash_open                                     
0047bf2f  System_init                                    
0047bf91  __aeabi_dcmpeq                                 
0047bfa5  __aeabi_dcmplt                                 
0047bfb9  __aeabi_dcmple                                 
0047bfcd  __aeabi_dcmpge                                 
0047bfe1  __aeabi_dcmpgt                                 
0047c055  EDMAFreeChannelRegion                          
0047c0b5  MMWave_startLink                               
0047c115  __TI_wrt_ok                                    
0047c175  close                                          
0047c1d5  gtrack_vectorScalarMul                         
0047c235  main                                           
0047c295  printf                                         
0047c2f5  pxPortInitialiseStack                          
0047c353  trackerProc_dpuInit                            
0047c3b1  DPEDMA_setCcnt                                 
0047c40d  Module_clockSetFrequency                       
0047c469  __aeabi_d2ulz                                  
0047c469  __fixunsdfdi                                   
0047c4c5  xPortStartScheduler                            
0047c521  GPIO_setDirMode                                
0047c57b  QSPI_writeConfigMode                           
0047c5d5  gtrack_vectorAdd                               
0047c62f  gtrack_vectorSub                               
0047c6e3  CLI_write                                      
0047c7ed  HOSTlseek                                      
0047c845  HOSTopen                                       
0047c89d  MmwDemo_openSensor                             
0047c8f5  Power_getThresholds                            
0047c94d  SOC_virtToPhy                                  
0047c9a5  __cmpdf2                                       
0047c9a5  __eqdf2                                        
0047c9a5  __ledf2                                        
0047c9a5  __ltdf2                                        
0047c9a5  __nedf2                                        
0047c9fd  uDopProc_featuresCircularToLinear              
0047ca55  uDopProc_isTrackIdPresent                      
0047caad  DPEDMA_linkParamSets                           
0047cb03  EDMA_getHandle                                 
0047cb59  MMWave_listCat                                 
0047cc05  __TI_ltoa                                      
0047cc5b  mmwDemo_registerFrameStartInterrupt            
0047ccb1  HOSTread                                       
0047cd05  HOSTwrite                                      
0047cd59  PRCMSetPSCONDFTRTAOverride                     
0047ce01  __gedf2                                        
0047ce01  __gtdf2                                        
0047cea9  vQueueUnregisterQueue                          
0047cefd  Drivers_edmaClose                              
0047cf4f  EDMAReadIntrStatusRegion                       
0047cfa1  HWA_disableDoneInterrupt                       
0047cff3  MMWave_decodeError                             
0047d097  MmwDemo_configSensor                           
0047d0e9  PRCMPeripheralClkEnable                        
0047d13b  Pinmux_config                                  
0047d1df  vQueueAddToRegistry                            
0047d231  xQueueTakeMutexRecursive                       
0047d283  Board_flashClose                               
0047d2d3  Drivers_i2cClose                               
0047d323  Drivers_qspiClose                              
0047d373  Drivers_uartClose                              
0047d3c3  Module_clockEnable                             
0047d413  __TI_doflush                                   
0047d463  aoasvcProc_waitEdma                            
0047d4b3  gtrack_listEnqueue                             
0047d503  xQueueGiveMutexRecursive                       
0047d553  EDMAClrEvtRegion                               
0047d5a1  EDMAClrIntrRegion                              
0047d5ef  EDMADisableDmaEvtRegion                        
0047d63d  EDMADisableEvtIntrRegion                       
0047d68b  EDMAEnableDmaEvtRegion                         
0047d6d9  EDMASetEvtRegion                               
0047d775  QSPI_getHandle                                 
0047d7c3  __TI_rd_ok                                     
0047d85f  gtrack_listDequeue                             
0047d8ad  vPortTimerTickHandler                          
0047d8fb  EDMAEnableEvtIntrRegion                        
0047d947  EDMAMapQdmaChToPaRAM                           
0047d9df  PRCMLPDSWakeUpGPIOSelect                       
0047da2b  PRCMLPDSWakeUpSYNCIOSelect                     
0047da77  QSPI_readMemMapMode                            
0047db0f  featExtract_circularRotateVector               
0047dba7  HWA_setSoftwareTrigger                         
0047dbf1  QSPI_intClear                                  
0047dc3b  QSPI_intDisable                                
0047dccf  gtrack_matrixGetDiag                           
0047dd19  gtrack_matrixInit                              
0047dd63  vTaskDelay                                     
0047ddad  xQueueGenericCreateStatic                      
0047ddf7  _c_int00                                       
0047de41  DPU_MpdProc_config                             
0047de89  Flash_read                                     
0047ded1  Flash_write                                    
0047df19  SOC_rcmSetM4ClockSrc                           
0047df61  __aeabi_d2iz                                   
0047df61  __fixdfsi                                      
0047dfa9  featExtract_reverseVector                      
0047dff1  featExtract_vectorScalarMul                    
0047e039  rl_fecssRfFactoryCal                           
0047e081  rl_fecssRfRuntimeCal                           
0047e0c9  rl_fecssRlRuntimeTxClpcCal                     
0047e111  uxListRemove                                   
0047e159  MMWave_encodeError                             
0047e19f  MMWave_osalSemCreate                           
0047e22b  SOC_rcmStartMemInitTpcc                        
0047e271  SOC_triggerWarmReset                           
0047e411  HOSTunlink                                     
0047e455  HWA_reset                                      
0047e4dd  MMWaveMon_TxnSynthFreqCfg                      
0047e521  MMWave_listAdd                                 
0047e565  MMWave_osalMutexCreate                         
0047e5a9  SOC_controlModuleUnlockMMR                     
0047e6fd  __aeabi_d2uiz                                  
0047e6fd  __fixunsdfsi                                   
0047e785  featExtract_delete                             
0047e80d  uDopProc_countPointCloudPoints                 
0047e851  MMWave_listRemove                              
0047e917  featExtract_vectorSum                          
0047ea1b  Power_idleFunc                                 
0047ea9d  atoi                                           
0047eadd  gtrack_vectorInit                              
0047eb1d  localRead                                      
0047eb5d  mmwDemo_flashInit                              
0047ebdd  strtok                                         
0047ec1d  DPU_MpdProc_init                               
0047ec5b  Flash_eraseBlk                                 
0047ec99  MMWave_stopLink                                
0047ed91  rl_fecssDevClockCtrl                           
0047edcf  rl_fecssDevPwrOff                              
0047ee0d  rl_fecssDevRdifCtrl                            
0047ee4b  rl_fecssRfFactoryCalDataSet                    
0047ee89  rl_fecssRfPwrOnOff                             
0047eec7  rl_fecssRfRxTxCalDataGet                       
0047ef05  rl_fecssRfRxTxCalDataSet                       
0047ef43  rl_fecssTempMeasCfg                            
0047ef81  rl_fecssTempMeasTrig                           
0047efbf  rl_monLiveRxSaturationCfg                      
0047effd  rl_monLiveSynthFreqCfg                         
0047f03b  rl_sensChirpProfComnCfg                        
0047f079  rl_sensChirpProfTimeCfg                        
0047f0b7  rl_sensDynPwrSaveDis                           
0047f0f5  rl_sensFrameCfg                                
0047f133  rl_sensSensorStart                             
0047f171  rl_sensSensorStop                              
0047f1af  vPortSuppressTicksAndSleep                     
0047f1ed  DPEDMA_setDestinationAddress                   
0047f229  DPEDMA_setSourceAddress                        
0047f265  HOSTclose                                      
0047f2a1  HeapP_construct                                
0047f2dd  featExtract_specShiftAroundFreq                
0047f391  vsnprintf                                      
0047f3cd  DPU_TrackerProc_init                           
0047f407  SOC_controlModuleLockMMR                       
0047f47b  vListInsertEnd                                 
0047f605  EDMAQdmaClrMissEvtRegion                       
0047f63d  __aeabi_f2d                                    
0047f63d  __extendsfdf2                                  
0047f675  sprintf                                        
0047f6ad  xTaskGetSchedulerState                         
0047f6e5  __TI_auto_init_nobinit_nopinit                 
0047f71d  EDMADmaGetPaRAMEntry                           
0047f753  EDMA_getRegionId                               
0047f7bf  PRCMSlowClkCtrGet                              
0047f82d  __aeabi_ul2f                                   
0047f82d  __floatundisf                                  
0047f863  gtrack_alloc                                   
0047f899  vTaskPlaceOnEventListRestricted                
0047f8d1  __TI_cleanup                                   
0047f905  __TI_writemsg                                  
0047f92f  C$$IO$$                                        
0047f96d  xQueueCreateCountingSemaphoreStatic            
0047f9a1  ClockP_sleep                                   
0047f9d3  ClockP_timerTickIsr                            
0047fa05  EDMADmaSetPaRAMEntry                           
0047fa9b  aoasvcProc_setOutputEdmaCcnt                   
0047facd  doaProc_setOutputEdma                          
0047faff  xQueueCreateMutexStatic                        
0047fb31  Flash_close                                    
0047fb61  GPIO_pinWriteHigh                              
0047fb91  GPIO_pinWriteLow                               
0047fbf1  QSPI_setReadCmd                                
0047fc21  QSPI_setWriteCmd                               
0047fc51  __TI_readmsg                                   
0047fc81  __aeabi_dcmpun                                 
0047fc81  __unorddf2                                     
0047fce1  exit                                           
0047fd11  fopen                                          
0047fd71  sscanf                                         
0047fda1  vPortEnterCritical                             
0047fdd1  DPC_ObjDet_HwaDmaTrigSrcChanPoolAlloc          
0047fdff  DPEDMA_local2Global                            
0047fe2d  Power_getDependencyCount                       
0047fe5b  QSPI_EdmaParams_init                           
0047fe89  QSPI_readCmdParams_init                        
0047feb7  QSPI_writeCmdParams_init                       
0047fee5  TimerP_Params_init                             
0047ff13  UART_deinit                                    
0047ff41  __aeabi_i2d                                    
0047ff41  __floatsidf                                    
0047ff9d  gtrack_free                                    
0047ffcb  gtrack_unitGetC                                
0047fff9  ClockP_getTicks                                
60000000  gMmwL3                                         
6005ac00  gMmwCoreLocMem                                 
60061c00  gMmwCoreLocMem2                                
ffffffff  __TI_pprof_out_hndl                            
ffffffff  __TI_prof_data_size                            
ffffffff  __TI_prof_data_start                           
ffffffff  __binit__                                      
ffffffff  binit                                          
UNDEFED   __TI_CINIT_Base                                
UNDEFED   __TI_CINIT_Limit                               
UNDEFED   __TI_Handler_Table_Base                        
UNDEFED   __TI_Handler_Table_Limit                       
UNDEFED   _system_post_cinit                             

[1143 symbols]
